Archive member included to satisfy reference by file (symbol)

c:/intelfpga_lite/23.1std/nios2eds/bin/gnu/h-x86_64-mingw32/bin/../lib/gcc/nios2-elf/12.3.1/../../../../../H-x86_64-mingw32/nios2-elf/lib/mno-hw-mul\libsmallc.a(libc_a-puts.o)
                              obj/default/hello_world_small.o (puts)
c:/intelfpga_lite/23.1std/nios2eds/bin/gnu/h-x86_64-mingw32/bin/../lib/gcc/nios2-elf/12.3.1/../../../../../H-x86_64-mingw32/nios2-elf/lib/mno-hw-mul\libsmallc.a(libc_a-memcpy.o)
                              obj/default/hello_world_small.o (memcpy)
c:/intelfpga_lite/23.1std/nios2eds/bin/gnu/h-x86_64-mingw32/bin/../lib/gcc/nios2-elf/12.3.1/../../../../../H-x86_64-mingw32/nios2-elf/lib/mno-hw-mul\libsmallc.a(libc_a-memset.o)
                              obj/default/hello_world_small.o (memset)
c:/intelfpga_lite/23.1std/nios2eds/bin/gnu/h-x86_64-mingw32/bin/../lib/gcc/nios2-elf/12.3.1/../../../../../H-x86_64-mingw32/nios2-elf/lib/mno-hw-mul\libsmallc.a(libc_a-strlen.o)
                              c:/intelfpga_lite/23.1std/nios2eds/bin/gnu/h-x86_64-mingw32/bin/../lib/gcc/nios2-elf/12.3.1/../../../../../H-x86_64-mingw32/nios2-elf/lib/mno-hw-mul\libsmallc.a(libc_a-puts.o) (strlen)
c:/intelfpga_lite/23.1std/nios2eds/bin/gnu/h-x86_64-mingw32/bin/../lib/gcc/nios2-elf/12.3.1/../../../../../H-x86_64-mingw32/nios2-elf/lib/mno-hw-mul\libsmallc.a(libc_a-impure.o)
                              c:/intelfpga_lite/23.1std/nios2eds/bin/gnu/h-x86_64-mingw32/bin/../lib/gcc/nios2-elf/12.3.1/../../../../../H-x86_64-mingw32/nios2-elf/lib/mno-hw-mul\libsmallc.a(libc_a-puts.o) (_impure_ptr)
c:/intelfpga_lite/23.1std/nios2eds/bin/gnu/h-x86_64-mingw32/bin/../lib/gcc/nios2-elf/12.3.1/../../../../../H-x86_64-mingw32/nios2-elf/lib/mno-hw-mul\libsmallc.a(libc_a-fvwrite_small_dev.o)
                              c:/intelfpga_lite/23.1std/nios2eds/bin/gnu/h-x86_64-mingw32/bin/../lib/gcc/nios2-elf/12.3.1/../../../../../H-x86_64-mingw32/nios2-elf/lib/mno-hw-mul\libsmallc.a(libc_a-puts.o) (__sfvwrite_small_dev)
c:/intelfpga_lite/23.1std/nios2eds/bin/gnu/h-x86_64-mingw32/bin/../lib/gcc/nios2-elf/12.3.1/../../../../../H-x86_64-mingw32/nios2-elf/lib/mno-hw-mul\libsmallc.a(libc_a-writer.o)
                              c:/intelfpga_lite/23.1std/nios2eds/bin/gnu/h-x86_64-mingw32/bin/../lib/gcc/nios2-elf/12.3.1/../../../../../H-x86_64-mingw32/nios2-elf/lib/mno-hw-mul\libsmallc.a(libc_a-fvwrite_small_dev.o) (_write_r)
c:/intelfpga_lite/23.1std/nios2eds/bin/gnu/h-x86_64-mingw32/bin/../lib/gcc/nios2-elf/12.3.1/../../../../../H-x86_64-mingw32/nios2-elf/lib/mno-hw-mul\libsmallc.a(libc_a-int_errno.o)
                              c:/intelfpga_lite/23.1std/nios2eds/bin/gnu/h-x86_64-mingw32/bin/../lib/gcc/nios2-elf/12.3.1/../../../../../H-x86_64-mingw32/nios2-elf/lib/mno-hw-mul\libsmallc.a(libc_a-writer.o) (errno)
c:/Users/juane/OneDrive/Documentos/QUARTUS/PHI_03/software/display_bsp/\libhal_bsp.a(alt_load.o)
                              c:/Users/juane/OneDrive/Documentos/QUARTUS/PHI_03/software/display_bsp//obj/HAL/src/crt0.o (alt_load)
c:/Users/juane/OneDrive/Documentos/QUARTUS/PHI_03/software/display_bsp/\libhal_bsp.a(alt_main.o)
                              c:/Users/juane/OneDrive/Documentos/QUARTUS/PHI_03/software/display_bsp//obj/HAL/src/crt0.o (alt_main)
c:/Users/juane/OneDrive/Documentos/QUARTUS/PHI_03/software/display_bsp/\libhal_bsp.a(alt_usleep.o)
                              obj/default/hello_world_small.o (usleep)
c:/Users/juane/OneDrive/Documentos/QUARTUS/PHI_03/software/display_bsp/\libhal_bsp.a(alt_write.o)
                              c:/intelfpga_lite/23.1std/nios2eds/bin/gnu/h-x86_64-mingw32/bin/../lib/gcc/nios2-elf/12.3.1/../../../../../H-x86_64-mingw32/nios2-elf/lib/mno-hw-mul\libsmallc.a(libc_a-writer.o) (write)
c:/Users/juane/OneDrive/Documentos/QUARTUS/PHI_03/software/display_bsp/\libhal_bsp.a(alt_sys_init.o)
                              c:/Users/juane/OneDrive/Documentos/QUARTUS/PHI_03/software/display_bsp/\libhal_bsp.a(alt_main.o) (alt_irq_init)
c:/Users/juane/OneDrive/Documentos/QUARTUS/PHI_03/software/display_bsp/\libhal_bsp.a(altera_avalon_jtag_uart_write.o)
                              c:/Users/juane/OneDrive/Documentos/QUARTUS/PHI_03/software/display_bsp/\libhal_bsp.a(alt_write.o) (altera_avalon_jtag_uart_write)
c:/Users/juane/OneDrive/Documentos/QUARTUS/PHI_03/software/display_bsp/\libhal_bsp.a(alt_busy_sleep.o)
                              c:/Users/juane/OneDrive/Documentos/QUARTUS/PHI_03/software/display_bsp/\libhal_bsp.a(alt_usleep.o) (alt_busy_sleep)
c:/Users/juane/OneDrive/Documentos/QUARTUS/PHI_03/software/display_bsp/\libhal_bsp.a(alt_dcache_flush_all.o)
                              c:/Users/juane/OneDrive/Documentos/QUARTUS/PHI_03/software/display_bsp/\libhal_bsp.a(alt_load.o) (alt_dcache_flush_all)
c:/Users/juane/OneDrive/Documentos/QUARTUS/PHI_03/software/display_bsp/\libhal_bsp.a(alt_errno.o)
                              c:/Users/juane/OneDrive/Documentos/QUARTUS/PHI_03/software/display_bsp/\libhal_bsp.a(alt_write.o) (alt_errno)
c:/Users/juane/OneDrive/Documentos/QUARTUS/PHI_03/software/display_bsp/\libhal_bsp.a(alt_icache_flush_all.o)
                              c:/Users/juane/OneDrive/Documentos/QUARTUS/PHI_03/software/display_bsp/\libhal_bsp.a(alt_load.o) (alt_icache_flush_all)
c:/Users/juane/OneDrive/Documentos/QUARTUS/PHI_03/software/display_bsp/\libhal_bsp.a(altera_nios2_gen2_irq.o)
                              c:/Users/juane/OneDrive/Documentos/QUARTUS/PHI_03/software/display_bsp/\libhal_bsp.a(alt_sys_init.o) (altera_nios2_gen2_irq_init)
c:/intelfpga_lite/23.1std/nios2eds/bin/gnu/h-x86_64-mingw32/bin/../lib/gcc/nios2-elf/12.3.1/mno-hw-mul\libgcc.a(lib2-divmod.o)
                              c:/Users/juane/OneDrive/Documentos/QUARTUS/PHI_03/software/display_bsp/\libhal_bsp.a(alt_busy_sleep.o) (__udivsi3)
c:/intelfpga_lite/23.1std/nios2eds/bin/gnu/h-x86_64-mingw32/bin/../lib/gcc/nios2-elf/12.3.1/mno-hw-mul\libgcc.a(lib2-mul.o)
                              c:/Users/juane/OneDrive/Documentos/QUARTUS/PHI_03/software/display_bsp/\libhal_bsp.a(alt_busy_sleep.o) (__mulsi3)

Memory Configuration

Name             Origin             Length             Attributes
reset            0x00008000         0x00000020
onchip_memory2_0 0x00008020         0x00004e00
*default*        0x00000000         0xffffffff

Linker script and memory map

LOAD c:/Users/juane/OneDrive/Documentos/QUARTUS/PHI_03/software/display_bsp//obj/HAL/src/crt0.o
LOAD obj/default/hello_world_small.o
LOAD c:/intelfpga_lite/23.1std/nios2eds/bin/gnu/h-x86_64-mingw32/bin/../lib/gcc/nios2-elf/12.3.1/../../../../../H-x86_64-mingw32/nios2-elf/lib/mno-hw-mul\libstdc++.a
LOAD c:/intelfpga_lite/23.1std/nios2eds/bin/gnu/h-x86_64-mingw32/bin/../lib/gcc/nios2-elf/12.3.1/../../../../../H-x86_64-mingw32/nios2-elf/lib/mno-hw-mul\libm.a
LOAD c:/intelfpga_lite/23.1std/nios2eds/bin/gnu/h-x86_64-mingw32/bin/../lib/gcc/nios2-elf/12.3.1/mno-hw-mul\libgcc.a
START GROUP
LOAD c:/intelfpga_lite/23.1std/nios2eds/bin/gnu/h-x86_64-mingw32/bin/../lib/gcc/nios2-elf/12.3.1/../../../../../H-x86_64-mingw32/nios2-elf/lib/mno-hw-mul\libsmallc.a
LOAD c:/intelfpga_lite/23.1std/nios2eds/bin/gnu/h-x86_64-mingw32/bin/../lib/gcc/nios2-elf/12.3.1/mno-hw-mul\libgcc.a
LOAD c:/Users/juane/OneDrive/Documentos/QUARTUS/PHI_03/software/display_bsp/\libhal_bsp.a
LOAD c:/intelfpga_lite/23.1std/nios2eds/bin/gnu/h-x86_64-mingw32/bin/../lib/gcc/nios2-elf/12.3.1/../../../../../H-x86_64-mingw32/nios2-elf/lib/mno-hw-mul\libm.a
END GROUP
LOAD c:/intelfpga_lite/23.1std/nios2eds/bin/gnu/h-x86_64-mingw32/bin/../lib/gcc/nios2-elf/12.3.1/mno-hw-mul\libgcc.a
                0x00008000                        __alt_mem_onchip_memory2_0 = 0x8000

.entry          0x00008000       0x20
 *(.entry)
 .entry         0x00008000       0x20 c:/Users/juane/OneDrive/Documentos/QUARTUS/PHI_03/software/display_bsp//obj/HAL/src/crt0.o
                0x00008000                __reset
                0x0000800c                _exit

.exceptions     0x00008020        0x0
                0x00008020                        PROVIDE (__ram_exceptions_start = ABSOLUTE (.))
                0x00008020                        . = ALIGN (0x20)
 *(.irq)
 *(.exceptions.entry.label)
 *(.exceptions.entry.user)
 *(.exceptions.entry.ecc_fatal)
 *(.exceptions.entry)
 *(.exceptions.irqtest.user)
 *(.exceptions.irqtest)
 *(.exceptions.irqhandler.user)
 *(.exceptions.irqhandler)
 *(.exceptions.irqreturn.user)
 *(.exceptions.irqreturn)
 *(.exceptions.notirq.label)
 *(.exceptions.notirq.user)
 *(.exceptions.notirq)
 *(.exceptions.soft.user)
 *(.exceptions.soft)
 *(.exceptions.unknown.user)
 *(.exceptions.unknown)
 *(.exceptions.exit.label)
 *(.exceptions.exit.user)
 *(.exceptions.exit)
 *(.exceptions)
                0x00008020                        PROVIDE (__ram_exceptions_end = ABSOLUTE (.))
                0x00008020                        PROVIDE (__flash_exceptions_start = LOADADDR (.exceptions))

.text           0x00008020      0x718
                [!provide]                        PROVIDE (stext = ABSOLUTE (.))
 *(.interp)
 *(.hash)
 *(.dynsym)
 *(.dynstr)
 *(.gnu.version)
 *(.gnu.version_d)
 *(.gnu.version_r)
 *(.rel.init)
 *(.rela.init)
 *(.rel.text .rel.text.* .rel.gnu.linkonce.t.*)
 *(.rela.text .rela.text.* .rela.gnu.linkonce.t.*)
 *(.rel.fini)
 *(.rela.fini)
 *(.rel.rodata .rel.rodata.* .rel.gnu.linkonce.r.*)
 *(.rela.rodata .rela.rodata.* .rela.gnu.linkonce.r.*)
 *(.rel.data .rel.data.* .rel.gnu.linkonce.d.*)
 *(.rela.data .rela.data.* .rela.gnu.linkonce.d.*)
 *(.rel.tdata .rel.tdata.* .rel.gnu.linkonce.td.*)
 *(.rela.tdata .rela.tdata.* .rela.gnu.linkonce.td.*)
 *(.rel.tbss .rel.tbss.* .rel.gnu.linkonce.tb.*)
 *(.rela.tbss .rela.tbss.* .rela.gnu.linkonce.tb.*)
 *(.rel.ctors)
 *(.rela.ctors)
 *(.rel.dtors)
 *(.rela.dtors)
 *(.rel.got)
 *(.rela.got)
 *(.rel.sdata .rel.sdata.* .rel.gnu.linkonce.s.*)
 *(.rela.sdata .rela.sdata.* .rela.gnu.linkonce.s.*)
 *(.rel.sbss .rel.sbss.* .rel.gnu.linkonce.sb.*)
 *(.rela.sbss .rela.sbss.* .rela.gnu.linkonce.sb.*)
 *(.rel.sdata2 .rel.sdata2.* .rel.gnu.linkonce.s2.*)
 *(.rela.sdata2 .rela.sdata2.* .rela.gnu.linkonce.s2.*)
 *(.rel.sbss2 .rel.sbss2.* .rel.gnu.linkonce.sb2.*)
 *(.rela.sbss2 .rela.sbss2.* .rela.gnu.linkonce.sb2.*)
 *(.rel.bss .rel.bss.* .rel.gnu.linkonce.b.*)
 *(.rela.bss .rela.bss.* .rela.gnu.linkonce.b.*)
 *(.rel.plt)
 *(.rela.plt)
 *(.rel.dyn)
 *(.init)
 *(.plt)
 *(.text .stub .text.* .gnu.linkonce.t.*)
 .text          0x00008020       0x3c c:/Users/juane/OneDrive/Documentos/QUARTUS/PHI_03/software/display_bsp//obj/HAL/src/crt0.o
                0x00008020                _start
 .text          0x0000805c        0x0 obj/default/hello_world_small.o
 .text.startup  0x0000805c      0x110 obj/default/hello_world_small.o
                0x0000805c                main
 .text          0x0000816c        0x0 c:/intelfpga_lite/23.1std/nios2eds/bin/gnu/h-x86_64-mingw32/bin/../lib/gcc/nios2-elf/12.3.1/../../../../../H-x86_64-mingw32/nios2-elf/lib/mno-hw-mul\libsmallc.a(libc_a-puts.o)
 .text._puts_r  0x0000816c       0x80 c:/intelfpga_lite/23.1std/nios2eds/bin/gnu/h-x86_64-mingw32/bin/../lib/gcc/nios2-elf/12.3.1/../../../../../H-x86_64-mingw32/nios2-elf/lib/mno-hw-mul\libsmallc.a(libc_a-puts.o)
                0x0000816c                _puts_r
 .text.puts     0x000081ec       0x10 c:/intelfpga_lite/23.1std/nios2eds/bin/gnu/h-x86_64-mingw32/bin/../lib/gcc/nios2-elf/12.3.1/../../../../../H-x86_64-mingw32/nios2-elf/lib/mno-hw-mul\libsmallc.a(libc_a-puts.o)
                0x000081ec                puts
 .text          0x000081fc        0x0 c:/intelfpga_lite/23.1std/nios2eds/bin/gnu/h-x86_64-mingw32/bin/../lib/gcc/nios2-elf/12.3.1/../../../../../H-x86_64-mingw32/nios2-elf/lib/mno-hw-mul\libsmallc.a(libc_a-memcpy.o)
 .text.memcpy   0x000081fc       0x28 c:/intelfpga_lite/23.1std/nios2eds/bin/gnu/h-x86_64-mingw32/bin/../lib/gcc/nios2-elf/12.3.1/../../../../../H-x86_64-mingw32/nios2-elf/lib/mno-hw-mul\libsmallc.a(libc_a-memcpy.o)
                0x000081fc                memcpy
 .text          0x00008224        0x0 c:/intelfpga_lite/23.1std/nios2eds/bin/gnu/h-x86_64-mingw32/bin/../lib/gcc/nios2-elf/12.3.1/../../../../../H-x86_64-mingw32/nios2-elf/lib/mno-hw-mul\libsmallc.a(libc_a-memset.o)
 .text.memset   0x00008224       0x20 c:/intelfpga_lite/23.1std/nios2eds/bin/gnu/h-x86_64-mingw32/bin/../lib/gcc/nios2-elf/12.3.1/../../../../../H-x86_64-mingw32/nios2-elf/lib/mno-hw-mul\libsmallc.a(libc_a-memset.o)
                0x00008224                memset
 .text          0x00008244        0x0 c:/intelfpga_lite/23.1std/nios2eds/bin/gnu/h-x86_64-mingw32/bin/../lib/gcc/nios2-elf/12.3.1/../../../../../H-x86_64-mingw32/nios2-elf/lib/mno-hw-mul\libsmallc.a(libc_a-strlen.o)
 .text.strlen   0x00008244       0x1c c:/intelfpga_lite/23.1std/nios2eds/bin/gnu/h-x86_64-mingw32/bin/../lib/gcc/nios2-elf/12.3.1/../../../../../H-x86_64-mingw32/nios2-elf/lib/mno-hw-mul\libsmallc.a(libc_a-strlen.o)
                0x00008244                strlen
 .text          0x00008260        0x0 c:/intelfpga_lite/23.1std/nios2eds/bin/gnu/h-x86_64-mingw32/bin/../lib/gcc/nios2-elf/12.3.1/../../../../../H-x86_64-mingw32/nios2-elf/lib/mno-hw-mul\libsmallc.a(libc_a-impure.o)
 .text          0x00008260        0x0 c:/intelfpga_lite/23.1std/nios2eds/bin/gnu/h-x86_64-mingw32/bin/../lib/gcc/nios2-elf/12.3.1/../../../../../H-x86_64-mingw32/nios2-elf/lib/mno-hw-mul\libsmallc.a(libc_a-fvwrite_small_dev.o)
 .text.__sfvwrite_small_dev
                0x00008260       0xa8 c:/intelfpga_lite/23.1std/nios2eds/bin/gnu/h-x86_64-mingw32/bin/../lib/gcc/nios2-elf/12.3.1/../../../../../H-x86_64-mingw32/nios2-elf/lib/mno-hw-mul\libsmallc.a(libc_a-fvwrite_small_dev.o)
                0x00008260                __sfvwrite_small_dev
 .text          0x00008308        0x0 c:/intelfpga_lite/23.1std/nios2eds/bin/gnu/h-x86_64-mingw32/bin/../lib/gcc/nios2-elf/12.3.1/../../../../../H-x86_64-mingw32/nios2-elf/lib/mno-hw-mul\libsmallc.a(libc_a-writer.o)
 .text._write_r
                0x00008308       0x50 c:/intelfpga_lite/23.1std/nios2eds/bin/gnu/h-x86_64-mingw32/bin/../lib/gcc/nios2-elf/12.3.1/../../../../../H-x86_64-mingw32/nios2-elf/lib/mno-hw-mul\libsmallc.a(libc_a-writer.o)
                0x00008308                _write_r
 .text          0x00008358        0x0 c:/intelfpga_lite/23.1std/nios2eds/bin/gnu/h-x86_64-mingw32/bin/../lib/gcc/nios2-elf/12.3.1/../../../../../H-x86_64-mingw32/nios2-elf/lib/mno-hw-mul\libsmallc.a(libc_a-int_errno.o)
 .text          0x00008358       0x84 c:/Users/juane/OneDrive/Documentos/QUARTUS/PHI_03/software/display_bsp/\libhal_bsp.a(alt_load.o)
                0x00008358                alt_load
 .text          0x000083dc       0x2c c:/Users/juane/OneDrive/Documentos/QUARTUS/PHI_03/software/display_bsp/\libhal_bsp.a(alt_main.o)
                0x000083dc                alt_main
 .text          0x00008408        0x4 c:/Users/juane/OneDrive/Documentos/QUARTUS/PHI_03/software/display_bsp/\libhal_bsp.a(alt_usleep.o)
                0x00008408                usleep
 .text          0x0000840c       0x5c c:/Users/juane/OneDrive/Documentos/QUARTUS/PHI_03/software/display_bsp/\libhal_bsp.a(alt_write.o)
                0x0000840c                write
 .text          0x00008468       0x24 c:/Users/juane/OneDrive/Documentos/QUARTUS/PHI_03/software/display_bsp/\libhal_bsp.a(alt_sys_init.o)
                0x00008468                alt_irq_init
                0x00008488                alt_sys_init
 .text          0x0000848c       0x30 c:/Users/juane/OneDrive/Documentos/QUARTUS/PHI_03/software/display_bsp/\libhal_bsp.a(altera_avalon_jtag_uart_write.o)
                0x0000848c                altera_avalon_jtag_uart_write
 .text          0x000084bc       0x90 c:/Users/juane/OneDrive/Documentos/QUARTUS/PHI_03/software/display_bsp/\libhal_bsp.a(alt_busy_sleep.o)
                0x000084bc                alt_busy_sleep
 .text          0x0000854c        0x4 c:/Users/juane/OneDrive/Documentos/QUARTUS/PHI_03/software/display_bsp/\libhal_bsp.a(alt_dcache_flush_all.o)
                0x0000854c                alt_dcache_flush_all
 .text          0x00008550        0x0 c:/Users/juane/OneDrive/Documentos/QUARTUS/PHI_03/software/display_bsp/\libhal_bsp.a(alt_errno.o)
 .text          0x00008550        0x4 c:/Users/juane/OneDrive/Documentos/QUARTUS/PHI_03/software/display_bsp/\libhal_bsp.a(alt_icache_flush_all.o)
                0x00008550                alt_icache_flush_all
 .text          0x00008554        0x8 c:/Users/juane/OneDrive/Documentos/QUARTUS/PHI_03/software/display_bsp/\libhal_bsp.a(altera_nios2_gen2_irq.o)
                0x00008554                altera_nios2_gen2_irq_init
 .text          0x0000855c      0x1b4 c:/intelfpga_lite/23.1std/nios2eds/bin/gnu/h-x86_64-mingw32/bin/../lib/gcc/nios2-elf/12.3.1/mno-hw-mul\libgcc.a(lib2-divmod.o)
                0x0000855c                __divsi3
                0x000085dc                __modsi3
                0x00008650                __udivsi3
                0x000086b4                __umodsi3
 .text          0x00008710       0x28 c:/intelfpga_lite/23.1std/nios2eds/bin/gnu/h-x86_64-mingw32/bin/../lib/gcc/nios2-elf/12.3.1/mno-hw-mul\libgcc.a(lib2-mul.o)
                0x00008710                __mulsi3
 *(.gnu.warning.*)
 *(.fini)
                [!provide]                        PROVIDE (__etext = ABSOLUTE (.))
                [!provide]                        PROVIDE (_etext = ABSOLUTE (.))
                [!provide]                        PROVIDE (etext = ABSOLUTE (.))
 *(.eh_frame_hdr)
                0x00008738                        . = ALIGN (0x4)
                [!provide]                        PROVIDE (__preinit_array_start = ABSOLUTE (.))
 *(.preinit_array)
                [!provide]                        PROVIDE (__preinit_array_end = ABSOLUTE (.))
                [!provide]                        PROVIDE (__init_array_start = ABSOLUTE (.))
 *(SORT_BY_INIT_PRIORITY(.init_array.*))
 *(.init_array)
                [!provide]                        PROVIDE (__init_array_end = ABSOLUTE (.))
                [!provide]                        PROVIDE (__fini_array_start = ABSOLUTE (.))
 *(.fini_array)
                [!provide]                        PROVIDE (__fini_array_end = ABSOLUTE (.))
 *(.eh_frame)
 *(.gcc_except_table .gcc_except_table.*)
 *(.dynamic)
                [!provide]                        PROVIDE (__CTOR_LIST__ = ABSOLUTE (.))
 *(.ctors)
 *(SORT_BY_NAME(.ctors.*))
                [!provide]                        PROVIDE (__CTOR_END__ = ABSOLUTE (.))
                [!provide]                        PROVIDE (__DTOR_LIST__ = ABSOLUTE (.))
 *(.dtors)
 *(SORT_BY_NAME(.dtors.*))
                [!provide]                        PROVIDE (__DTOR_END__ = ABSOLUTE (.))
 *(.jcr)
                0x00008738                        . = ALIGN (0x4)

.rodata         0x00008738      0x140
                0x00008738                        PROVIDE (__ram_rodata_start = ABSOLUTE (.))
                0x00008738                        . = ALIGN (0x4)
 *(.rodata .rodata.* .gnu.linkonce.r.*)
 .rodata.str1.4
                0x00008738      0x11a obj/default/hello_world_small.o
 *fill*         0x00008852        0x2 
 .rodata        0x00008854       0x20 obj/default/hello_world_small.o
 .rodata._puts_r.str1.4
                0x00008874        0x2 c:/intelfpga_lite/23.1std/nios2eds/bin/gnu/h-x86_64-mingw32/bin/../lib/gcc/nios2-elf/12.3.1/../../../../../H-x86_64-mingw32/nios2-elf/lib/mno-hw-mul\libsmallc.a(libc_a-puts.o)
 *(.rodata1)
                0x00008878                        . = ALIGN (0x4)
 *fill*         0x00008876        0x2 
                0x00008878                        PROVIDE (__ram_rodata_end = ABSOLUTE (.))
                0x00008738                        PROVIDE (__flash_rodata_start = LOADADDR (.rodata))

.rwdata         0x00008878       0x64 load address 0x000088dc
                0x00008878                        PROVIDE (__ram_rwdata_start = ABSOLUTE (.))
                0x00008878                        . = ALIGN (0x4)
 *(.got.plt)
 *(.got)
 *(.data1)
 *(.data .data.* .gnu.linkonce.d.*)
 .data          0x00008878        0x0 c:/Users/juane/OneDrive/Documentos/QUARTUS/PHI_03/software/display_bsp//obj/HAL/src/crt0.o
 .data          0x00008878        0x0 obj/default/hello_world_small.o
 .data          0x00008878        0x0 c:/intelfpga_lite/23.1std/nios2eds/bin/gnu/h-x86_64-mingw32/bin/../lib/gcc/nios2-elf/12.3.1/../../../../../H-x86_64-mingw32/nios2-elf/lib/mno-hw-mul\libsmallc.a(libc_a-puts.o)
 .data          0x00008878        0x0 c:/intelfpga_lite/23.1std/nios2eds/bin/gnu/h-x86_64-mingw32/bin/../lib/gcc/nios2-elf/12.3.1/../../../../../H-x86_64-mingw32/nios2-elf/lib/mno-hw-mul\libsmallc.a(libc_a-memcpy.o)
 .data          0x00008878        0x0 c:/intelfpga_lite/23.1std/nios2eds/bin/gnu/h-x86_64-mingw32/bin/../lib/gcc/nios2-elf/12.3.1/../../../../../H-x86_64-mingw32/nios2-elf/lib/mno-hw-mul\libsmallc.a(libc_a-memset.o)
 .data          0x00008878        0x0 c:/intelfpga_lite/23.1std/nios2eds/bin/gnu/h-x86_64-mingw32/bin/../lib/gcc/nios2-elf/12.3.1/../../../../../H-x86_64-mingw32/nios2-elf/lib/mno-hw-mul\libsmallc.a(libc_a-strlen.o)
 .data          0x00008878        0x0 c:/intelfpga_lite/23.1std/nios2eds/bin/gnu/h-x86_64-mingw32/bin/../lib/gcc/nios2-elf/12.3.1/../../../../../H-x86_64-mingw32/nios2-elf/lib/mno-hw-mul\libsmallc.a(libc_a-impure.o)
 .data._impure_data
                0x00008878       0x54 c:/intelfpga_lite/23.1std/nios2eds/bin/gnu/h-x86_64-mingw32/bin/../lib/gcc/nios2-elf/12.3.1/../../../../../H-x86_64-mingw32/nios2-elf/lib/mno-hw-mul\libsmallc.a(libc_a-impure.o)
                0x00008878                _impure_data
 .data          0x000088cc        0x0 c:/intelfpga_lite/23.1std/nios2eds/bin/gnu/h-x86_64-mingw32/bin/../lib/gcc/nios2-elf/12.3.1/../../../../../H-x86_64-mingw32/nios2-elf/lib/mno-hw-mul\libsmallc.a(libc_a-fvwrite_small_dev.o)
 .data          0x000088cc        0x0 c:/intelfpga_lite/23.1std/nios2eds/bin/gnu/h-x86_64-mingw32/bin/../lib/gcc/nios2-elf/12.3.1/../../../../../H-x86_64-mingw32/nios2-elf/lib/mno-hw-mul\libsmallc.a(libc_a-writer.o)
 .data          0x000088cc        0x0 c:/intelfpga_lite/23.1std/nios2eds/bin/gnu/h-x86_64-mingw32/bin/../lib/gcc/nios2-elf/12.3.1/../../../../../H-x86_64-mingw32/nios2-elf/lib/mno-hw-mul\libsmallc.a(libc_a-int_errno.o)
 .data          0x000088cc        0x0 c:/Users/juane/OneDrive/Documentos/QUARTUS/PHI_03/software/display_bsp/\libhal_bsp.a(alt_load.o)
 .data          0x000088cc        0x0 c:/Users/juane/OneDrive/Documentos/QUARTUS/PHI_03/software/display_bsp/\libhal_bsp.a(alt_main.o)
 .data          0x000088cc        0x0 c:/Users/juane/OneDrive/Documentos/QUARTUS/PHI_03/software/display_bsp/\libhal_bsp.a(alt_usleep.o)
 .data          0x000088cc        0x0 c:/Users/juane/OneDrive/Documentos/QUARTUS/PHI_03/software/display_bsp/\libhal_bsp.a(alt_write.o)
 .data          0x000088cc        0x0 c:/Users/juane/OneDrive/Documentos/QUARTUS/PHI_03/software/display_bsp/\libhal_bsp.a(alt_sys_init.o)
 .data          0x000088cc        0x0 c:/Users/juane/OneDrive/Documentos/QUARTUS/PHI_03/software/display_bsp/\libhal_bsp.a(altera_avalon_jtag_uart_write.o)
 .data          0x000088cc        0x0 c:/Users/juane/OneDrive/Documentos/QUARTUS/PHI_03/software/display_bsp/\libhal_bsp.a(alt_busy_sleep.o)
 .data          0x000088cc        0x0 c:/Users/juane/OneDrive/Documentos/QUARTUS/PHI_03/software/display_bsp/\libhal_bsp.a(alt_dcache_flush_all.o)
 .data          0x000088cc        0x0 c:/Users/juane/OneDrive/Documentos/QUARTUS/PHI_03/software/display_bsp/\libhal_bsp.a(alt_errno.o)
 .data          0x000088cc        0x0 c:/Users/juane/OneDrive/Documentos/QUARTUS/PHI_03/software/display_bsp/\libhal_bsp.a(alt_icache_flush_all.o)
 .data          0x000088cc        0x0 c:/Users/juane/OneDrive/Documentos/QUARTUS/PHI_03/software/display_bsp/\libhal_bsp.a(altera_nios2_gen2_irq.o)
 .data          0x000088cc        0x0 c:/intelfpga_lite/23.1std/nios2eds/bin/gnu/h-x86_64-mingw32/bin/../lib/gcc/nios2-elf/12.3.1/mno-hw-mul\libgcc.a(lib2-divmod.o)
 .data          0x000088cc        0x0 c:/intelfpga_lite/23.1std/nios2eds/bin/gnu/h-x86_64-mingw32/bin/../lib/gcc/nios2-elf/12.3.1/mno-hw-mul\libgcc.a(lib2-mul.o)
                0x000108cc                        _gp = ABSOLUTE ((. + 0x8000))
                [!provide]                        PROVIDE (gp = _gp)
 *(.rwdata .rwdata.*)
 *(.sdata .sdata.* .gnu.linkonce.s.*)
 .sdata._impure_ptr
                0x000088cc        0x4 c:/intelfpga_lite/23.1std/nios2eds/bin/gnu/h-x86_64-mingw32/bin/../lib/gcc/nios2-elf/12.3.1/../../../../../H-x86_64-mingw32/nios2-elf/lib/mno-hw-mul\libsmallc.a(libc_a-impure.o)
                0x000088cc                _impure_ptr
 .sdata         0x000088d0        0x8 c:/Users/juane/OneDrive/Documentos/QUARTUS/PHI_03/software/display_bsp/\libhal_bsp.a(alt_sys_init.o)
                0x000088d0                uart_0
                0x000088d4                jtag_uart_0
 .sdata         0x000088d8        0x4 c:/Users/juane/OneDrive/Documentos/QUARTUS/PHI_03/software/display_bsp/\libhal_bsp.a(alt_errno.o)
                0x000088d8                alt_errno
 *(.sdata2 .sdata2.* .gnu.linkonce.s2.*)
                0x000088dc                        . = ALIGN (0x4)
                0x000088dc                        _edata = ABSOLUTE (.)
                [!provide]                        PROVIDE (edata = ABSOLUTE (.))
                0x000088dc                        PROVIDE (__ram_rwdata_end = ABSOLUTE (.))
                0x000088dc                        PROVIDE (__flash_rwdata_start = LOADADDR (.rwdata))

.bss            0x00008940       0x10
                0x00008940                        __bss_start = ABSOLUTE (.)
                [!provide]                        PROVIDE (__sbss_start = ABSOLUTE (.))
                [!provide]                        PROVIDE (___sbss_start = ABSOLUTE (.))
 *(.dynsbss)
 *(.sbss .sbss.* .gnu.linkonce.sb.*)
 .sbss.errno    0x00008940        0x4 c:/intelfpga_lite/23.1std/nios2eds/bin/gnu/h-x86_64-mingw32/bin/../lib/gcc/nios2-elf/12.3.1/../../../../../H-x86_64-mingw32/nios2-elf/lib/mno-hw-mul\libsmallc.a(libc_a-int_errno.o)
                0x00008940                errno
 .sbss          0x00008944        0xc c:/Users/juane/OneDrive/Documentos/QUARTUS/PHI_03/software/display_bsp/\libhal_bsp.a(alt_main.o)
                0x00008944                alt_envp
                0x00008948                alt_argv
                0x0000894c                alt_argc
 *(.sbss2 .sbss2.* .gnu.linkonce.sb2.*)
 *(.scommon)
                [!provide]                        PROVIDE (__sbss_end = ABSOLUTE (.))
                [!provide]                        PROVIDE (___sbss_end = ABSOLUTE (.))
 *(.dynbss)
 *(.bss .bss.* .gnu.linkonce.b.*)
 .bss           0x00008950        0x0 c:/Users/juane/OneDrive/Documentos/QUARTUS/PHI_03/software/display_bsp//obj/HAL/src/crt0.o
 .bss           0x00008950        0x0 obj/default/hello_world_small.o
 .bss           0x00008950        0x0 c:/intelfpga_lite/23.1std/nios2eds/bin/gnu/h-x86_64-mingw32/bin/../lib/gcc/nios2-elf/12.3.1/../../../../../H-x86_64-mingw32/nios2-elf/lib/mno-hw-mul\libsmallc.a(libc_a-puts.o)
 .bss           0x00008950        0x0 c:/intelfpga_lite/23.1std/nios2eds/bin/gnu/h-x86_64-mingw32/bin/../lib/gcc/nios2-elf/12.3.1/../../../../../H-x86_64-mingw32/nios2-elf/lib/mno-hw-mul\libsmallc.a(libc_a-memcpy.o)
 .bss           0x00008950        0x0 c:/intelfpga_lite/23.1std/nios2eds/bin/gnu/h-x86_64-mingw32/bin/../lib/gcc/nios2-elf/12.3.1/../../../../../H-x86_64-mingw32/nios2-elf/lib/mno-hw-mul\libsmallc.a(libc_a-memset.o)
 .bss           0x00008950        0x0 c:/intelfpga_lite/23.1std/nios2eds/bin/gnu/h-x86_64-mingw32/bin/../lib/gcc/nios2-elf/12.3.1/../../../../../H-x86_64-mingw32/nios2-elf/lib/mno-hw-mul\libsmallc.a(libc_a-strlen.o)
 .bss           0x00008950        0x0 c:/intelfpga_lite/23.1std/nios2eds/bin/gnu/h-x86_64-mingw32/bin/../lib/gcc/nios2-elf/12.3.1/../../../../../H-x86_64-mingw32/nios2-elf/lib/mno-hw-mul\libsmallc.a(libc_a-impure.o)
 .bss           0x00008950        0x0 c:/intelfpga_lite/23.1std/nios2eds/bin/gnu/h-x86_64-mingw32/bin/../lib/gcc/nios2-elf/12.3.1/../../../../../H-x86_64-mingw32/nios2-elf/lib/mno-hw-mul\libsmallc.a(libc_a-fvwrite_small_dev.o)
 .bss           0x00008950        0x0 c:/intelfpga_lite/23.1std/nios2eds/bin/gnu/h-x86_64-mingw32/bin/../lib/gcc/nios2-elf/12.3.1/../../../../../H-x86_64-mingw32/nios2-elf/lib/mno-hw-mul\libsmallc.a(libc_a-writer.o)
 .bss           0x00008950        0x0 c:/intelfpga_lite/23.1std/nios2eds/bin/gnu/h-x86_64-mingw32/bin/../lib/gcc/nios2-elf/12.3.1/../../../../../H-x86_64-mingw32/nios2-elf/lib/mno-hw-mul\libsmallc.a(libc_a-int_errno.o)
 .bss           0x00008950        0x0 c:/Users/juane/OneDrive/Documentos/QUARTUS/PHI_03/software/display_bsp/\libhal_bsp.a(alt_load.o)
 .bss           0x00008950        0x0 c:/Users/juane/OneDrive/Documentos/QUARTUS/PHI_03/software/display_bsp/\libhal_bsp.a(alt_main.o)
 .bss           0x00008950        0x0 c:/Users/juane/OneDrive/Documentos/QUARTUS/PHI_03/software/display_bsp/\libhal_bsp.a(alt_usleep.o)
 .bss           0x00008950        0x0 c:/Users/juane/OneDrive/Documentos/QUARTUS/PHI_03/software/display_bsp/\libhal_bsp.a(alt_write.o)
 .bss           0x00008950        0x0 c:/Users/juane/OneDrive/Documentos/QUARTUS/PHI_03/software/display_bsp/\libhal_bsp.a(alt_sys_init.o)
 .bss           0x00008950        0x0 c:/Users/juane/OneDrive/Documentos/QUARTUS/PHI_03/software/display_bsp/\libhal_bsp.a(altera_avalon_jtag_uart_write.o)
 .bss           0x00008950        0x0 c:/Users/juane/OneDrive/Documentos/QUARTUS/PHI_03/software/display_bsp/\libhal_bsp.a(alt_busy_sleep.o)
 .bss           0x00008950        0x0 c:/Users/juane/OneDrive/Documentos/QUARTUS/PHI_03/software/display_bsp/\libhal_bsp.a(alt_dcache_flush_all.o)
 .bss           0x00008950        0x0 c:/Users/juane/OneDrive/Documentos/QUARTUS/PHI_03/software/display_bsp/\libhal_bsp.a(alt_errno.o)
 .bss           0x00008950        0x0 c:/Users/juane/OneDrive/Documentos/QUARTUS/PHI_03/software/display_bsp/\libhal_bsp.a(alt_icache_flush_all.o)
 .bss           0x00008950        0x0 c:/Users/juane/OneDrive/Documentos/QUARTUS/PHI_03/software/display_bsp/\libhal_bsp.a(altera_nios2_gen2_irq.o)
 .bss           0x00008950        0x0 c:/intelfpga_lite/23.1std/nios2eds/bin/gnu/h-x86_64-mingw32/bin/../lib/gcc/nios2-elf/12.3.1/mno-hw-mul\libgcc.a(lib2-divmod.o)
 .bss           0x00008950        0x0 c:/intelfpga_lite/23.1std/nios2eds/bin/gnu/h-x86_64-mingw32/bin/../lib/gcc/nios2-elf/12.3.1/mno-hw-mul\libgcc.a(lib2-mul.o)
 *(COMMON)
                0x00008950                        . = ALIGN (0x4)
                0x00008950                        __bss_end = ABSOLUTE (.)

.onchip_memory2_0
                0x00008950        0x0
                [!provide]                        PROVIDE (_alt_partition_onchip_memory2_0_start = ABSOLUTE (.))
 *(.onchip_memory2_0 .onchip_memory2_0. onchip_memory2_0.*)
                0x00008950                        . = ALIGN (0x4)
                [!provide]                        PROVIDE (_alt_partition_onchip_memory2_0_end = ABSOLUTE (.))
                0x00008950                        _end = ABSOLUTE (.)
                0x00008950                        end = ABSOLUTE (.)
                0x00008950                        __alt_stack_base = ABSOLUTE (.)
                [!provide]                        PROVIDE (_alt_partition_onchip_memory2_0_load_addr = LOADADDR (.onchip_memory2_0))

.stab
 *(.stab)

.stabstr
 *(.stabstr)

.stab.excl
 *(.stab.excl)

.stab.exclstr
 *(.stab.exclstr)

.stab.index
 *(.stab.index)

.stab.indexstr
 *(.stab.indexstr)

.comment        0x00000000       0x2d
 *(.comment)
 .comment       0x00000000       0x2d obj/default/hello_world_small.o
                                 0x2e (size before relaxing)
 .comment       0x0000002d       0x2e c:/intelfpga_lite/23.1std/nios2eds/bin/gnu/h-x86_64-mingw32/bin/../lib/gcc/nios2-elf/12.3.1/../../../../../H-x86_64-mingw32/nios2-elf/lib/mno-hw-mul\libsmallc.a(libc_a-puts.o)
 .comment       0x0000002d       0x2e c:/intelfpga_lite/23.1std/nios2eds/bin/gnu/h-x86_64-mingw32/bin/../lib/gcc/nios2-elf/12.3.1/../../../../../H-x86_64-mingw32/nios2-elf/lib/mno-hw-mul\libsmallc.a(libc_a-memcpy.o)
 .comment       0x0000002d       0x2e c:/intelfpga_lite/23.1std/nios2eds/bin/gnu/h-x86_64-mingw32/bin/../lib/gcc/nios2-elf/12.3.1/../../../../../H-x86_64-mingw32/nios2-elf/lib/mno-hw-mul\libsmallc.a(libc_a-memset.o)
 .comment       0x0000002d       0x2e c:/intelfpga_lite/23.1std/nios2eds/bin/gnu/h-x86_64-mingw32/bin/../lib/gcc/nios2-elf/12.3.1/../../../../../H-x86_64-mingw32/nios2-elf/lib/mno-hw-mul\libsmallc.a(libc_a-strlen.o)
 .comment       0x0000002d       0x2e c:/intelfpga_lite/23.1std/nios2eds/bin/gnu/h-x86_64-mingw32/bin/../lib/gcc/nios2-elf/12.3.1/../../../../../H-x86_64-mingw32/nios2-elf/lib/mno-hw-mul\libsmallc.a(libc_a-impure.o)
 .comment       0x0000002d       0x2e c:/intelfpga_lite/23.1std/nios2eds/bin/gnu/h-x86_64-mingw32/bin/../lib/gcc/nios2-elf/12.3.1/../../../../../H-x86_64-mingw32/nios2-elf/lib/mno-hw-mul\libsmallc.a(libc_a-fvwrite_small_dev.o)
 .comment       0x0000002d       0x2e c:/intelfpga_lite/23.1std/nios2eds/bin/gnu/h-x86_64-mingw32/bin/../lib/gcc/nios2-elf/12.3.1/../../../../../H-x86_64-mingw32/nios2-elf/lib/mno-hw-mul\libsmallc.a(libc_a-writer.o)
 .comment       0x0000002d       0x2e c:/intelfpga_lite/23.1std/nios2eds/bin/gnu/h-x86_64-mingw32/bin/../lib/gcc/nios2-elf/12.3.1/../../../../../H-x86_64-mingw32/nios2-elf/lib/mno-hw-mul\libsmallc.a(libc_a-int_errno.o)
 .comment       0x0000002d       0x2e c:/Users/juane/OneDrive/Documentos/QUARTUS/PHI_03/software/display_bsp/\libhal_bsp.a(alt_load.o)
 .comment       0x0000002d       0x2e c:/Users/juane/OneDrive/Documentos/QUARTUS/PHI_03/software/display_bsp/\libhal_bsp.a(alt_main.o)
 .comment       0x0000002d       0x2e c:/Users/juane/OneDrive/Documentos/QUARTUS/PHI_03/software/display_bsp/\libhal_bsp.a(alt_usleep.o)
 .comment       0x0000002d       0x2e c:/Users/juane/OneDrive/Documentos/QUARTUS/PHI_03/software/display_bsp/\libhal_bsp.a(alt_write.o)
 .comment       0x0000002d       0x2e c:/Users/juane/OneDrive/Documentos/QUARTUS/PHI_03/software/display_bsp/\libhal_bsp.a(alt_sys_init.o)
 .comment       0x0000002d       0x2e c:/Users/juane/OneDrive/Documentos/QUARTUS/PHI_03/software/display_bsp/\libhal_bsp.a(altera_avalon_jtag_uart_write.o)
 .comment       0x0000002d       0x2e c:/Users/juane/OneDrive/Documentos/QUARTUS/PHI_03/software/display_bsp/\libhal_bsp.a(alt_busy_sleep.o)
 .comment       0x0000002d       0x2e c:/Users/juane/OneDrive/Documentos/QUARTUS/PHI_03/software/display_bsp/\libhal_bsp.a(alt_dcache_flush_all.o)
 .comment       0x0000002d       0x2e c:/Users/juane/OneDrive/Documentos/QUARTUS/PHI_03/software/display_bsp/\libhal_bsp.a(alt_errno.o)
 .comment       0x0000002d       0x2e c:/Users/juane/OneDrive/Documentos/QUARTUS/PHI_03/software/display_bsp/\libhal_bsp.a(alt_icache_flush_all.o)
 .comment       0x0000002d       0x2e c:/Users/juane/OneDrive/Documentos/QUARTUS/PHI_03/software/display_bsp/\libhal_bsp.a(altera_nios2_gen2_irq.o)
 .comment       0x0000002d       0x2e c:/intelfpga_lite/23.1std/nios2eds/bin/gnu/h-x86_64-mingw32/bin/../lib/gcc/nios2-elf/12.3.1/mno-hw-mul\libgcc.a(lib2-divmod.o)
 .comment       0x0000002d       0x2e c:/intelfpga_lite/23.1std/nios2eds/bin/gnu/h-x86_64-mingw32/bin/../lib/gcc/nios2-elf/12.3.1/mno-hw-mul\libgcc.a(lib2-mul.o)

.debug
 *(.debug)

.line
 *(.line)

.debug_srcinfo
 *(.debug_srcinfo)

.debug_sfnames
 *(.debug_sfnames)

.debug_aranges  0x00000000      0x2d8
 *(.debug_aranges)
 .debug_aranges
                0x00000000       0x28 c:/Users/juane/OneDrive/Documentos/QUARTUS/PHI_03/software/display_bsp//obj/HAL/src/crt0.o
 .debug_aranges
                0x00000028       0x20 obj/default/hello_world_small.o
 .debug_aranges
                0x00000048       0x28 c:/intelfpga_lite/23.1std/nios2eds/bin/gnu/h-x86_64-mingw32/bin/../lib/gcc/nios2-elf/12.3.1/../../../../../H-x86_64-mingw32/nios2-elf/lib/mno-hw-mul\libsmallc.a(libc_a-puts.o)
 .debug_aranges
                0x00000070       0x20 c:/intelfpga_lite/23.1std/nios2eds/bin/gnu/h-x86_64-mingw32/bin/../lib/gcc/nios2-elf/12.3.1/../../../../../H-x86_64-mingw32/nios2-elf/lib/mno-hw-mul\libsmallc.a(libc_a-memcpy.o)
 .debug_aranges
                0x00000090       0x20 c:/intelfpga_lite/23.1std/nios2eds/bin/gnu/h-x86_64-mingw32/bin/../lib/gcc/nios2-elf/12.3.1/../../../../../H-x86_64-mingw32/nios2-elf/lib/mno-hw-mul\libsmallc.a(libc_a-memset.o)
 .debug_aranges
                0x000000b0       0x20 c:/intelfpga_lite/23.1std/nios2eds/bin/gnu/h-x86_64-mingw32/bin/../lib/gcc/nios2-elf/12.3.1/../../../../../H-x86_64-mingw32/nios2-elf/lib/mno-hw-mul\libsmallc.a(libc_a-strlen.o)
 .debug_aranges
                0x000000d0       0x18 c:/intelfpga_lite/23.1std/nios2eds/bin/gnu/h-x86_64-mingw32/bin/../lib/gcc/nios2-elf/12.3.1/../../../../../H-x86_64-mingw32/nios2-elf/lib/mno-hw-mul\libsmallc.a(libc_a-impure.o)
 .debug_aranges
                0x000000e8       0x20 c:/intelfpga_lite/23.1std/nios2eds/bin/gnu/h-x86_64-mingw32/bin/../lib/gcc/nios2-elf/12.3.1/../../../../../H-x86_64-mingw32/nios2-elf/lib/mno-hw-mul\libsmallc.a(libc_a-fvwrite_small_dev.o)
 .debug_aranges
                0x00000108       0x20 c:/intelfpga_lite/23.1std/nios2eds/bin/gnu/h-x86_64-mingw32/bin/../lib/gcc/nios2-elf/12.3.1/../../../../../H-x86_64-mingw32/nios2-elf/lib/mno-hw-mul\libsmallc.a(libc_a-writer.o)
 .debug_aranges
                0x00000128       0x18 c:/intelfpga_lite/23.1std/nios2eds/bin/gnu/h-x86_64-mingw32/bin/../lib/gcc/nios2-elf/12.3.1/../../../../../H-x86_64-mingw32/nios2-elf/lib/mno-hw-mul\libsmallc.a(libc_a-int_errno.o)
 .debug_aranges
                0x00000140       0x20 c:/Users/juane/OneDrive/Documentos/QUARTUS/PHI_03/software/display_bsp/\libhal_bsp.a(alt_load.o)
 .debug_aranges
                0x00000160       0x20 c:/Users/juane/OneDrive/Documentos/QUARTUS/PHI_03/software/display_bsp/\libhal_bsp.a(alt_main.o)
 .debug_aranges
                0x00000180       0x20 c:/Users/juane/OneDrive/Documentos/QUARTUS/PHI_03/software/display_bsp/\libhal_bsp.a(alt_usleep.o)
 .debug_aranges
                0x000001a0       0x20 c:/Users/juane/OneDrive/Documentos/QUARTUS/PHI_03/software/display_bsp/\libhal_bsp.a(alt_write.o)
 .debug_aranges
                0x000001c0       0x20 c:/Users/juane/OneDrive/Documentos/QUARTUS/PHI_03/software/display_bsp/\libhal_bsp.a(alt_sys_init.o)
 .debug_aranges
                0x000001e0       0x20 c:/Users/juane/OneDrive/Documentos/QUARTUS/PHI_03/software/display_bsp/\libhal_bsp.a(altera_avalon_jtag_uart_write.o)
 .debug_aranges
                0x00000200       0x20 c:/Users/juane/OneDrive/Documentos/QUARTUS/PHI_03/software/display_bsp/\libhal_bsp.a(alt_busy_sleep.o)
 .debug_aranges
                0x00000220       0x20 c:/Users/juane/OneDrive/Documentos/QUARTUS/PHI_03/software/display_bsp/\libhal_bsp.a(alt_dcache_flush_all.o)
 .debug_aranges
                0x00000240       0x18 c:/Users/juane/OneDrive/Documentos/QUARTUS/PHI_03/software/display_bsp/\libhal_bsp.a(alt_errno.o)
 .debug_aranges
                0x00000258       0x20 c:/Users/juane/OneDrive/Documentos/QUARTUS/PHI_03/software/display_bsp/\libhal_bsp.a(alt_icache_flush_all.o)
 .debug_aranges
                0x00000278       0x20 c:/Users/juane/OneDrive/Documentos/QUARTUS/PHI_03/software/display_bsp/\libhal_bsp.a(altera_nios2_gen2_irq.o)
 .debug_aranges
                0x00000298       0x20 c:/intelfpga_lite/23.1std/nios2eds/bin/gnu/h-x86_64-mingw32/bin/../lib/gcc/nios2-elf/12.3.1/mno-hw-mul\libgcc.a(lib2-divmod.o)
 .debug_aranges
                0x000002b8       0x20 c:/intelfpga_lite/23.1std/nios2eds/bin/gnu/h-x86_64-mingw32/bin/../lib/gcc/nios2-elf/12.3.1/mno-hw-mul\libgcc.a(lib2-mul.o)

.debug_pubnames
 *(.debug_pubnames)

.debug_info     0x00000000     0x2c57
 *(.debug_info .gnu.linkonce.wi.*)
 .debug_info    0x00000000       0x3f c:/Users/juane/OneDrive/Documentos/QUARTUS/PHI_03/software/display_bsp//obj/HAL/src/crt0.o
 .debug_info    0x0000003f      0x276 obj/default/hello_world_small.o
 .debug_info    0x000002b5      0x5ec c:/intelfpga_lite/23.1std/nios2eds/bin/gnu/h-x86_64-mingw32/bin/../lib/gcc/nios2-elf/12.3.1/../../../../../H-x86_64-mingw32/nios2-elf/lib/mno-hw-mul\libsmallc.a(libc_a-puts.o)
 .debug_info    0x000008a1      0x121 c:/intelfpga_lite/23.1std/nios2eds/bin/gnu/h-x86_64-mingw32/bin/../lib/gcc/nios2-elf/12.3.1/../../../../../H-x86_64-mingw32/nios2-elf/lib/mno-hw-mul\libsmallc.a(libc_a-memcpy.o)
 .debug_info    0x000009c2       0xe6 c:/intelfpga_lite/23.1std/nios2eds/bin/gnu/h-x86_64-mingw32/bin/../lib/gcc/nios2-elf/12.3.1/../../../../../H-x86_64-mingw32/nios2-elf/lib/mno-hw-mul\libsmallc.a(libc_a-memset.o)
 .debug_info    0x00000aa8       0xd1 c:/intelfpga_lite/23.1std/nios2eds/bin/gnu/h-x86_64-mingw32/bin/../lib/gcc/nios2-elf/12.3.1/../../../../../H-x86_64-mingw32/nios2-elf/lib/mno-hw-mul\libsmallc.a(libc_a-strlen.o)
 .debug_info    0x00000b79      0x4eb c:/intelfpga_lite/23.1std/nios2eds/bin/gnu/h-x86_64-mingw32/bin/../lib/gcc/nios2-elf/12.3.1/../../../../../H-x86_64-mingw32/nios2-elf/lib/mno-hw-mul\libsmallc.a(libc_a-impure.o)
 .debug_info    0x00001064      0x5c4 c:/intelfpga_lite/23.1std/nios2eds/bin/gnu/h-x86_64-mingw32/bin/../lib/gcc/nios2-elf/12.3.1/../../../../../H-x86_64-mingw32/nios2-elf/lib/mno-hw-mul\libsmallc.a(libc_a-fvwrite_small_dev.o)
 .debug_info    0x00001628      0x5a4 c:/intelfpga_lite/23.1std/nios2eds/bin/gnu/h-x86_64-mingw32/bin/../lib/gcc/nios2-elf/12.3.1/../../../../../H-x86_64-mingw32/nios2-elf/lib/mno-hw-mul\libsmallc.a(libc_a-writer.o)
 .debug_info    0x00001bcc       0x85 c:/intelfpga_lite/23.1std/nios2eds/bin/gnu/h-x86_64-mingw32/bin/../lib/gcc/nios2-elf/12.3.1/../../../../../H-x86_64-mingw32/nios2-elf/lib/mno-hw-mul\libsmallc.a(libc_a-int_errno.o)
 .debug_info    0x00001c51      0x239 c:/Users/juane/OneDrive/Documentos/QUARTUS/PHI_03/software/display_bsp/\libhal_bsp.a(alt_load.o)
 .debug_info    0x00001e8a      0x13e c:/Users/juane/OneDrive/Documentos/QUARTUS/PHI_03/software/display_bsp/\libhal_bsp.a(alt_main.o)
 .debug_info    0x00001fc8       0xe4 c:/Users/juane/OneDrive/Documentos/QUARTUS/PHI_03/software/display_bsp/\libhal_bsp.a(alt_usleep.o)
 .debug_info    0x000020ac      0x1a8 c:/Users/juane/OneDrive/Documentos/QUARTUS/PHI_03/software/display_bsp/\libhal_bsp.a(alt_write.o)
 .debug_info    0x00002254      0x154 c:/Users/juane/OneDrive/Documentos/QUARTUS/PHI_03/software/display_bsp/\libhal_bsp.a(alt_sys_init.o)
 .debug_info    0x000023a8      0x149 c:/Users/juane/OneDrive/Documentos/QUARTUS/PHI_03/software/display_bsp/\libhal_bsp.a(altera_avalon_jtag_uart_write.o)
 .debug_info    0x000024f1      0x10c c:/Users/juane/OneDrive/Documentos/QUARTUS/PHI_03/software/display_bsp/\libhal_bsp.a(alt_busy_sleep.o)
 .debug_info    0x000025fd       0x8d c:/Users/juane/OneDrive/Documentos/QUARTUS/PHI_03/software/display_bsp/\libhal_bsp.a(alt_dcache_flush_all.o)
 .debug_info    0x0000268a       0xa8 c:/Users/juane/OneDrive/Documentos/QUARTUS/PHI_03/software/display_bsp/\libhal_bsp.a(alt_errno.o)
 .debug_info    0x00002732       0x8d c:/Users/juane/OneDrive/Documentos/QUARTUS/PHI_03/software/display_bsp/\libhal_bsp.a(alt_icache_flush_all.o)
 .debug_info    0x000027bf       0x8d c:/Users/juane/OneDrive/Documentos/QUARTUS/PHI_03/software/display_bsp/\libhal_bsp.a(altera_nios2_gen2_irq.o)
 .debug_info    0x0000284c      0x347 c:/intelfpga_lite/23.1std/nios2eds/bin/gnu/h-x86_64-mingw32/bin/../lib/gcc/nios2-elf/12.3.1/mno-hw-mul\libgcc.a(lib2-divmod.o)
 .debug_info    0x00002b93       0xc4 c:/intelfpga_lite/23.1std/nios2eds/bin/gnu/h-x86_64-mingw32/bin/../lib/gcc/nios2-elf/12.3.1/mno-hw-mul\libgcc.a(lib2-mul.o)

.debug_abbrev   0x00000000     0x12f1
 *(.debug_abbrev)
 .debug_abbrev  0x00000000       0x1f c:/Users/juane/OneDrive/Documentos/QUARTUS/PHI_03/software/display_bsp//obj/HAL/src/crt0.o
 .debug_abbrev  0x0000001f       0xea obj/default/hello_world_small.o
 .debug_abbrev  0x00000109      0x1db c:/intelfpga_lite/23.1std/nios2eds/bin/gnu/h-x86_64-mingw32/bin/../lib/gcc/nios2-elf/12.3.1/../../../../../H-x86_64-mingw32/nios2-elf/lib/mno-hw-mul\libsmallc.a(libc_a-puts.o)
 .debug_abbrev  0x000002e4       0xc1 c:/intelfpga_lite/23.1std/nios2eds/bin/gnu/h-x86_64-mingw32/bin/../lib/gcc/nios2-elf/12.3.1/../../../../../H-x86_64-mingw32/nios2-elf/lib/mno-hw-mul\libsmallc.a(libc_a-memcpy.o)
 .debug_abbrev  0x000003a5       0x9e c:/intelfpga_lite/23.1std/nios2eds/bin/gnu/h-x86_64-mingw32/bin/../lib/gcc/nios2-elf/12.3.1/../../../../../H-x86_64-mingw32/nios2-elf/lib/mno-hw-mul\libsmallc.a(libc_a-memset.o)
 .debug_abbrev  0x00000443       0x8c c:/intelfpga_lite/23.1std/nios2eds/bin/gnu/h-x86_64-mingw32/bin/../lib/gcc/nios2-elf/12.3.1/../../../../../H-x86_64-mingw32/nios2-elf/lib/mno-hw-mul\libsmallc.a(libc_a-strlen.o)
 .debug_abbrev  0x000004cf      0x142 c:/intelfpga_lite/23.1std/nios2eds/bin/gnu/h-x86_64-mingw32/bin/../lib/gcc/nios2-elf/12.3.1/../../../../../H-x86_64-mingw32/nios2-elf/lib/mno-hw-mul\libsmallc.a(libc_a-impure.o)
 .debug_abbrev  0x00000611      0x1c9 c:/intelfpga_lite/23.1std/nios2eds/bin/gnu/h-x86_64-mingw32/bin/../lib/gcc/nios2-elf/12.3.1/../../../../../H-x86_64-mingw32/nios2-elf/lib/mno-hw-mul\libsmallc.a(libc_a-fvwrite_small_dev.o)
 .debug_abbrev  0x000007da      0x1ae c:/intelfpga_lite/23.1std/nios2eds/bin/gnu/h-x86_64-mingw32/bin/../lib/gcc/nios2-elf/12.3.1/../../../../../H-x86_64-mingw32/nios2-elf/lib/mno-hw-mul\libsmallc.a(libc_a-writer.o)
 .debug_abbrev  0x00000988       0x39 c:/intelfpga_lite/23.1std/nios2eds/bin/gnu/h-x86_64-mingw32/bin/../lib/gcc/nios2-elf/12.3.1/../../../../../H-x86_64-mingw32/nios2-elf/lib/mno-hw-mul\libsmallc.a(libc_a-int_errno.o)
 .debug_abbrev  0x000009c1      0x12c c:/Users/juane/OneDrive/Documentos/QUARTUS/PHI_03/software/display_bsp/\libhal_bsp.a(alt_load.o)
 .debug_abbrev  0x00000aed       0xeb c:/Users/juane/OneDrive/Documentos/QUARTUS/PHI_03/software/display_bsp/\libhal_bsp.a(alt_main.o)
 .debug_abbrev  0x00000bd8       0x9b c:/Users/juane/OneDrive/Documentos/QUARTUS/PHI_03/software/display_bsp/\libhal_bsp.a(alt_usleep.o)
 .debug_abbrev  0x00000c73      0x117 c:/Users/juane/OneDrive/Documentos/QUARTUS/PHI_03/software/display_bsp/\libhal_bsp.a(alt_write.o)
 .debug_abbrev  0x00000d8a      0x10d c:/Users/juane/OneDrive/Documentos/QUARTUS/PHI_03/software/display_bsp/\libhal_bsp.a(alt_sys_init.o)
 .debug_abbrev  0x00000e97       0xdc c:/Users/juane/OneDrive/Documentos/QUARTUS/PHI_03/software/display_bsp/\libhal_bsp.a(altera_avalon_jtag_uart_write.o)
 .debug_abbrev  0x00000f73       0xb9 c:/Users/juane/OneDrive/Documentos/QUARTUS/PHI_03/software/display_bsp/\libhal_bsp.a(alt_busy_sleep.o)
 .debug_abbrev  0x0000102c       0x43 c:/Users/juane/OneDrive/Documentos/QUARTUS/PHI_03/software/display_bsp/\libhal_bsp.a(alt_dcache_flush_all.o)
 .debug_abbrev  0x0000106f       0x70 c:/Users/juane/OneDrive/Documentos/QUARTUS/PHI_03/software/display_bsp/\libhal_bsp.a(alt_errno.o)
 .debug_abbrev  0x000010df       0x43 c:/Users/juane/OneDrive/Documentos/QUARTUS/PHI_03/software/display_bsp/\libhal_bsp.a(alt_icache_flush_all.o)
 .debug_abbrev  0x00001122       0x43 c:/Users/juane/OneDrive/Documentos/QUARTUS/PHI_03/software/display_bsp/\libhal_bsp.a(altera_nios2_gen2_irq.o)
 .debug_abbrev  0x00001165      0x10c c:/intelfpga_lite/23.1std/nios2eds/bin/gnu/h-x86_64-mingw32/bin/../lib/gcc/nios2-elf/12.3.1/mno-hw-mul\libgcc.a(lib2-divmod.o)
 .debug_abbrev  0x00001271       0x80 c:/intelfpga_lite/23.1std/nios2eds/bin/gnu/h-x86_64-mingw32/bin/../lib/gcc/nios2-elf/12.3.1/mno-hw-mul\libgcc.a(lib2-mul.o)

.debug_line     0x00000000      0xf06
 *(.debug_line)
 .debug_line    0x00000000       0x66 c:/Users/juane/OneDrive/Documentos/QUARTUS/PHI_03/software/display_bsp//obj/HAL/src/crt0.o
 .debug_line    0x00000066       0xde obj/default/hello_world_small.o
 .debug_line    0x00000144       0xc2 c:/intelfpga_lite/23.1std/nios2eds/bin/gnu/h-x86_64-mingw32/bin/../lib/gcc/nios2-elf/12.3.1/../../../../../H-x86_64-mingw32/nios2-elf/lib/mno-hw-mul\libsmallc.a(libc_a-puts.o)
 .debug_line    0x00000206       0x8c c:/intelfpga_lite/23.1std/nios2eds/bin/gnu/h-x86_64-mingw32/bin/../lib/gcc/nios2-elf/12.3.1/../../../../../H-x86_64-mingw32/nios2-elf/lib/mno-hw-mul\libsmallc.a(libc_a-memcpy.o)
 .debug_line    0x00000292       0x87 c:/intelfpga_lite/23.1std/nios2eds/bin/gnu/h-x86_64-mingw32/bin/../lib/gcc/nios2-elf/12.3.1/../../../../../H-x86_64-mingw32/nios2-elf/lib/mno-hw-mul\libsmallc.a(libc_a-memset.o)
 .debug_line    0x00000319       0x7c c:/intelfpga_lite/23.1std/nios2eds/bin/gnu/h-x86_64-mingw32/bin/../lib/gcc/nios2-elf/12.3.1/../../../../../H-x86_64-mingw32/nios2-elf/lib/mno-hw-mul\libsmallc.a(libc_a-strlen.o)
 .debug_line    0x00000395       0x4c c:/intelfpga_lite/23.1std/nios2eds/bin/gnu/h-x86_64-mingw32/bin/../lib/gcc/nios2-elf/12.3.1/../../../../../H-x86_64-mingw32/nios2-elf/lib/mno-hw-mul\libsmallc.a(libc_a-impure.o)
 .debug_line    0x000003e1       0xd7 c:/intelfpga_lite/23.1std/nios2eds/bin/gnu/h-x86_64-mingw32/bin/../lib/gcc/nios2-elf/12.3.1/../../../../../H-x86_64-mingw32/nios2-elf/lib/mno-hw-mul\libsmallc.a(libc_a-fvwrite_small_dev.o)
 .debug_line    0x000004b8       0xae c:/intelfpga_lite/23.1std/nios2eds/bin/gnu/h-x86_64-mingw32/bin/../lib/gcc/nios2-elf/12.3.1/../../../../../H-x86_64-mingw32/nios2-elf/lib/mno-hw-mul\libsmallc.a(libc_a-writer.o)
 .debug_line    0x00000566       0x3a c:/intelfpga_lite/23.1std/nios2eds/bin/gnu/h-x86_64-mingw32/bin/../lib/gcc/nios2-elf/12.3.1/../../../../../H-x86_64-mingw32/nios2-elf/lib/mno-hw-mul\libsmallc.a(libc_a-int_errno.o)
 .debug_line    0x000005a0       0xd2 c:/Users/juane/OneDrive/Documentos/QUARTUS/PHI_03/software/display_bsp/\libhal_bsp.a(alt_load.o)
 .debug_line    0x00000672       0xa2 c:/Users/juane/OneDrive/Documentos/QUARTUS/PHI_03/software/display_bsp/\libhal_bsp.a(alt_main.o)
 .debug_line    0x00000714       0x70 c:/Users/juane/OneDrive/Documentos/QUARTUS/PHI_03/software/display_bsp/\libhal_bsp.a(alt_usleep.o)
 .debug_line    0x00000784       0xc5 c:/Users/juane/OneDrive/Documentos/QUARTUS/PHI_03/software/display_bsp/\libhal_bsp.a(alt_write.o)
 .debug_line    0x00000849       0xa3 c:/Users/juane/OneDrive/Documentos/QUARTUS/PHI_03/software/display_bsp/\libhal_bsp.a(alt_sys_init.o)
 .debug_line    0x000008ec       0x93 c:/Users/juane/OneDrive/Documentos/QUARTUS/PHI_03/software/display_bsp/\libhal_bsp.a(altera_avalon_jtag_uart_write.o)
 .debug_line    0x0000097f       0xe2 c:/Users/juane/OneDrive/Documentos/QUARTUS/PHI_03/software/display_bsp/\libhal_bsp.a(alt_busy_sleep.o)
 .debug_line    0x00000a61       0x4e c:/Users/juane/OneDrive/Documentos/QUARTUS/PHI_03/software/display_bsp/\libhal_bsp.a(alt_dcache_flush_all.o)
 .debug_line    0x00000aaf       0x4c c:/Users/juane/OneDrive/Documentos/QUARTUS/PHI_03/software/display_bsp/\libhal_bsp.a(alt_errno.o)
 .debug_line    0x00000afb       0x4c c:/Users/juane/OneDrive/Documentos/QUARTUS/PHI_03/software/display_bsp/\libhal_bsp.a(alt_icache_flush_all.o)
 .debug_line    0x00000b47       0x54 c:/Users/juane/OneDrive/Documentos/QUARTUS/PHI_03/software/display_bsp/\libhal_bsp.a(altera_nios2_gen2_irq.o)
 .debug_line    0x00000b9b      0x2e3 c:/intelfpga_lite/23.1std/nios2eds/bin/gnu/h-x86_64-mingw32/bin/../lib/gcc/nios2-elf/12.3.1/mno-hw-mul\libgcc.a(lib2-divmod.o)
 .debug_line    0x00000e7e       0x88 c:/intelfpga_lite/23.1std/nios2eds/bin/gnu/h-x86_64-mingw32/bin/../lib/gcc/nios2-elf/12.3.1/mno-hw-mul\libgcc.a(lib2-mul.o)

.debug_frame    0x00000000      0x344
 *(.debug_frame)
 .debug_frame   0x00000000       0x2c obj/default/hello_world_small.o
 .debug_frame   0x0000002c       0x48 c:/intelfpga_lite/23.1std/nios2eds/bin/gnu/h-x86_64-mingw32/bin/../lib/gcc/nios2-elf/12.3.1/../../../../../H-x86_64-mingw32/nios2-elf/lib/mno-hw-mul\libsmallc.a(libc_a-puts.o)
 .debug_frame   0x00000074       0x20 c:/intelfpga_lite/23.1std/nios2eds/bin/gnu/h-x86_64-mingw32/bin/../lib/gcc/nios2-elf/12.3.1/../../../../../H-x86_64-mingw32/nios2-elf/lib/mno-hw-mul\libsmallc.a(libc_a-memcpy.o)
 .debug_frame   0x00000094       0x20 c:/intelfpga_lite/23.1std/nios2eds/bin/gnu/h-x86_64-mingw32/bin/../lib/gcc/nios2-elf/12.3.1/../../../../../H-x86_64-mingw32/nios2-elf/lib/mno-hw-mul\libsmallc.a(libc_a-memset.o)
 .debug_frame   0x000000b4       0x20 c:/intelfpga_lite/23.1std/nios2eds/bin/gnu/h-x86_64-mingw32/bin/../lib/gcc/nios2-elf/12.3.1/../../../../../H-x86_64-mingw32/nios2-elf/lib/mno-hw-mul\libsmallc.a(libc_a-strlen.o)
 .debug_frame   0x000000d4       0x3c c:/intelfpga_lite/23.1std/nios2eds/bin/gnu/h-x86_64-mingw32/bin/../lib/gcc/nios2-elf/12.3.1/../../../../../H-x86_64-mingw32/nios2-elf/lib/mno-hw-mul\libsmallc.a(libc_a-fvwrite_small_dev.o)
 .debug_frame   0x00000110       0x30 c:/intelfpga_lite/23.1std/nios2eds/bin/gnu/h-x86_64-mingw32/bin/../lib/gcc/nios2-elf/12.3.1/../../../../../H-x86_64-mingw32/nios2-elf/lib/mno-hw-mul\libsmallc.a(libc_a-writer.o)
 .debug_frame   0x00000140       0x2c c:/Users/juane/OneDrive/Documentos/QUARTUS/PHI_03/software/display_bsp/\libhal_bsp.a(alt_load.o)
 .debug_frame   0x0000016c       0x2c c:/Users/juane/OneDrive/Documentos/QUARTUS/PHI_03/software/display_bsp/\libhal_bsp.a(alt_main.o)
 .debug_frame   0x00000198       0x20 c:/Users/juane/OneDrive/Documentos/QUARTUS/PHI_03/software/display_bsp/\libhal_bsp.a(alt_usleep.o)
 .debug_frame   0x000001b8       0x2c c:/Users/juane/OneDrive/Documentos/QUARTUS/PHI_03/software/display_bsp/\libhal_bsp.a(alt_write.o)
 .debug_frame   0x000001e4       0x3c c:/Users/juane/OneDrive/Documentos/QUARTUS/PHI_03/software/display_bsp/\libhal_bsp.a(alt_sys_init.o)
 .debug_frame   0x00000220       0x20 c:/Users/juane/OneDrive/Documentos/QUARTUS/PHI_03/software/display_bsp/\libhal_bsp.a(altera_avalon_jtag_uart_write.o)
 .debug_frame   0x00000240       0x34 c:/Users/juane/OneDrive/Documentos/QUARTUS/PHI_03/software/display_bsp/\libhal_bsp.a(alt_busy_sleep.o)
 .debug_frame   0x00000274       0x20 c:/Users/juane/OneDrive/Documentos/QUARTUS/PHI_03/software/display_bsp/\libhal_bsp.a(alt_dcache_flush_all.o)
 .debug_frame   0x00000294       0x20 c:/Users/juane/OneDrive/Documentos/QUARTUS/PHI_03/software/display_bsp/\libhal_bsp.a(alt_icache_flush_all.o)
 .debug_frame   0x000002b4       0x20 c:/Users/juane/OneDrive/Documentos/QUARTUS/PHI_03/software/display_bsp/\libhal_bsp.a(altera_nios2_gen2_irq.o)
 .debug_frame   0x000002d4       0x50 c:/intelfpga_lite/23.1std/nios2eds/bin/gnu/h-x86_64-mingw32/bin/../lib/gcc/nios2-elf/12.3.1/mno-hw-mul\libgcc.a(lib2-divmod.o)
 .debug_frame   0x00000324       0x20 c:/intelfpga_lite/23.1std/nios2eds/bin/gnu/h-x86_64-mingw32/bin/../lib/gcc/nios2-elf/12.3.1/mno-hw-mul\libgcc.a(lib2-mul.o)

.debug_str      0x00000000      0x815
 *(.debug_str)
 .debug_str     0x00000000       0x6d c:/Users/juane/OneDrive/Documentos/QUARTUS/PHI_03/software/display_bsp//obj/HAL/src/crt0.o
                                 0x74 (size before relaxing)
 .debug_str     0x0000006d      0x114 obj/default/hello_world_small.o
                                0x170 (size before relaxing)
 .debug_str     0x00000181      0x2f8 c:/intelfpga_lite/23.1std/nios2eds/bin/gnu/h-x86_64-mingw32/bin/../lib/gcc/nios2-elf/12.3.1/../../../../../H-x86_64-mingw32/nios2-elf/lib/mno-hw-mul\libsmallc.a(libc_a-puts.o)
                                0x3b3 (size before relaxing)
 .debug_str     0x00000479       0x14 c:/intelfpga_lite/23.1std/nios2eds/bin/gnu/h-x86_64-mingw32/bin/../lib/gcc/nios2-elf/12.3.1/../../../../../H-x86_64-mingw32/nios2-elf/lib/mno-hw-mul\libsmallc.a(libc_a-memcpy.o)
                                0x122 (size before relaxing)
 .debug_str     0x0000048d      0x10e c:/intelfpga_lite/23.1std/nios2eds/bin/gnu/h-x86_64-mingw32/bin/../lib/gcc/nios2-elf/12.3.1/../../../../../H-x86_64-mingw32/nios2-elf/lib/mno-hw-mul\libsmallc.a(libc_a-memset.o)
 .debug_str     0x0000048d       0x14 c:/intelfpga_lite/23.1std/nios2eds/bin/gnu/h-x86_64-mingw32/bin/../lib/gcc/nios2-elf/12.3.1/../../../../../H-x86_64-mingw32/nios2-elf/lib/mno-hw-mul\libsmallc.a(libc_a-strlen.o)
                                0x114 (size before relaxing)
 .debug_str     0x0000048d        0xd c:/intelfpga_lite/23.1std/nios2eds/bin/gnu/h-x86_64-mingw32/bin/../lib/gcc/nios2-elf/12.3.1/../../../../../H-x86_64-mingw32/nios2-elf/lib/mno-hw-mul\libsmallc.a(libc_a-impure.o)
                                0x390 (size before relaxing)
 .debug_str     0x0000049a       0x25 c:/intelfpga_lite/23.1std/nios2eds/bin/gnu/h-x86_64-mingw32/bin/../lib/gcc/nios2-elf/12.3.1/../../../../../H-x86_64-mingw32/nios2-elf/lib/mno-hw-mul\libsmallc.a(libc_a-fvwrite_small_dev.o)
                                0x3bd (size before relaxing)
 .debug_str     0x000004bf       0x25 c:/intelfpga_lite/23.1std/nios2eds/bin/gnu/h-x86_64-mingw32/bin/../lib/gcc/nios2-elf/12.3.1/../../../../../H-x86_64-mingw32/nios2-elf/lib/mno-hw-mul\libsmallc.a(libc_a-writer.o)
                                0x39c (size before relaxing)
 .debug_str     0x000004bf      0x106 c:/intelfpga_lite/23.1std/nios2eds/bin/gnu/h-x86_64-mingw32/bin/../lib/gcc/nios2-elf/12.3.1/../../../../../H-x86_64-mingw32/nios2-elf/lib/mno-hw-mul\libsmallc.a(libc_a-int_errno.o)
 .debug_str     0x000004bf      0x108 c:/Users/juane/OneDrive/Documentos/QUARTUS/PHI_03/software/display_bsp/\libhal_bsp.a(alt_load.o)
                                0x208 (size before relaxing)
 .debug_str     0x000005c7       0x4b c:/Users/juane/OneDrive/Documentos/QUARTUS/PHI_03/software/display_bsp/\libhal_bsp.a(alt_main.o)
                                0x138 (size before relaxing)
 .debug_str     0x00000612        0xf c:/Users/juane/OneDrive/Documentos/QUARTUS/PHI_03/software/display_bsp/\libhal_bsp.a(alt_usleep.o)
                                0x116 (size before relaxing)
 .debug_str     0x00000621       0x62 c:/Users/juane/OneDrive/Documentos/QUARTUS/PHI_03/software/display_bsp/\libhal_bsp.a(alt_write.o)
                                0x162 (size before relaxing)
 .debug_str     0x00000683       0x90 c:/Users/juane/OneDrive/Documentos/QUARTUS/PHI_03/software/display_bsp/\libhal_bsp.a(alt_sys_init.o)
                                0x1c5 (size before relaxing)
 .debug_str     0x00000713       0x90 c:/Users/juane/OneDrive/Documentos/QUARTUS/PHI_03/software/display_bsp/\libhal_bsp.a(altera_avalon_jtag_uart_write.o)
                                0x15c (size before relaxing)
 .debug_str     0x00000713       0x2d c:/Users/juane/OneDrive/Documentos/QUARTUS/PHI_03/software/display_bsp/\libhal_bsp.a(alt_busy_sleep.o)
                                0x12c (size before relaxing)
 .debug_str     0x00000740       0xfd c:/Users/juane/OneDrive/Documentos/QUARTUS/PHI_03/software/display_bsp/\libhal_bsp.a(alt_dcache_flush_all.o)
 .debug_str     0x00000740        0x8 c:/Users/juane/OneDrive/Documentos/QUARTUS/PHI_03/software/display_bsp/\libhal_bsp.a(alt_errno.o)
                                 0xfa (size before relaxing)
 .debug_str     0x00000748       0xfd c:/Users/juane/OneDrive/Documentos/QUARTUS/PHI_03/software/display_bsp/\libhal_bsp.a(alt_icache_flush_all.o)
 .debug_str     0x00000748      0x103 c:/Users/juane/OneDrive/Documentos/QUARTUS/PHI_03/software/display_bsp/\libhal_bsp.a(altera_nios2_gen2_irq.o)
 .debug_str     0x00000748       0xcd c:/intelfpga_lite/23.1std/nios2eds/bin/gnu/h-x86_64-mingw32/bin/../lib/gcc/nios2-elf/12.3.1/mno-hw-mul\libgcc.a(lib2-divmod.o)
                                0x122 (size before relaxing)
 .debug_str     0x00000815       0xe6 c:/intelfpga_lite/23.1std/nios2eds/bin/gnu/h-x86_64-mingw32/bin/../lib/gcc/nios2-elf/12.3.1/mno-hw-mul\libgcc.a(lib2-mul.o)

.debug_loc
 *(.debug_loc)

.debug_macinfo
 *(.debug_macinfo)

.debug_weaknames
 *(.debug_weaknames)

.debug_funcnames
 *(.debug_funcnames)

.debug_typenames
 *(.debug_typenames)

.debug_varnames
 *(.debug_varnames)

.debug_alt_sim_info
                0x00000000       0x40
 *(.debug_alt_sim_info)
 .debug_alt_sim_info
                0x00000000       0x10 c:/Users/juane/OneDrive/Documentos/QUARTUS/PHI_03/software/display_bsp//obj/HAL/src/crt0.o
 .debug_alt_sim_info
                0x00000010       0x30 c:/Users/juane/OneDrive/Documentos/QUARTUS/PHI_03/software/display_bsp/\libhal_bsp.a(alt_busy_sleep.o)
                0x0000ce20                        __alt_data_end = 0xce20
                0x0000ce20                        PROVIDE (__alt_stack_pointer = __alt_data_end)
                [!provide]                        PROVIDE (__alt_stack_limit = __alt_stack_base)
                [!provide]                        PROVIDE (__alt_heap_start = end)
                [!provide]                        PROVIDE (__alt_heap_limit = 0xce20)
OUTPUT(display.elf elf32-littlenios2)
LOAD linker stubs

.debug_ranges   0x00000000       0x20
 .debug_ranges  0x00000000       0x20 c:/Users/juane/OneDrive/Documentos/QUARTUS/PHI_03/software/display_bsp//obj/HAL/src/crt0.o

.debug_loclists
                0x00000000      0x8cf
 .debug_loclists
                0x00000000       0x21 obj/default/hello_world_small.o
 .debug_loclists
                0x00000021       0x73 c:/intelfpga_lite/23.1std/nios2eds/bin/gnu/h-x86_64-mingw32/bin/../lib/gcc/nios2-elf/12.3.1/../../../../../H-x86_64-mingw32/nios2-elf/lib/mno-hw-mul\libsmallc.a(libc_a-puts.o)
 .debug_loclists
                0x00000094       0xcc c:/intelfpga_lite/23.1std/nios2eds/bin/gnu/h-x86_64-mingw32/bin/../lib/gcc/nios2-elf/12.3.1/../../../../../H-x86_64-mingw32/nios2-elf/lib/mno-hw-mul\libsmallc.a(libc_a-memcpy.o)
 .debug_loclists
                0x00000160       0x7c c:/intelfpga_lite/23.1std/nios2eds/bin/gnu/h-x86_64-mingw32/bin/../lib/gcc/nios2-elf/12.3.1/../../../../../H-x86_64-mingw32/nios2-elf/lib/mno-hw-mul\libsmallc.a(libc_a-memset.o)
 .debug_loclists
                0x000001dc       0x32 c:/intelfpga_lite/23.1std/nios2eds/bin/gnu/h-x86_64-mingw32/bin/../lib/gcc/nios2-elf/12.3.1/../../../../../H-x86_64-mingw32/nios2-elf/lib/mno-hw-mul\libsmallc.a(libc_a-strlen.o)
 .debug_loclists
                0x0000020e       0xc5 c:/intelfpga_lite/23.1std/nios2eds/bin/gnu/h-x86_64-mingw32/bin/../lib/gcc/nios2-elf/12.3.1/../../../../../H-x86_64-mingw32/nios2-elf/lib/mno-hw-mul\libsmallc.a(libc_a-fvwrite_small_dev.o)
 .debug_loclists
                0x000002d3       0x88 c:/intelfpga_lite/23.1std/nios2eds/bin/gnu/h-x86_64-mingw32/bin/../lib/gcc/nios2-elf/12.3.1/../../../../../H-x86_64-mingw32/nios2-elf/lib/mno-hw-mul\libsmallc.a(libc_a-writer.o)
 .debug_loclists
                0x0000035b       0x1e c:/Users/juane/OneDrive/Documentos/QUARTUS/PHI_03/software/display_bsp/\libhal_bsp.a(alt_usleep.o)
 .debug_loclists
                0x00000379       0x7b c:/Users/juane/OneDrive/Documentos/QUARTUS/PHI_03/software/display_bsp/\libhal_bsp.a(alt_write.o)
 .debug_loclists
                0x000003f4       0x1e c:/Users/juane/OneDrive/Documentos/QUARTUS/PHI_03/software/display_bsp/\libhal_bsp.a(alt_sys_init.o)
 .debug_loclists
                0x00000412       0x5e c:/Users/juane/OneDrive/Documentos/QUARTUS/PHI_03/software/display_bsp/\libhal_bsp.a(altera_avalon_jtag_uart_write.o)
 .debug_loclists
                0x00000470       0x8a c:/Users/juane/OneDrive/Documentos/QUARTUS/PHI_03/software/display_bsp/\libhal_bsp.a(alt_busy_sleep.o)
 .debug_loclists
                0x000004fa      0x37a c:/intelfpga_lite/23.1std/nios2eds/bin/gnu/h-x86_64-mingw32/bin/../lib/gcc/nios2-elf/12.3.1/mno-hw-mul\libgcc.a(lib2-divmod.o)
 .debug_loclists
                0x00000874       0x5b c:/intelfpga_lite/23.1std/nios2eds/bin/gnu/h-x86_64-mingw32/bin/../lib/gcc/nios2-elf/12.3.1/mno-hw-mul\libgcc.a(lib2-mul.o)

.debug_rnglists
                0x00000000      0x106
 .debug_rnglists
                0x00000000       0x14 obj/default/hello_world_small.o
 .debug_rnglists
                0x00000014       0x1a c:/intelfpga_lite/23.1std/nios2eds/bin/gnu/h-x86_64-mingw32/bin/../lib/gcc/nios2-elf/12.3.1/../../../../../H-x86_64-mingw32/nios2-elf/lib/mno-hw-mul\libsmallc.a(libc_a-puts.o)
 .debug_rnglists
                0x0000002e       0x13 c:/intelfpga_lite/23.1std/nios2eds/bin/gnu/h-x86_64-mingw32/bin/../lib/gcc/nios2-elf/12.3.1/../../../../../H-x86_64-mingw32/nios2-elf/lib/mno-hw-mul\libsmallc.a(libc_a-memcpy.o)
 .debug_rnglists
                0x00000041       0x13 c:/intelfpga_lite/23.1std/nios2eds/bin/gnu/h-x86_64-mingw32/bin/../lib/gcc/nios2-elf/12.3.1/../../../../../H-x86_64-mingw32/nios2-elf/lib/mno-hw-mul\libsmallc.a(libc_a-memset.o)
 .debug_rnglists
                0x00000054       0x13 c:/intelfpga_lite/23.1std/nios2eds/bin/gnu/h-x86_64-mingw32/bin/../lib/gcc/nios2-elf/12.3.1/../../../../../H-x86_64-mingw32/nios2-elf/lib/mno-hw-mul\libsmallc.a(libc_a-strlen.o)
 .debug_rnglists
                0x00000067       0x14 c:/intelfpga_lite/23.1std/nios2eds/bin/gnu/h-x86_64-mingw32/bin/../lib/gcc/nios2-elf/12.3.1/../../../../../H-x86_64-mingw32/nios2-elf/lib/mno-hw-mul\libsmallc.a(libc_a-fvwrite_small_dev.o)
 .debug_rnglists
                0x0000007b       0x13 c:/intelfpga_lite/23.1std/nios2eds/bin/gnu/h-x86_64-mingw32/bin/../lib/gcc/nios2-elf/12.3.1/../../../../../H-x86_64-mingw32/nios2-elf/lib/mno-hw-mul\libsmallc.a(libc_a-writer.o)
 .debug_rnglists
                0x0000008e       0x23 c:/Users/juane/OneDrive/Documentos/QUARTUS/PHI_03/software/display_bsp/\libhal_bsp.a(alt_load.o)
 .debug_rnglists
                0x000000b1       0x16 c:/Users/juane/OneDrive/Documentos/QUARTUS/PHI_03/software/display_bsp/\libhal_bsp.a(alt_write.o)
 .debug_rnglists
                0x000000c7       0x3f c:/intelfpga_lite/23.1std/nios2eds/bin/gnu/h-x86_64-mingw32/bin/../lib/gcc/nios2-elf/12.3.1/mno-hw-mul\libgcc.a(lib2-divmod.o)

.debug_line_str
                0x00000000      0x91b
 .debug_line_str
                0x00000000      0x118 obj/default/hello_world_small.o
                                0x194 (size before relaxing)
 .debug_line_str
                0x00000118      0x23a c:/intelfpga_lite/23.1std/nios2eds/bin/gnu/h-x86_64-mingw32/bin/../lib/gcc/nios2-elf/12.3.1/../../../../../H-x86_64-mingw32/nios2-elf/lib/mno-hw-mul\libsmallc.a(libc_a-puts.o)
                                0x2d3 (size before relaxing)
 .debug_line_str
                0x00000352       0x69 c:/intelfpga_lite/23.1std/nios2eds/bin/gnu/h-x86_64-mingw32/bin/../lib/gcc/nios2-elf/12.3.1/../../../../../H-x86_64-mingw32/nios2-elf/lib/mno-hw-mul\libsmallc.a(libc_a-memcpy.o)
                                0x259 (size before relaxing)
 .debug_line_str
                0x000003bb       0x39 c:/intelfpga_lite/23.1std/nios2eds/bin/gnu/h-x86_64-mingw32/bin/../lib/gcc/nios2-elf/12.3.1/../../../../../H-x86_64-mingw32/nios2-elf/lib/mno-hw-mul\libsmallc.a(libc_a-memset.o)
                                0x259 (size before relaxing)
 .debug_line_str
                0x000003f4       0x39 c:/intelfpga_lite/23.1std/nios2eds/bin/gnu/h-x86_64-mingw32/bin/../lib/gcc/nios2-elf/12.3.1/../../../../../H-x86_64-mingw32/nios2-elf/lib/mno-hw-mul\libsmallc.a(libc_a-strlen.o)
                                0x259 (size before relaxing)
 .debug_line_str
                0x0000042d       0x67 c:/intelfpga_lite/23.1std/nios2eds/bin/gnu/h-x86_64-mingw32/bin/../lib/gcc/nios2-elf/12.3.1/../../../../../H-x86_64-mingw32/nios2-elf/lib/mno-hw-mul\libsmallc.a(libc_a-impure.o)
                                0x25a (size before relaxing)
 .debug_line_str
                0x00000494       0x43 c:/intelfpga_lite/23.1std/nios2eds/bin/gnu/h-x86_64-mingw32/bin/../lib/gcc/nios2-elf/12.3.1/../../../../../H-x86_64-mingw32/nios2-elf/lib/mno-hw-mul\libsmallc.a(libc_a-fvwrite_small_dev.o)
                                0x2e7 (size before relaxing)
 .debug_line_str
                0x000004d7       0x38 c:/intelfpga_lite/23.1std/nios2eds/bin/gnu/h-x86_64-mingw32/bin/../lib/gcc/nios2-elf/12.3.1/../../../../../H-x86_64-mingw32/nios2-elf/lib/mno-hw-mul\libsmallc.a(libc_a-writer.o)
                                0x2cf (size before relaxing)
 .debug_line_str
                0x0000050f       0x3b c:/intelfpga_lite/23.1std/nios2eds/bin/gnu/h-x86_64-mingw32/bin/../lib/gcc/nios2-elf/12.3.1/../../../../../H-x86_64-mingw32/nios2-elf/lib/mno-hw-mul\libsmallc.a(libc_a-int_errno.o)
                                0x186 (size before relaxing)
 .debug_line_str
                0x0000054a       0x91 c:/Users/juane/OneDrive/Documentos/QUARTUS/PHI_03/software/display_bsp/\libhal_bsp.a(alt_load.o)
                                0x105 (size before relaxing)
 .debug_line_str
                0x000005db       0x4a c:/Users/juane/OneDrive/Documentos/QUARTUS/PHI_03/software/display_bsp/\libhal_bsp.a(alt_main.o)
                                0x104 (size before relaxing)
 .debug_line_str
                0x00000625       0x26 c:/Users/juane/OneDrive/Documentos/QUARTUS/PHI_03/software/display_bsp/\libhal_bsp.a(alt_usleep.o)
                                0x151 (size before relaxing)
 .debug_line_str
                0x0000064b       0x7d c:/Users/juane/OneDrive/Documentos/QUARTUS/PHI_03/software/display_bsp/\libhal_bsp.a(alt_write.o)
                                0x19d (size before relaxing)
 .debug_line_str
                0x000006c8       0x64 c:/Users/juane/OneDrive/Documentos/QUARTUS/PHI_03/software/display_bsp/\libhal_bsp.a(alt_sys_init.o)
                                0x132 (size before relaxing)
 .debug_line_str
                0x0000072c       0x38 c:/Users/juane/OneDrive/Documentos/QUARTUS/PHI_03/software/display_bsp/\libhal_bsp.a(altera_avalon_jtag_uart_write.o)
                                0x144 (size before relaxing)
 .debug_line_str
                0x00000764       0x19 c:/Users/juane/OneDrive/Documentos/QUARTUS/PHI_03/software/display_bsp/\libhal_bsp.a(alt_busy_sleep.o)
                                 0xe7 (size before relaxing)
 .debug_line_str
                0x0000077d       0x1f c:/Users/juane/OneDrive/Documentos/QUARTUS/PHI_03/software/display_bsp/\libhal_bsp.a(alt_dcache_flush_all.o)
                                 0xe3 (size before relaxing)
 .debug_line_str
                0x0000079c       0x14 c:/Users/juane/OneDrive/Documentos/QUARTUS/PHI_03/software/display_bsp/\libhal_bsp.a(alt_errno.o)
                                0x136 (size before relaxing)
 .debug_line_str
                0x000007b0       0x1f c:/Users/juane/OneDrive/Documentos/QUARTUS/PHI_03/software/display_bsp/\libhal_bsp.a(alt_icache_flush_all.o)
                                 0xe3 (size before relaxing)
 .debug_line_str
                0x000007cf       0x20 c:/Users/juane/OneDrive/Documentos/QUARTUS/PHI_03/software/display_bsp/\libhal_bsp.a(altera_nios2_gen2_irq.o)
                                 0xe6 (size before relaxing)
 .debug_line_str
                0x000007ef       0xf2 c:/intelfpga_lite/23.1std/nios2eds/bin/gnu/h-x86_64-mingw32/bin/../lib/gcc/nios2-elf/12.3.1/mno-hw-mul\libgcc.a(lib2-divmod.o)
                                0x187 (size before relaxing)
 .debug_line_str
                0x000008e1       0x3a c:/intelfpga_lite/23.1std/nios2eds/bin/gnu/h-x86_64-mingw32/bin/../lib/gcc/nios2-elf/12.3.1/mno-hw-mul\libgcc.a(lib2-mul.o)
                                0x17e (size before relaxing)
