Archive member included to satisfy reference by file (symbol)

c:/intelfpga_lite/23.1std/nios2eds/bin/gnu/h-x86_64-mingw32/bin/../lib/gcc/nios2-elf/12.3.1/../../../../../H-x86_64-mingw32/nios2-elf/lib/mno-hw-mul\libsmallc.a(libc_a-puts.o)
                              obj/default/hello_world_small.o (puts)
c:/intelfpga_lite/23.1std/nios2eds/bin/gnu/h-x86_64-mingw32/bin/../lib/gcc/nios2-elf/12.3.1/../../../../../H-x86_64-mingw32/nios2-elf/lib/mno-hw-mul\libsmallc.a(libc_a-memcpy.o)
                              obj/default/hello_world_small.o (memcpy)
c:/intelfpga_lite/23.1std/nios2eds/bin/gnu/h-x86_64-mingw32/bin/../lib/gcc/nios2-elf/12.3.1/../../../../../H-x86_64-mingw32/nios2-elf/lib/mno-hw-mul\libsmallc.a(libc_a-memset.o)
                              obj/default/hello_world_small.o (memset)
c:/intelfpga_lite/23.1std/nios2eds/bin/gnu/h-x86_64-mingw32/bin/../lib/gcc/nios2-elf/12.3.1/../../../../../H-x86_64-mingw32/nios2-elf/lib/mno-hw-mul\libsmallc.a(libc_a-strlen.o)
                              c:/intelfpga_lite/23.1std/nios2eds/bin/gnu/h-x86_64-mingw32/bin/../lib/gcc/nios2-elf/12.3.1/../../../../../H-x86_64-mingw32/nios2-elf/lib/mno-hw-mul\libsmallc.a(libc_a-puts.o) (strlen)
c:/intelfpga_lite/23.1std/nios2eds/bin/gnu/h-x86_64-mingw32/bin/../lib/gcc/nios2-elf/12.3.1/../../../../../H-x86_64-mingw32/nios2-elf/lib/mno-hw-mul\libsmallc.a(libc_a-impure.o)
                              c:/intelfpga_lite/23.1std/nios2eds/bin/gnu/h-x86_64-mingw32/bin/../lib/gcc/nios2-elf/12.3.1/../../../../../H-x86_64-mingw32/nios2-elf/lib/mno-hw-mul\libsmallc.a(libc_a-puts.o) (_impure_ptr)
c:/intelfpga_lite/23.1std/nios2eds/bin/gnu/h-x86_64-mingw32/bin/../lib/gcc/nios2-elf/12.3.1/../../../../../H-x86_64-mingw32/nios2-elf/lib/mno-hw-mul\libsmallc.a(libc_a-fvwrite_small_dev.o)
                              c:/intelfpga_lite/23.1std/nios2eds/bin/gnu/h-x86_64-mingw32/bin/../lib/gcc/nios2-elf/12.3.1/../../../../../H-x86_64-mingw32/nios2-elf/lib/mno-hw-mul\libsmallc.a(libc_a-puts.o) (__sfvwrite_small_dev)
c:/intelfpga_lite/23.1std/nios2eds/bin/gnu/h-x86_64-mingw32/bin/../lib/gcc/nios2-elf/12.3.1/../../../../../H-x86_64-mingw32/nios2-elf/lib/mno-hw-mul\libsmallc.a(libc_a-writer.o)
                              c:/intelfpga_lite/23.1std/nios2eds/bin/gnu/h-x86_64-mingw32/bin/../lib/gcc/nios2-elf/12.3.1/../../../../../H-x86_64-mingw32/nios2-elf/lib/mno-hw-mul\libsmallc.a(libc_a-fvwrite_small_dev.o) (_write_r)
c:/intelfpga_lite/23.1std/nios2eds/bin/gnu/h-x86_64-mingw32/bin/../lib/gcc/nios2-elf/12.3.1/../../../../../H-x86_64-mingw32/nios2-elf/lib/mno-hw-mul\libsmallc.a(libc_a-int_errno.o)
                              c:/intelfpga_lite/23.1std/nios2eds/bin/gnu/h-x86_64-mingw32/bin/../lib/gcc/nios2-elf/12.3.1/../../../../../H-x86_64-mingw32/nios2-elf/lib/mno-hw-mul\libsmallc.a(libc_a-writer.o) (errno)
c:/Users/juane/OneDrive/Documentos/QUARTUS/PROJETO_3_PHI/software/display_bsp/\libhal_bsp.a(alt_load.o)
                              c:/Users/juane/OneDrive/Documentos/QUARTUS/PROJETO_3_PHI/software/display_bsp//obj/HAL/src/crt0.o (alt_load)
c:/Users/juane/OneDrive/Documentos/QUARTUS/PROJETO_3_PHI/software/display_bsp/\libhal_bsp.a(alt_main.o)
                              c:/Users/juane/OneDrive/Documentos/QUARTUS/PROJETO_3_PHI/software/display_bsp//obj/HAL/src/crt0.o (alt_main)
c:/Users/juane/OneDrive/Documentos/QUARTUS/PROJETO_3_PHI/software/display_bsp/\libhal_bsp.a(alt_write.o)
                              c:/intelfpga_lite/23.1std/nios2eds/bin/gnu/h-x86_64-mingw32/bin/../lib/gcc/nios2-elf/12.3.1/../../../../../H-x86_64-mingw32/nios2-elf/lib/mno-hw-mul\libsmallc.a(libc_a-writer.o) (write)
c:/Users/juane/OneDrive/Documentos/QUARTUS/PROJETO_3_PHI/software/display_bsp/\libhal_bsp.a(alt_sys_init.o)
                              c:/Users/juane/OneDrive/Documentos/QUARTUS/PROJETO_3_PHI/software/display_bsp/\libhal_bsp.a(alt_main.o) (alt_irq_init)
c:/Users/juane/OneDrive/Documentos/QUARTUS/PROJETO_3_PHI/software/display_bsp/\libhal_bsp.a(altera_avalon_jtag_uart_write.o)
                              c:/Users/juane/OneDrive/Documentos/QUARTUS/PROJETO_3_PHI/software/display_bsp/\libhal_bsp.a(alt_write.o) (altera_avalon_jtag_uart_write)
c:/Users/juane/OneDrive/Documentos/QUARTUS/PROJETO_3_PHI/software/display_bsp/\libhal_bsp.a(alt_dcache_flush_all.o)
                              c:/Users/juane/OneDrive/Documentos/QUARTUS/PROJETO_3_PHI/software/display_bsp/\libhal_bsp.a(alt_load.o) (alt_dcache_flush_all)
c:/Users/juane/OneDrive/Documentos/QUARTUS/PROJETO_3_PHI/software/display_bsp/\libhal_bsp.a(alt_errno.o)
                              c:/Users/juane/OneDrive/Documentos/QUARTUS/PROJETO_3_PHI/software/display_bsp/\libhal_bsp.a(alt_write.o) (alt_errno)
c:/Users/juane/OneDrive/Documentos/QUARTUS/PROJETO_3_PHI/software/display_bsp/\libhal_bsp.a(alt_icache_flush_all.o)
                              c:/Users/juane/OneDrive/Documentos/QUARTUS/PROJETO_3_PHI/software/display_bsp/\libhal_bsp.a(alt_load.o) (alt_icache_flush_all)
c:/Users/juane/OneDrive/Documentos/QUARTUS/PROJETO_3_PHI/software/display_bsp/\libhal_bsp.a(altera_nios2_gen2_irq.o)
                              c:/Users/juane/OneDrive/Documentos/QUARTUS/PROJETO_3_PHI/software/display_bsp/\libhal_bsp.a(alt_sys_init.o) (altera_nios2_gen2_irq_init)

Memory Configuration

Name             Origin             Length             Attributes
reset            0x00008000         0x00000020
onchip_memory2_0 0x00008020         0x00004e00
*default*        0x00000000         0xffffffff

Linker script and memory map

LOAD c:/Users/juane/OneDrive/Documentos/QUARTUS/PROJETO_3_PHI/software/display_bsp//obj/HAL/src/crt0.o
LOAD obj/default/hello_world_small.o
LOAD c:/intelfpga_lite/23.1std/nios2eds/bin/gnu/h-x86_64-mingw32/bin/../lib/gcc/nios2-elf/12.3.1/../../../../../H-x86_64-mingw32/nios2-elf/lib/mno-hw-mul\libstdc++.a
LOAD c:/intelfpga_lite/23.1std/nios2eds/bin/gnu/h-x86_64-mingw32/bin/../lib/gcc/nios2-elf/12.3.1/../../../../../H-x86_64-mingw32/nios2-elf/lib/mno-hw-mul\libm.a
LOAD c:/intelfpga_lite/23.1std/nios2eds/bin/gnu/h-x86_64-mingw32/bin/../lib/gcc/nios2-elf/12.3.1/mno-hw-mul\libgcc.a
START GROUP
LOAD c:/intelfpga_lite/23.1std/nios2eds/bin/gnu/h-x86_64-mingw32/bin/../lib/gcc/nios2-elf/12.3.1/../../../../../H-x86_64-mingw32/nios2-elf/lib/mno-hw-mul\libsmallc.a
LOAD c:/intelfpga_lite/23.1std/nios2eds/bin/gnu/h-x86_64-mingw32/bin/../lib/gcc/nios2-elf/12.3.1/mno-hw-mul\libgcc.a
LOAD c:/Users/juane/OneDrive/Documentos/QUARTUS/PROJETO_3_PHI/software/display_bsp/\libhal_bsp.a
LOAD c:/intelfpga_lite/23.1std/nios2eds/bin/gnu/h-x86_64-mingw32/bin/../lib/gcc/nios2-elf/12.3.1/../../../../../H-x86_64-mingw32/nios2-elf/lib/mno-hw-mul\libm.a
END GROUP
LOAD c:/intelfpga_lite/23.1std/nios2eds/bin/gnu/h-x86_64-mingw32/bin/../lib/gcc/nios2-elf/12.3.1/mno-hw-mul\libgcc.a
                0x00008000                        __alt_mem_onchip_memory2_0 = 0x8000

.entry          0x00008000       0x20
 *(.entry)
 .entry         0x00008000       0x20 c:/Users/juane/OneDrive/Documentos/QUARTUS/PROJETO_3_PHI/software/display_bsp//obj/HAL/src/crt0.o
                0x00008000                __reset
                0x0000800c                _exit

.exceptions     0x00008020        0x0
                0x00008020                        PROVIDE (__ram_exceptions_start = ABSOLUTE (.))
                0x00008020                        . = ALIGN (0x20)
 *(.irq)
 *(.exceptions.entry.label)
 *(.exceptions.entry.user)
 *(.exceptions.entry.ecc_fatal)
 *(.exceptions.entry)
 *(.exceptions.irqtest.user)
 *(.exceptions.irqtest)
 *(.exceptions.irqhandler.user)
 *(.exceptions.irqhandler)
 *(.exceptions.irqreturn.user)
 *(.exceptions.irqreturn)
 *(.exceptions.notirq.label)
 *(.exceptions.notirq.user)
 *(.exceptions.notirq)
 *(.exceptions.soft.user)
 *(.exceptions.soft)
 *(.exceptions.unknown.user)
 *(.exceptions.unknown)
 *(.exceptions.exit.label)
 *(.exceptions.exit.user)
 *(.exceptions.exit)
 *(.exceptions)
                0x00008020                        PROVIDE (__ram_exceptions_end = ABSOLUTE (.))
                0x00008020                        PROVIDE (__flash_exceptions_start = LOADADDR (.exceptions))

.text           0x00008020      0x438
                [!provide]                        PROVIDE (stext = ABSOLUTE (.))
 *(.interp)
 *(.hash)
 *(.dynsym)
 *(.dynstr)
 *(.gnu.version)
 *(.gnu.version_d)
 *(.gnu.version_r)
 *(.rel.init)
 *(.rela.init)
 *(.rel.text .rel.text.* .rel.gnu.linkonce.t.*)
 *(.rela.text .rela.text.* .rela.gnu.linkonce.t.*)
 *(.rel.fini)
 *(.rela.fini)
 *(.rel.rodata .rel.rodata.* .rel.gnu.linkonce.r.*)
 *(.rela.rodata .rela.rodata.* .rela.gnu.linkonce.r.*)
 *(.rel.data .rel.data.* .rel.gnu.linkonce.d.*)
 *(.rela.data .rela.data.* .rela.gnu.linkonce.d.*)
 *(.rel.tdata .rel.tdata.* .rel.gnu.linkonce.td.*)
 *(.rela.tdata .rela.tdata.* .rela.gnu.linkonce.td.*)
 *(.rel.tbss .rel.tbss.* .rel.gnu.linkonce.tb.*)
 *(.rela.tbss .rela.tbss.* .rela.gnu.linkonce.tb.*)
 *(.rel.ctors)
 *(.rela.ctors)
 *(.rel.dtors)
 *(.rela.dtors)
 *(.rel.got)
 *(.rela.got)
 *(.rel.sdata .rel.sdata.* .rel.gnu.linkonce.s.*)
 *(.rela.sdata .rela.sdata.* .rela.gnu.linkonce.s.*)
 *(.rel.sbss .rel.sbss.* .rel.gnu.linkonce.sb.*)
 *(.rela.sbss .rela.sbss.* .rela.gnu.linkonce.sb.*)
 *(.rel.sdata2 .rel.sdata2.* .rel.gnu.linkonce.s2.*)
 *(.rela.sdata2 .rela.sdata2.* .rela.gnu.linkonce.s2.*)
 *(.rel.sbss2 .rel.sbss2.* .rel.gnu.linkonce.sb2.*)
 *(.rela.sbss2 .rela.sbss2.* .rela.gnu.linkonce.sb2.*)
 *(.rel.bss .rel.bss.* .rel.gnu.linkonce.b.*)
 *(.rela.bss .rela.bss.* .rela.gnu.linkonce.b.*)
 *(.rel.plt)
 *(.rela.plt)
 *(.rel.dyn)
 *(.init)
 *(.plt)
 *(.text .stub .text.* .gnu.linkonce.t.*)
 .text          0x00008020       0x3c c:/Users/juane/OneDrive/Documentos/QUARTUS/PROJETO_3_PHI/software/display_bsp//obj/HAL/src/crt0.o
                0x00008020                _start
 .text          0x0000805c        0x0 obj/default/hello_world_small.o
 .text.startup  0x0000805c       0xa0 obj/default/hello_world_small.o
                0x0000805c                main
 .text          0x000080fc        0x0 c:/intelfpga_lite/23.1std/nios2eds/bin/gnu/h-x86_64-mingw32/bin/../lib/gcc/nios2-elf/12.3.1/../../../../../H-x86_64-mingw32/nios2-elf/lib/mno-hw-mul\libsmallc.a(libc_a-puts.o)
 .text._puts_r  0x000080fc       0x80 c:/intelfpga_lite/23.1std/nios2eds/bin/gnu/h-x86_64-mingw32/bin/../lib/gcc/nios2-elf/12.3.1/../../../../../H-x86_64-mingw32/nios2-elf/lib/mno-hw-mul\libsmallc.a(libc_a-puts.o)
                0x000080fc                _puts_r
 .text.puts     0x0000817c       0x10 c:/intelfpga_lite/23.1std/nios2eds/bin/gnu/h-x86_64-mingw32/bin/../lib/gcc/nios2-elf/12.3.1/../../../../../H-x86_64-mingw32/nios2-elf/lib/mno-hw-mul\libsmallc.a(libc_a-puts.o)
                0x0000817c                puts
 .text          0x0000818c        0x0 c:/intelfpga_lite/23.1std/nios2eds/bin/gnu/h-x86_64-mingw32/bin/../lib/gcc/nios2-elf/12.3.1/../../../../../H-x86_64-mingw32/nios2-elf/lib/mno-hw-mul\libsmallc.a(libc_a-memcpy.o)
 .text.memcpy   0x0000818c       0x28 c:/intelfpga_lite/23.1std/nios2eds/bin/gnu/h-x86_64-mingw32/bin/../lib/gcc/nios2-elf/12.3.1/../../../../../H-x86_64-mingw32/nios2-elf/lib/mno-hw-mul\libsmallc.a(libc_a-memcpy.o)
                0x0000818c                memcpy
 .text          0x000081b4        0x0 c:/intelfpga_lite/23.1std/nios2eds/bin/gnu/h-x86_64-mingw32/bin/../lib/gcc/nios2-elf/12.3.1/../../../../../H-x86_64-mingw32/nios2-elf/lib/mno-hw-mul\libsmallc.a(libc_a-memset.o)
 .text.memset   0x000081b4       0x20 c:/intelfpga_lite/23.1std/nios2eds/bin/gnu/h-x86_64-mingw32/bin/../lib/gcc/nios2-elf/12.3.1/../../../../../H-x86_64-mingw32/nios2-elf/lib/mno-hw-mul\libsmallc.a(libc_a-memset.o)
                0x000081b4                memset
 .text          0x000081d4        0x0 c:/intelfpga_lite/23.1std/nios2eds/bin/gnu/h-x86_64-mingw32/bin/../lib/gcc/nios2-elf/12.3.1/../../../../../H-x86_64-mingw32/nios2-elf/lib/mno-hw-mul\libsmallc.a(libc_a-strlen.o)
 .text.strlen   0x000081d4       0x1c c:/intelfpga_lite/23.1std/nios2eds/bin/gnu/h-x86_64-mingw32/bin/../lib/gcc/nios2-elf/12.3.1/../../../../../H-x86_64-mingw32/nios2-elf/lib/mno-hw-mul\libsmallc.a(libc_a-strlen.o)
                0x000081d4                strlen
 .text          0x000081f0        0x0 c:/intelfpga_lite/23.1std/nios2eds/bin/gnu/h-x86_64-mingw32/bin/../lib/gcc/nios2-elf/12.3.1/../../../../../H-x86_64-mingw32/nios2-elf/lib/mno-hw-mul\libsmallc.a(libc_a-impure.o)
 .text          0x000081f0        0x0 c:/intelfpga_lite/23.1std/nios2eds/bin/gnu/h-x86_64-mingw32/bin/../lib/gcc/nios2-elf/12.3.1/../../../../../H-x86_64-mingw32/nios2-elf/lib/mno-hw-mul\libsmallc.a(libc_a-fvwrite_small_dev.o)
 .text.__sfvwrite_small_dev
                0x000081f0       0xa8 c:/intelfpga_lite/23.1std/nios2eds/bin/gnu/h-x86_64-mingw32/bin/../lib/gcc/nios2-elf/12.3.1/../../../../../H-x86_64-mingw32/nios2-elf/lib/mno-hw-mul\libsmallc.a(libc_a-fvwrite_small_dev.o)
                0x000081f0                __sfvwrite_small_dev
 .text          0x00008298        0x0 c:/intelfpga_lite/23.1std/nios2eds/bin/gnu/h-x86_64-mingw32/bin/../lib/gcc/nios2-elf/12.3.1/../../../../../H-x86_64-mingw32/nios2-elf/lib/mno-hw-mul\libsmallc.a(libc_a-writer.o)
 .text._write_r
                0x00008298       0x50 c:/intelfpga_lite/23.1std/nios2eds/bin/gnu/h-x86_64-mingw32/bin/../lib/gcc/nios2-elf/12.3.1/../../../../../H-x86_64-mingw32/nios2-elf/lib/mno-hw-mul\libsmallc.a(libc_a-writer.o)
                0x00008298                _write_r
 .text          0x000082e8        0x0 c:/intelfpga_lite/23.1std/nios2eds/bin/gnu/h-x86_64-mingw32/bin/../lib/gcc/nios2-elf/12.3.1/../../../../../H-x86_64-mingw32/nios2-elf/lib/mno-hw-mul\libsmallc.a(libc_a-int_errno.o)
 .text          0x000082e8       0x84 c:/Users/juane/OneDrive/Documentos/QUARTUS/PROJETO_3_PHI/software/display_bsp/\libhal_bsp.a(alt_load.o)
                0x000082e8                alt_load
 .text          0x0000836c       0x2c c:/Users/juane/OneDrive/Documentos/QUARTUS/PROJETO_3_PHI/software/display_bsp/\libhal_bsp.a(alt_main.o)
                0x0000836c                alt_main
 .text          0x00008398       0x5c c:/Users/juane/OneDrive/Documentos/QUARTUS/PROJETO_3_PHI/software/display_bsp/\libhal_bsp.a(alt_write.o)
                0x00008398                write
 .text          0x000083f4       0x24 c:/Users/juane/OneDrive/Documentos/QUARTUS/PROJETO_3_PHI/software/display_bsp/\libhal_bsp.a(alt_sys_init.o)
                0x000083f4                alt_irq_init
                0x00008414                alt_sys_init
 .text          0x00008418       0x30 c:/Users/juane/OneDrive/Documentos/QUARTUS/PROJETO_3_PHI/software/display_bsp/\libhal_bsp.a(altera_avalon_jtag_uart_write.o)
                0x00008418                altera_avalon_jtag_uart_write
 .text          0x00008448        0x4 c:/Users/juane/OneDrive/Documentos/QUARTUS/PROJETO_3_PHI/software/display_bsp/\libhal_bsp.a(alt_dcache_flush_all.o)
                0x00008448                alt_dcache_flush_all
 .text          0x0000844c        0x0 c:/Users/juane/OneDrive/Documentos/QUARTUS/PROJETO_3_PHI/software/display_bsp/\libhal_bsp.a(alt_errno.o)
 .text          0x0000844c        0x4 c:/Users/juane/OneDrive/Documentos/QUARTUS/PROJETO_3_PHI/software/display_bsp/\libhal_bsp.a(alt_icache_flush_all.o)
                0x0000844c                alt_icache_flush_all
 .text          0x00008450        0x8 c:/Users/juane/OneDrive/Documentos/QUARTUS/PROJETO_3_PHI/software/display_bsp/\libhal_bsp.a(altera_nios2_gen2_irq.o)
                0x00008450                altera_nios2_gen2_irq_init
 *(.gnu.warning.*)
 *(.fini)
                [!provide]                        PROVIDE (__etext = ABSOLUTE (.))
                [!provide]                        PROVIDE (_etext = ABSOLUTE (.))
                [!provide]                        PROVIDE (etext = ABSOLUTE (.))
 *(.eh_frame_hdr)
                0x00008458                        . = ALIGN (0x4)
                [!provide]                        PROVIDE (__preinit_array_start = ABSOLUTE (.))
 *(.preinit_array)
                [!provide]                        PROVIDE (__preinit_array_end = ABSOLUTE (.))
                [!provide]                        PROVIDE (__init_array_start = ABSOLUTE (.))
 *(SORT_BY_INIT_PRIORITY(.init_array.*))
 *(.init_array)
                [!provide]                        PROVIDE (__init_array_end = ABSOLUTE (.))
                [!provide]                        PROVIDE (__fini_array_start = ABSOLUTE (.))
 *(.fini_array)
                [!provide]                        PROVIDE (__fini_array_end = ABSOLUTE (.))
 *(.eh_frame)
 *(.gcc_except_table .gcc_except_table.*)
 *(.dynamic)
                [!provide]                        PROVIDE (__CTOR_LIST__ = ABSOLUTE (.))
 *(.ctors)
 *(SORT_BY_NAME(.ctors.*))
                [!provide]                        PROVIDE (__CTOR_END__ = ABSOLUTE (.))
                [!provide]                        PROVIDE (__DTOR_LIST__ = ABSOLUTE (.))
 *(.dtors)
 *(SORT_BY_NAME(.dtors.*))
                [!provide]                        PROVIDE (__DTOR_END__ = ABSOLUTE (.))
 *(.jcr)
                0x00008458                        . = ALIGN (0x4)

.rodata         0x00008458       0xf0
                0x00008458                        PROVIDE (__ram_rodata_start = ABSOLUTE (.))
                0x00008458                        . = ALIGN (0x4)
 *(.rodata .rodata.* .gnu.linkonce.r.*)
 .rodata.str1.4
                0x00008458       0xca obj/default/hello_world_small.o
 *fill*         0x00008522        0x2 
 .rodata        0x00008524       0x20 obj/default/hello_world_small.o
 .rodata._puts_r.str1.4
                0x00008544        0x2 c:/intelfpga_lite/23.1std/nios2eds/bin/gnu/h-x86_64-mingw32/bin/../lib/gcc/nios2-elf/12.3.1/../../../../../H-x86_64-mingw32/nios2-elf/lib/mno-hw-mul\libsmallc.a(libc_a-puts.o)
 *(.rodata1)
                0x00008548                        . = ALIGN (0x4)
 *fill*         0x00008546        0x2 
                0x00008548                        PROVIDE (__ram_rodata_end = ABSOLUTE (.))
                0x00008458                        PROVIDE (__flash_rodata_start = LOADADDR (.rodata))

.rwdata         0x00008548       0x64 load address 0x000085ac
                0x00008548                        PROVIDE (__ram_rwdata_start = ABSOLUTE (.))
                0x00008548                        . = ALIGN (0x4)
 *(.got.plt)
 *(.got)
 *(.data1)
 *(.data .data.* .gnu.linkonce.d.*)
 .data          0x00008548        0x0 c:/Users/juane/OneDrive/Documentos/QUARTUS/PROJETO_3_PHI/software/display_bsp//obj/HAL/src/crt0.o
 .data          0x00008548        0x0 obj/default/hello_world_small.o
 .data          0x00008548        0x0 c:/intelfpga_lite/23.1std/nios2eds/bin/gnu/h-x86_64-mingw32/bin/../lib/gcc/nios2-elf/12.3.1/../../../../../H-x86_64-mingw32/nios2-elf/lib/mno-hw-mul\libsmallc.a(libc_a-puts.o)
 .data          0x00008548        0x0 c:/intelfpga_lite/23.1std/nios2eds/bin/gnu/h-x86_64-mingw32/bin/../lib/gcc/nios2-elf/12.3.1/../../../../../H-x86_64-mingw32/nios2-elf/lib/mno-hw-mul\libsmallc.a(libc_a-memcpy.o)
 .data          0x00008548        0x0 c:/intelfpga_lite/23.1std/nios2eds/bin/gnu/h-x86_64-mingw32/bin/../lib/gcc/nios2-elf/12.3.1/../../../../../H-x86_64-mingw32/nios2-elf/lib/mno-hw-mul\libsmallc.a(libc_a-memset.o)
 .data          0x00008548        0x0 c:/intelfpga_lite/23.1std/nios2eds/bin/gnu/h-x86_64-mingw32/bin/../lib/gcc/nios2-elf/12.3.1/../../../../../H-x86_64-mingw32/nios2-elf/lib/mno-hw-mul\libsmallc.a(libc_a-strlen.o)
 .data          0x00008548        0x0 c:/intelfpga_lite/23.1std/nios2eds/bin/gnu/h-x86_64-mingw32/bin/../lib/gcc/nios2-elf/12.3.1/../../../../../H-x86_64-mingw32/nios2-elf/lib/mno-hw-mul\libsmallc.a(libc_a-impure.o)
 .data._impure_data
                0x00008548       0x54 c:/intelfpga_lite/23.1std/nios2eds/bin/gnu/h-x86_64-mingw32/bin/../lib/gcc/nios2-elf/12.3.1/../../../../../H-x86_64-mingw32/nios2-elf/lib/mno-hw-mul\libsmallc.a(libc_a-impure.o)
                0x00008548                _impure_data
 .data          0x0000859c        0x0 c:/intelfpga_lite/23.1std/nios2eds/bin/gnu/h-x86_64-mingw32/bin/../lib/gcc/nios2-elf/12.3.1/../../../../../H-x86_64-mingw32/nios2-elf/lib/mno-hw-mul\libsmallc.a(libc_a-fvwrite_small_dev.o)
 .data          0x0000859c        0x0 c:/intelfpga_lite/23.1std/nios2eds/bin/gnu/h-x86_64-mingw32/bin/../lib/gcc/nios2-elf/12.3.1/../../../../../H-x86_64-mingw32/nios2-elf/lib/mno-hw-mul\libsmallc.a(libc_a-writer.o)
 .data          0x0000859c        0x0 c:/intelfpga_lite/23.1std/nios2eds/bin/gnu/h-x86_64-mingw32/bin/../lib/gcc/nios2-elf/12.3.1/../../../../../H-x86_64-mingw32/nios2-elf/lib/mno-hw-mul\libsmallc.a(libc_a-int_errno.o)
 .data          0x0000859c        0x0 c:/Users/juane/OneDrive/Documentos/QUARTUS/PROJETO_3_PHI/software/display_bsp/\libhal_bsp.a(alt_load.o)
 .data          0x0000859c        0x0 c:/Users/juane/OneDrive/Documentos/QUARTUS/PROJETO_3_PHI/software/display_bsp/\libhal_bsp.a(alt_main.o)
 .data          0x0000859c        0x0 c:/Users/juane/OneDrive/Documentos/QUARTUS/PROJETO_3_PHI/software/display_bsp/\libhal_bsp.a(alt_write.o)
 .data          0x0000859c        0x0 c:/Users/juane/OneDrive/Documentos/QUARTUS/PROJETO_3_PHI/software/display_bsp/\libhal_bsp.a(alt_sys_init.o)
 .data          0x0000859c        0x0 c:/Users/juane/OneDrive/Documentos/QUARTUS/PROJETO_3_PHI/software/display_bsp/\libhal_bsp.a(altera_avalon_jtag_uart_write.o)
 .data          0x0000859c        0x0 c:/Users/juane/OneDrive/Documentos/QUARTUS/PROJETO_3_PHI/software/display_bsp/\libhal_bsp.a(alt_dcache_flush_all.o)
 .data          0x0000859c        0x0 c:/Users/juane/OneDrive/Documentos/QUARTUS/PROJETO_3_PHI/software/display_bsp/\libhal_bsp.a(alt_errno.o)
 .data          0x0000859c        0x0 c:/Users/juane/OneDrive/Documentos/QUARTUS/PROJETO_3_PHI/software/display_bsp/\libhal_bsp.a(alt_icache_flush_all.o)
 .data          0x0000859c        0x0 c:/Users/juane/OneDrive/Documentos/QUARTUS/PROJETO_3_PHI/software/display_bsp/\libhal_bsp.a(altera_nios2_gen2_irq.o)
                0x0001059c                        _gp = ABSOLUTE ((. + 0x8000))
                [!provide]                        PROVIDE (gp = _gp)
 *(.rwdata .rwdata.*)
 *(.sdata .sdata.* .gnu.linkonce.s.*)
 .sdata._impure_ptr
                0x0000859c        0x4 c:/intelfpga_lite/23.1std/nios2eds/bin/gnu/h-x86_64-mingw32/bin/../lib/gcc/nios2-elf/12.3.1/../../../../../H-x86_64-mingw32/nios2-elf/lib/mno-hw-mul\libsmallc.a(libc_a-impure.o)
                0x0000859c                _impure_ptr
 .sdata         0x000085a0        0x8 c:/Users/juane/OneDrive/Documentos/QUARTUS/PROJETO_3_PHI/software/display_bsp/\libhal_bsp.a(alt_sys_init.o)
                0x000085a0                uart_0
                0x000085a4                jtag_uart_0
 .sdata         0x000085a8        0x4 c:/Users/juane/OneDrive/Documentos/QUARTUS/PROJETO_3_PHI/software/display_bsp/\libhal_bsp.a(alt_errno.o)
                0x000085a8                alt_errno
 *(.sdata2 .sdata2.* .gnu.linkonce.s2.*)
                0x000085ac                        . = ALIGN (0x4)
                0x000085ac                        _edata = ABSOLUTE (.)
                [!provide]                        PROVIDE (edata = ABSOLUTE (.))
                0x000085ac                        PROVIDE (__ram_rwdata_end = ABSOLUTE (.))
                0x000085ac                        PROVIDE (__flash_rwdata_start = LOADADDR (.rwdata))

.bss            0x00008610       0x10
                0x00008610                        __bss_start = ABSOLUTE (.)
                [!provide]                        PROVIDE (__sbss_start = ABSOLUTE (.))
                [!provide]                        PROVIDE (___sbss_start = ABSOLUTE (.))
 *(.dynsbss)
 *(.sbss .sbss.* .gnu.linkonce.sb.*)
 .sbss.errno    0x00008610        0x4 c:/intelfpga_lite/23.1std/nios2eds/bin/gnu/h-x86_64-mingw32/bin/../lib/gcc/nios2-elf/12.3.1/../../../../../H-x86_64-mingw32/nios2-elf/lib/mno-hw-mul\libsmallc.a(libc_a-int_errno.o)
                0x00008610                errno
 .sbss          0x00008614        0xc c:/Users/juane/OneDrive/Documentos/QUARTUS/PROJETO_3_PHI/software/display_bsp/\libhal_bsp.a(alt_main.o)
                0x00008614                alt_envp
                0x00008618                alt_argv
                0x0000861c                alt_argc
 *(.sbss2 .sbss2.* .gnu.linkonce.sb2.*)
 *(.scommon)
                [!provide]                        PROVIDE (__sbss_end = ABSOLUTE (.))
                [!provide]                        PROVIDE (___sbss_end = ABSOLUTE (.))
 *(.dynbss)
 *(.bss .bss.* .gnu.linkonce.b.*)
 .bss           0x00008620        0x0 c:/Users/juane/OneDrive/Documentos/QUARTUS/PROJETO_3_PHI/software/display_bsp//obj/HAL/src/crt0.o
 .bss           0x00008620        0x0 obj/default/hello_world_small.o
 .bss           0x00008620        0x0 c:/intelfpga_lite/23.1std/nios2eds/bin/gnu/h-x86_64-mingw32/bin/../lib/gcc/nios2-elf/12.3.1/../../../../../H-x86_64-mingw32/nios2-elf/lib/mno-hw-mul\libsmallc.a(libc_a-puts.o)
 .bss           0x00008620        0x0 c:/intelfpga_lite/23.1std/nios2eds/bin/gnu/h-x86_64-mingw32/bin/../lib/gcc/nios2-elf/12.3.1/../../../../../H-x86_64-mingw32/nios2-elf/lib/mno-hw-mul\libsmallc.a(libc_a-memcpy.o)
 .bss           0x00008620        0x0 c:/intelfpga_lite/23.1std/nios2eds/bin/gnu/h-x86_64-mingw32/bin/../lib/gcc/nios2-elf/12.3.1/../../../../../H-x86_64-mingw32/nios2-elf/lib/mno-hw-mul\libsmallc.a(libc_a-memset.o)
 .bss           0x00008620        0x0 c:/intelfpga_lite/23.1std/nios2eds/bin/gnu/h-x86_64-mingw32/bin/../lib/gcc/nios2-elf/12.3.1/../../../../../H-x86_64-mingw32/nios2-elf/lib/mno-hw-mul\libsmallc.a(libc_a-strlen.o)
 .bss           0x00008620        0x0 c:/intelfpga_lite/23.1std/nios2eds/bin/gnu/h-x86_64-mingw32/bin/../lib/gcc/nios2-elf/12.3.1/../../../../../H-x86_64-mingw32/nios2-elf/lib/mno-hw-mul\libsmallc.a(libc_a-impure.o)
 .bss           0x00008620        0x0 c:/intelfpga_lite/23.1std/nios2eds/bin/gnu/h-x86_64-mingw32/bin/../lib/gcc/nios2-elf/12.3.1/../../../../../H-x86_64-mingw32/nios2-elf/lib/mno-hw-mul\libsmallc.a(libc_a-fvwrite_small_dev.o)
 .bss           0x00008620        0x0 c:/intelfpga_lite/23.1std/nios2eds/bin/gnu/h-x86_64-mingw32/bin/../lib/gcc/nios2-elf/12.3.1/../../../../../H-x86_64-mingw32/nios2-elf/lib/mno-hw-mul\libsmallc.a(libc_a-writer.o)
 .bss           0x00008620        0x0 c:/intelfpga_lite/23.1std/nios2eds/bin/gnu/h-x86_64-mingw32/bin/../lib/gcc/nios2-elf/12.3.1/../../../../../H-x86_64-mingw32/nios2-elf/lib/mno-hw-mul\libsmallc.a(libc_a-int_errno.o)
 .bss           0x00008620        0x0 c:/Users/juane/OneDrive/Documentos/QUARTUS/PROJETO_3_PHI/software/display_bsp/\libhal_bsp.a(alt_load.o)
 .bss           0x00008620        0x0 c:/Users/juane/OneDrive/Documentos/QUARTUS/PROJETO_3_PHI/software/display_bsp/\libhal_bsp.a(alt_main.o)
 .bss           0x00008620        0x0 c:/Users/juane/OneDrive/Documentos/QUARTUS/PROJETO_3_PHI/software/display_bsp/\libhal_bsp.a(alt_write.o)
 .bss           0x00008620        0x0 c:/Users/juane/OneDrive/Documentos/QUARTUS/PROJETO_3_PHI/software/display_bsp/\libhal_bsp.a(alt_sys_init.o)
 .bss           0x00008620        0x0 c:/Users/juane/OneDrive/Documentos/QUARTUS/PROJETO_3_PHI/software/display_bsp/\libhal_bsp.a(altera_avalon_jtag_uart_write.o)
 .bss           0x00008620        0x0 c:/Users/juane/OneDrive/Documentos/QUARTUS/PROJETO_3_PHI/software/display_bsp/\libhal_bsp.a(alt_dcache_flush_all.o)
 .bss           0x00008620        0x0 c:/Users/juane/OneDrive/Documentos/QUARTUS/PROJETO_3_PHI/software/display_bsp/\libhal_bsp.a(alt_errno.o)
 .bss           0x00008620        0x0 c:/Users/juane/OneDrive/Documentos/QUARTUS/PROJETO_3_PHI/software/display_bsp/\libhal_bsp.a(alt_icache_flush_all.o)
 .bss           0x00008620        0x0 c:/Users/juane/OneDrive/Documentos/QUARTUS/PROJETO_3_PHI/software/display_bsp/\libhal_bsp.a(altera_nios2_gen2_irq.o)
 *(COMMON)
                0x00008620                        . = ALIGN (0x4)
                0x00008620                        __bss_end = ABSOLUTE (.)

.onchip_memory2_0
                0x00008620        0x0
                [!provide]                        PROVIDE (_alt_partition_onchip_memory2_0_start = ABSOLUTE (.))
 *(.onchip_memory2_0 .onchip_memory2_0. onchip_memory2_0.*)
                0x00008620                        . = ALIGN (0x4)
                [!provide]                        PROVIDE (_alt_partition_onchip_memory2_0_end = ABSOLUTE (.))
                0x00008620                        _end = ABSOLUTE (.)
                0x00008620                        end = ABSOLUTE (.)
                0x00008620                        __alt_stack_base = ABSOLUTE (.)
                [!provide]                        PROVIDE (_alt_partition_onchip_memory2_0_load_addr = LOADADDR (.onchip_memory2_0))

.stab
 *(.stab)

.stabstr
 *(.stabstr)

.stab.excl
 *(.stab.excl)

.stab.exclstr
 *(.stab.exclstr)

.stab.index
 *(.stab.index)

.stab.indexstr
 *(.stab.indexstr)

.comment        0x00000000       0x2d
 *(.comment)
 .comment       0x00000000       0x2d obj/default/hello_world_small.o
                                 0x2e (size before relaxing)
 .comment       0x0000002d       0x2e c:/intelfpga_lite/23.1std/nios2eds/bin/gnu/h-x86_64-mingw32/bin/../lib/gcc/nios2-elf/12.3.1/../../../../../H-x86_64-mingw32/nios2-elf/lib/mno-hw-mul\libsmallc.a(libc_a-puts.o)
 .comment       0x0000002d       0x2e c:/intelfpga_lite/23.1std/nios2eds/bin/gnu/h-x86_64-mingw32/bin/../lib/gcc/nios2-elf/12.3.1/../../../../../H-x86_64-mingw32/nios2-elf/lib/mno-hw-mul\libsmallc.a(libc_a-memcpy.o)
 .comment       0x0000002d       0x2e c:/intelfpga_lite/23.1std/nios2eds/bin/gnu/h-x86_64-mingw32/bin/../lib/gcc/nios2-elf/12.3.1/../../../../../H-x86_64-mingw32/nios2-elf/lib/mno-hw-mul\libsmallc.a(libc_a-memset.o)
 .comment       0x0000002d       0x2e c:/intelfpga_lite/23.1std/nios2eds/bin/gnu/h-x86_64-mingw32/bin/../lib/gcc/nios2-elf/12.3.1/../../../../../H-x86_64-mingw32/nios2-elf/lib/mno-hw-mul\libsmallc.a(libc_a-strlen.o)
 .comment       0x0000002d       0x2e c:/intelfpga_lite/23.1std/nios2eds/bin/gnu/h-x86_64-mingw32/bin/../lib/gcc/nios2-elf/12.3.1/../../../../../H-x86_64-mingw32/nios2-elf/lib/mno-hw-mul\libsmallc.a(libc_a-impure.o)
 .comment       0x0000002d       0x2e c:/intelfpga_lite/23.1std/nios2eds/bin/gnu/h-x86_64-mingw32/bin/../lib/gcc/nios2-elf/12.3.1/../../../../../H-x86_64-mingw32/nios2-elf/lib/mno-hw-mul\libsmallc.a(libc_a-fvwrite_small_dev.o)
 .comment       0x0000002d       0x2e c:/intelfpga_lite/23.1std/nios2eds/bin/gnu/h-x86_64-mingw32/bin/../lib/gcc/nios2-elf/12.3.1/../../../../../H-x86_64-mingw32/nios2-elf/lib/mno-hw-mul\libsmallc.a(libc_a-writer.o)
 .comment       0x0000002d       0x2e c:/intelfpga_lite/23.1std/nios2eds/bin/gnu/h-x86_64-mingw32/bin/../lib/gcc/nios2-elf/12.3.1/../../../../../H-x86_64-mingw32/nios2-elf/lib/mno-hw-mul\libsmallc.a(libc_a-int_errno.o)
 .comment       0x0000002d       0x2e c:/Users/juane/OneDrive/Documentos/QUARTUS/PROJETO_3_PHI/software/display_bsp/\libhal_bsp.a(alt_load.o)
 .comment       0x0000002d       0x2e c:/Users/juane/OneDrive/Documentos/QUARTUS/PROJETO_3_PHI/software/display_bsp/\libhal_bsp.a(alt_main.o)
 .comment       0x0000002d       0x2e c:/Users/juane/OneDrive/Documentos/QUARTUS/PROJETO_3_PHI/software/display_bsp/\libhal_bsp.a(alt_write.o)
 .comment       0x0000002d       0x2e c:/Users/juane/OneDrive/Documentos/QUARTUS/PROJETO_3_PHI/software/display_bsp/\libhal_bsp.a(alt_sys_init.o)
 .comment       0x0000002d       0x2e c:/Users/juane/OneDrive/Documentos/QUARTUS/PROJETO_3_PHI/software/display_bsp/\libhal_bsp.a(altera_avalon_jtag_uart_write.o)
 .comment       0x0000002d       0x2e c:/Users/juane/OneDrive/Documentos/QUARTUS/PROJETO_3_PHI/software/display_bsp/\libhal_bsp.a(alt_dcache_flush_all.o)
 .comment       0x0000002d       0x2e c:/Users/juane/OneDrive/Documentos/QUARTUS/PROJETO_3_PHI/software/display_bsp/\libhal_bsp.a(alt_errno.o)
 .comment       0x0000002d       0x2e c:/Users/juane/OneDrive/Documentos/QUARTUS/PROJETO_3_PHI/software/display_bsp/\libhal_bsp.a(alt_icache_flush_all.o)
 .comment       0x0000002d       0x2e c:/Users/juane/OneDrive/Documentos/QUARTUS/PROJETO_3_PHI/software/display_bsp/\libhal_bsp.a(altera_nios2_gen2_irq.o)

.debug
 *(.debug)

.line
 *(.line)

.debug_srcinfo
 *(.debug_srcinfo)

.debug_sfnames
 *(.debug_sfnames)

.debug_aranges  0x00000000      0x258
 *(.debug_aranges)
 .debug_aranges
                0x00000000       0x28 c:/Users/juane/OneDrive/Documentos/QUARTUS/PROJETO_3_PHI/software/display_bsp//obj/HAL/src/crt0.o
 .debug_aranges
                0x00000028       0x20 obj/default/hello_world_small.o
 .debug_aranges
                0x00000048       0x28 c:/intelfpga_lite/23.1std/nios2eds/bin/gnu/h-x86_64-mingw32/bin/../lib/gcc/nios2-elf/12.3.1/../../../../../H-x86_64-mingw32/nios2-elf/lib/mno-hw-mul\libsmallc.a(libc_a-puts.o)
 .debug_aranges
                0x00000070       0x20 c:/intelfpga_lite/23.1std/nios2eds/bin/gnu/h-x86_64-mingw32/bin/../lib/gcc/nios2-elf/12.3.1/../../../../../H-x86_64-mingw32/nios2-elf/lib/mno-hw-mul\libsmallc.a(libc_a-memcpy.o)
 .debug_aranges
                0x00000090       0x20 c:/intelfpga_lite/23.1std/nios2eds/bin/gnu/h-x86_64-mingw32/bin/../lib/gcc/nios2-elf/12.3.1/../../../../../H-x86_64-mingw32/nios2-elf/lib/mno-hw-mul\libsmallc.a(libc_a-memset.o)
 .debug_aranges
                0x000000b0       0x20 c:/intelfpga_lite/23.1std/nios2eds/bin/gnu/h-x86_64-mingw32/bin/../lib/gcc/nios2-elf/12.3.1/../../../../../H-x86_64-mingw32/nios2-elf/lib/mno-hw-mul\libsmallc.a(libc_a-strlen.o)
 .debug_aranges
                0x000000d0       0x18 c:/intelfpga_lite/23.1std/nios2eds/bin/gnu/h-x86_64-mingw32/bin/../lib/gcc/nios2-elf/12.3.1/../../../../../H-x86_64-mingw32/nios2-elf/lib/mno-hw-mul\libsmallc.a(libc_a-impure.o)
 .debug_aranges
                0x000000e8       0x20 c:/intelfpga_lite/23.1std/nios2eds/bin/gnu/h-x86_64-mingw32/bin/../lib/gcc/nios2-elf/12.3.1/../../../../../H-x86_64-mingw32/nios2-elf/lib/mno-hw-mul\libsmallc.a(libc_a-fvwrite_small_dev.o)
 .debug_aranges
                0x00000108       0x20 c:/intelfpga_lite/23.1std/nios2eds/bin/gnu/h-x86_64-mingw32/bin/../lib/gcc/nios2-elf/12.3.1/../../../../../H-x86_64-mingw32/nios2-elf/lib/mno-hw-mul\libsmallc.a(libc_a-writer.o)
 .debug_aranges
                0x00000128       0x18 c:/intelfpga_lite/23.1std/nios2eds/bin/gnu/h-x86_64-mingw32/bin/../lib/gcc/nios2-elf/12.3.1/../../../../../H-x86_64-mingw32/nios2-elf/lib/mno-hw-mul\libsmallc.a(libc_a-int_errno.o)
 .debug_aranges
                0x00000140       0x20 c:/Users/juane/OneDrive/Documentos/QUARTUS/PROJETO_3_PHI/software/display_bsp/\libhal_bsp.a(alt_load.o)
 .debug_aranges
                0x00000160       0x20 c:/Users/juane/OneDrive/Documentos/QUARTUS/PROJETO_3_PHI/software/display_bsp/\libhal_bsp.a(alt_main.o)
 .debug_aranges
                0x00000180       0x20 c:/Users/juane/OneDrive/Documentos/QUARTUS/PROJETO_3_PHI/software/display_bsp/\libhal_bsp.a(alt_write.o)
 .debug_aranges
                0x000001a0       0x20 c:/Users/juane/OneDrive/Documentos/QUARTUS/PROJETO_3_PHI/software/display_bsp/\libhal_bsp.a(alt_sys_init.o)
 .debug_aranges
                0x000001c0       0x20 c:/Users/juane/OneDrive/Documentos/QUARTUS/PROJETO_3_PHI/software/display_bsp/\libhal_bsp.a(altera_avalon_jtag_uart_write.o)
 .debug_aranges
                0x000001e0       0x20 c:/Users/juane/OneDrive/Documentos/QUARTUS/PROJETO_3_PHI/software/display_bsp/\libhal_bsp.a(alt_dcache_flush_all.o)
 .debug_aranges
                0x00000200       0x18 c:/Users/juane/OneDrive/Documentos/QUARTUS/PROJETO_3_PHI/software/display_bsp/\libhal_bsp.a(alt_errno.o)
 .debug_aranges
                0x00000218       0x20 c:/Users/juane/OneDrive/Documentos/QUARTUS/PROJETO_3_PHI/software/display_bsp/\libhal_bsp.a(alt_icache_flush_all.o)
 .debug_aranges
                0x00000238       0x20 c:/Users/juane/OneDrive/Documentos/QUARTUS/PROJETO_3_PHI/software/display_bsp/\libhal_bsp.a(altera_nios2_gen2_irq.o)

.debug_pubnames
 *(.debug_pubnames)

.debug_info     0x00000000     0x25b1
 *(.debug_info .gnu.linkonce.wi.*)
 .debug_info    0x00000000       0x3f c:/Users/juane/OneDrive/Documentos/QUARTUS/PROJETO_3_PHI/software/display_bsp//obj/HAL/src/crt0.o
 .debug_info    0x0000003f      0x1cb obj/default/hello_world_small.o
 .debug_info    0x0000020a      0x5ec c:/intelfpga_lite/23.1std/nios2eds/bin/gnu/h-x86_64-mingw32/bin/../lib/gcc/nios2-elf/12.3.1/../../../../../H-x86_64-mingw32/nios2-elf/lib/mno-hw-mul\libsmallc.a(libc_a-puts.o)
 .debug_info    0x000007f6      0x121 c:/intelfpga_lite/23.1std/nios2eds/bin/gnu/h-x86_64-mingw32/bin/../lib/gcc/nios2-elf/12.3.1/../../../../../H-x86_64-mingw32/nios2-elf/lib/mno-hw-mul\libsmallc.a(libc_a-memcpy.o)
 .debug_info    0x00000917       0xe6 c:/intelfpga_lite/23.1std/nios2eds/bin/gnu/h-x86_64-mingw32/bin/../lib/gcc/nios2-elf/12.3.1/../../../../../H-x86_64-mingw32/nios2-elf/lib/mno-hw-mul\libsmallc.a(libc_a-memset.o)
 .debug_info    0x000009fd       0xd1 c:/intelfpga_lite/23.1std/nios2eds/bin/gnu/h-x86_64-mingw32/bin/../lib/gcc/nios2-elf/12.3.1/../../../../../H-x86_64-mingw32/nios2-elf/lib/mno-hw-mul\libsmallc.a(libc_a-strlen.o)
 .debug_info    0x00000ace      0x4eb c:/intelfpga_lite/23.1std/nios2eds/bin/gnu/h-x86_64-mingw32/bin/../lib/gcc/nios2-elf/12.3.1/../../../../../H-x86_64-mingw32/nios2-elf/lib/mno-hw-mul\libsmallc.a(libc_a-impure.o)
 .debug_info    0x00000fb9      0x5c4 c:/intelfpga_lite/23.1std/nios2eds/bin/gnu/h-x86_64-mingw32/bin/../lib/gcc/nios2-elf/12.3.1/../../../../../H-x86_64-mingw32/nios2-elf/lib/mno-hw-mul\libsmallc.a(libc_a-fvwrite_small_dev.o)
 .debug_info    0x0000157d      0x5a4 c:/intelfpga_lite/23.1std/nios2eds/bin/gnu/h-x86_64-mingw32/bin/../lib/gcc/nios2-elf/12.3.1/../../../../../H-x86_64-mingw32/nios2-elf/lib/mno-hw-mul\libsmallc.a(libc_a-writer.o)
 .debug_info    0x00001b21       0x85 c:/intelfpga_lite/23.1std/nios2eds/bin/gnu/h-x86_64-mingw32/bin/../lib/gcc/nios2-elf/12.3.1/../../../../../H-x86_64-mingw32/nios2-elf/lib/mno-hw-mul\libsmallc.a(libc_a-int_errno.o)
 .debug_info    0x00001ba6      0x239 c:/Users/juane/OneDrive/Documentos/QUARTUS/PROJETO_3_PHI/software/display_bsp/\libhal_bsp.a(alt_load.o)
 .debug_info    0x00001ddf      0x13e c:/Users/juane/OneDrive/Documentos/QUARTUS/PROJETO_3_PHI/software/display_bsp/\libhal_bsp.a(alt_main.o)
 .debug_info    0x00001f1d      0x1a8 c:/Users/juane/OneDrive/Documentos/QUARTUS/PROJETO_3_PHI/software/display_bsp/\libhal_bsp.a(alt_write.o)
 .debug_info    0x000020c5      0x154 c:/Users/juane/OneDrive/Documentos/QUARTUS/PROJETO_3_PHI/software/display_bsp/\libhal_bsp.a(alt_sys_init.o)
 .debug_info    0x00002219      0x149 c:/Users/juane/OneDrive/Documentos/QUARTUS/PROJETO_3_PHI/software/display_bsp/\libhal_bsp.a(altera_avalon_jtag_uart_write.o)
 .debug_info    0x00002362       0x8d c:/Users/juane/OneDrive/Documentos/QUARTUS/PROJETO_3_PHI/software/display_bsp/\libhal_bsp.a(alt_dcache_flush_all.o)
 .debug_info    0x000023ef       0xa8 c:/Users/juane/OneDrive/Documentos/QUARTUS/PROJETO_3_PHI/software/display_bsp/\libhal_bsp.a(alt_errno.o)
 .debug_info    0x00002497       0x8d c:/Users/juane/OneDrive/Documentos/QUARTUS/PROJETO_3_PHI/software/display_bsp/\libhal_bsp.a(alt_icache_flush_all.o)
 .debug_info    0x00002524       0x8d c:/Users/juane/OneDrive/Documentos/QUARTUS/PROJETO_3_PHI/software/display_bsp/\libhal_bsp.a(altera_nios2_gen2_irq.o)

.debug_abbrev   0x00000000      0xfe2
 *(.debug_abbrev)
 .debug_abbrev  0x00000000       0x1f c:/Users/juane/OneDrive/Documentos/QUARTUS/PROJETO_3_PHI/software/display_bsp//obj/HAL/src/crt0.o
 .debug_abbrev  0x0000001f       0xbb obj/default/hello_world_small.o
 .debug_abbrev  0x000000da      0x1db c:/intelfpga_lite/23.1std/nios2eds/bin/gnu/h-x86_64-mingw32/bin/../lib/gcc/nios2-elf/12.3.1/../../../../../H-x86_64-mingw32/nios2-elf/lib/mno-hw-mul\libsmallc.a(libc_a-puts.o)
 .debug_abbrev  0x000002b5       0xc1 c:/intelfpga_lite/23.1std/nios2eds/bin/gnu/h-x86_64-mingw32/bin/../lib/gcc/nios2-elf/12.3.1/../../../../../H-x86_64-mingw32/nios2-elf/lib/mno-hw-mul\libsmallc.a(libc_a-memcpy.o)
 .debug_abbrev  0x00000376       0x9e c:/intelfpga_lite/23.1std/nios2eds/bin/gnu/h-x86_64-mingw32/bin/../lib/gcc/nios2-elf/12.3.1/../../../../../H-x86_64-mingw32/nios2-elf/lib/mno-hw-mul\libsmallc.a(libc_a-memset.o)
 .debug_abbrev  0x00000414       0x8c c:/intelfpga_lite/23.1std/nios2eds/bin/gnu/h-x86_64-mingw32/bin/../lib/gcc/nios2-elf/12.3.1/../../../../../H-x86_64-mingw32/nios2-elf/lib/mno-hw-mul\libsmallc.a(libc_a-strlen.o)
 .debug_abbrev  0x000004a0      0x142 c:/intelfpga_lite/23.1std/nios2eds/bin/gnu/h-x86_64-mingw32/bin/../lib/gcc/nios2-elf/12.3.1/../../../../../H-x86_64-mingw32/nios2-elf/lib/mno-hw-mul\libsmallc.a(libc_a-impure.o)
 .debug_abbrev  0x000005e2      0x1c9 c:/intelfpga_lite/23.1std/nios2eds/bin/gnu/h-x86_64-mingw32/bin/../lib/gcc/nios2-elf/12.3.1/../../../../../H-x86_64-mingw32/nios2-elf/lib/mno-hw-mul\libsmallc.a(libc_a-fvwrite_small_dev.o)
 .debug_abbrev  0x000007ab      0x1ae c:/intelfpga_lite/23.1std/nios2eds/bin/gnu/h-x86_64-mingw32/bin/../lib/gcc/nios2-elf/12.3.1/../../../../../H-x86_64-mingw32/nios2-elf/lib/mno-hw-mul\libsmallc.a(libc_a-writer.o)
 .debug_abbrev  0x00000959       0x39 c:/intelfpga_lite/23.1std/nios2eds/bin/gnu/h-x86_64-mingw32/bin/../lib/gcc/nios2-elf/12.3.1/../../../../../H-x86_64-mingw32/nios2-elf/lib/mno-hw-mul\libsmallc.a(libc_a-int_errno.o)
 .debug_abbrev  0x00000992      0x12c c:/Users/juane/OneDrive/Documentos/QUARTUS/PROJETO_3_PHI/software/display_bsp/\libhal_bsp.a(alt_load.o)
 .debug_abbrev  0x00000abe       0xeb c:/Users/juane/OneDrive/Documentos/QUARTUS/PROJETO_3_PHI/software/display_bsp/\libhal_bsp.a(alt_main.o)
 .debug_abbrev  0x00000ba9      0x117 c:/Users/juane/OneDrive/Documentos/QUARTUS/PROJETO_3_PHI/software/display_bsp/\libhal_bsp.a(alt_write.o)
 .debug_abbrev  0x00000cc0      0x10d c:/Users/juane/OneDrive/Documentos/QUARTUS/PROJETO_3_PHI/software/display_bsp/\libhal_bsp.a(alt_sys_init.o)
 .debug_abbrev  0x00000dcd       0xdc c:/Users/juane/OneDrive/Documentos/QUARTUS/PROJETO_3_PHI/software/display_bsp/\libhal_bsp.a(altera_avalon_jtag_uart_write.o)
 .debug_abbrev  0x00000ea9       0x43 c:/Users/juane/OneDrive/Documentos/QUARTUS/PROJETO_3_PHI/software/display_bsp/\libhal_bsp.a(alt_dcache_flush_all.o)
 .debug_abbrev  0x00000eec       0x70 c:/Users/juane/OneDrive/Documentos/QUARTUS/PROJETO_3_PHI/software/display_bsp/\libhal_bsp.a(alt_errno.o)
 .debug_abbrev  0x00000f5c       0x43 c:/Users/juane/OneDrive/Documentos/QUARTUS/PROJETO_3_PHI/software/display_bsp/\libhal_bsp.a(alt_icache_flush_all.o)
 .debug_abbrev  0x00000f9f       0x43 c:/Users/juane/OneDrive/Documentos/QUARTUS/PROJETO_3_PHI/software/display_bsp/\libhal_bsp.a(altera_nios2_gen2_irq.o)

.debug_line     0x00000000      0xa13
 *(.debug_line)
 .debug_line    0x00000000       0x66 c:/Users/juane/OneDrive/Documentos/QUARTUS/PROJETO_3_PHI/software/display_bsp//obj/HAL/src/crt0.o
 .debug_line    0x00000066       0xa8 obj/default/hello_world_small.o
 .debug_line    0x0000010e       0xc2 c:/intelfpga_lite/23.1std/nios2eds/bin/gnu/h-x86_64-mingw32/bin/../lib/gcc/nios2-elf/12.3.1/../../../../../H-x86_64-mingw32/nios2-elf/lib/mno-hw-mul\libsmallc.a(libc_a-puts.o)
 .debug_line    0x000001d0       0x8c c:/intelfpga_lite/23.1std/nios2eds/bin/gnu/h-x86_64-mingw32/bin/../lib/gcc/nios2-elf/12.3.1/../../../../../H-x86_64-mingw32/nios2-elf/lib/mno-hw-mul\libsmallc.a(libc_a-memcpy.o)
 .debug_line    0x0000025c       0x87 c:/intelfpga_lite/23.1std/nios2eds/bin/gnu/h-x86_64-mingw32/bin/../lib/gcc/nios2-elf/12.3.1/../../../../../H-x86_64-mingw32/nios2-elf/lib/mno-hw-mul\libsmallc.a(libc_a-memset.o)
 .debug_line    0x000002e3       0x7c c:/intelfpga_lite/23.1std/nios2eds/bin/gnu/h-x86_64-mingw32/bin/../lib/gcc/nios2-elf/12.3.1/../../../../../H-x86_64-mingw32/nios2-elf/lib/mno-hw-mul\libsmallc.a(libc_a-strlen.o)
 .debug_line    0x0000035f       0x4c c:/intelfpga_lite/23.1std/nios2eds/bin/gnu/h-x86_64-mingw32/bin/../lib/gcc/nios2-elf/12.3.1/../../../../../H-x86_64-mingw32/nios2-elf/lib/mno-hw-mul\libsmallc.a(libc_a-impure.o)
 .debug_line    0x000003ab       0xd7 c:/intelfpga_lite/23.1std/nios2eds/bin/gnu/h-x86_64-mingw32/bin/../lib/gcc/nios2-elf/12.3.1/../../../../../H-x86_64-mingw32/nios2-elf/lib/mno-hw-mul\libsmallc.a(libc_a-fvwrite_small_dev.o)
 .debug_line    0x00000482       0xae c:/intelfpga_lite/23.1std/nios2eds/bin/gnu/h-x86_64-mingw32/bin/../lib/gcc/nios2-elf/12.3.1/../../../../../H-x86_64-mingw32/nios2-elf/lib/mno-hw-mul\libsmallc.a(libc_a-writer.o)
 .debug_line    0x00000530       0x3a c:/intelfpga_lite/23.1std/nios2eds/bin/gnu/h-x86_64-mingw32/bin/../lib/gcc/nios2-elf/12.3.1/../../../../../H-x86_64-mingw32/nios2-elf/lib/mno-hw-mul\libsmallc.a(libc_a-int_errno.o)
 .debug_line    0x0000056a       0xd2 c:/Users/juane/OneDrive/Documentos/QUARTUS/PROJETO_3_PHI/software/display_bsp/\libhal_bsp.a(alt_load.o)
 .debug_line    0x0000063c       0xa2 c:/Users/juane/OneDrive/Documentos/QUARTUS/PROJETO_3_PHI/software/display_bsp/\libhal_bsp.a(alt_main.o)
 .debug_line    0x000006de       0xc5 c:/Users/juane/OneDrive/Documentos/QUARTUS/PROJETO_3_PHI/software/display_bsp/\libhal_bsp.a(alt_write.o)
 .debug_line    0x000007a3       0xa3 c:/Users/juane/OneDrive/Documentos/QUARTUS/PROJETO_3_PHI/software/display_bsp/\libhal_bsp.a(alt_sys_init.o)
 .debug_line    0x00000846       0x93 c:/Users/juane/OneDrive/Documentos/QUARTUS/PROJETO_3_PHI/software/display_bsp/\libhal_bsp.a(altera_avalon_jtag_uart_write.o)
 .debug_line    0x000008d9       0x4e c:/Users/juane/OneDrive/Documentos/QUARTUS/PROJETO_3_PHI/software/display_bsp/\libhal_bsp.a(alt_dcache_flush_all.o)
 .debug_line    0x00000927       0x4c c:/Users/juane/OneDrive/Documentos/QUARTUS/PROJETO_3_PHI/software/display_bsp/\libhal_bsp.a(alt_errno.o)
 .debug_line    0x00000973       0x4c c:/Users/juane/OneDrive/Documentos/QUARTUS/PROJETO_3_PHI/software/display_bsp/\libhal_bsp.a(alt_icache_flush_all.o)
 .debug_line    0x000009bf       0x54 c:/Users/juane/OneDrive/Documentos/QUARTUS/PROJETO_3_PHI/software/display_bsp/\libhal_bsp.a(altera_nios2_gen2_irq.o)

.debug_frame    0x00000000      0x27c
 *(.debug_frame)
 .debug_frame   0x00000000       0x28 obj/default/hello_world_small.o
 .debug_frame   0x00000028       0x48 c:/intelfpga_lite/23.1std/nios2eds/bin/gnu/h-x86_64-mingw32/bin/../lib/gcc/nios2-elf/12.3.1/../../../../../H-x86_64-mingw32/nios2-elf/lib/mno-hw-mul\libsmallc.a(libc_a-puts.o)
 .debug_frame   0x00000070       0x20 c:/intelfpga_lite/23.1std/nios2eds/bin/gnu/h-x86_64-mingw32/bin/../lib/gcc/nios2-elf/12.3.1/../../../../../H-x86_64-mingw32/nios2-elf/lib/mno-hw-mul\libsmallc.a(libc_a-memcpy.o)
 .debug_frame   0x00000090       0x20 c:/intelfpga_lite/23.1std/nios2eds/bin/gnu/h-x86_64-mingw32/bin/../lib/gcc/nios2-elf/12.3.1/../../../../../H-x86_64-mingw32/nios2-elf/lib/mno-hw-mul\libsmallc.a(libc_a-memset.o)
 .debug_frame   0x000000b0       0x20 c:/intelfpga_lite/23.1std/nios2eds/bin/gnu/h-x86_64-mingw32/bin/../lib/gcc/nios2-elf/12.3.1/../../../../../H-x86_64-mingw32/nios2-elf/lib/mno-hw-mul\libsmallc.a(libc_a-strlen.o)
 .debug_frame   0x000000d0       0x3c c:/intelfpga_lite/23.1std/nios2eds/bin/gnu/h-x86_64-mingw32/bin/../lib/gcc/nios2-elf/12.3.1/../../../../../H-x86_64-mingw32/nios2-elf/lib/mno-hw-mul\libsmallc.a(libc_a-fvwrite_small_dev.o)
 .debug_frame   0x0000010c       0x30 c:/intelfpga_lite/23.1std/nios2eds/bin/gnu/h-x86_64-mingw32/bin/../lib/gcc/nios2-elf/12.3.1/../../../../../H-x86_64-mingw32/nios2-elf/lib/mno-hw-mul\libsmallc.a(libc_a-writer.o)
 .debug_frame   0x0000013c       0x2c c:/Users/juane/OneDrive/Documentos/QUARTUS/PROJETO_3_PHI/software/display_bsp/\libhal_bsp.a(alt_load.o)
 .debug_frame   0x00000168       0x2c c:/Users/juane/OneDrive/Documentos/QUARTUS/PROJETO_3_PHI/software/display_bsp/\libhal_bsp.a(alt_main.o)
 .debug_frame   0x00000194       0x2c c:/Users/juane/OneDrive/Documentos/QUARTUS/PROJETO_3_PHI/software/display_bsp/\libhal_bsp.a(alt_write.o)
 .debug_frame   0x000001c0       0x3c c:/Users/juane/OneDrive/Documentos/QUARTUS/PROJETO_3_PHI/software/display_bsp/\libhal_bsp.a(alt_sys_init.o)
 .debug_frame   0x000001fc       0x20 c:/Users/juane/OneDrive/Documentos/QUARTUS/PROJETO_3_PHI/software/display_bsp/\libhal_bsp.a(altera_avalon_jtag_uart_write.o)
 .debug_frame   0x0000021c       0x20 c:/Users/juane/OneDrive/Documentos/QUARTUS/PROJETO_3_PHI/software/display_bsp/\libhal_bsp.a(alt_dcache_flush_all.o)
 .debug_frame   0x0000023c       0x20 c:/Users/juane/OneDrive/Documentos/QUARTUS/PROJETO_3_PHI/software/display_bsp/\libhal_bsp.a(alt_icache_flush_all.o)
 .debug_frame   0x0000025c       0x20 c:/Users/juane/OneDrive/Documentos/QUARTUS/PROJETO_3_PHI/software/display_bsp/\libhal_bsp.a(altera_nios2_gen2_irq.o)

.debug_str      0x00000000      0x6f2
 *(.debug_str)
 .debug_str     0x00000000       0x74 c:/Users/juane/OneDrive/Documentos/QUARTUS/PROJETO_3_PHI/software/display_bsp//obj/HAL/src/crt0.o
                                 0x7b (size before relaxing)
 .debug_str     0x00000074       0xf3 obj/default/hello_world_small.o
                                0x144 (size before relaxing)
 .debug_str     0x00000167      0x2f8 c:/intelfpga_lite/23.1std/nios2eds/bin/gnu/h-x86_64-mingw32/bin/../lib/gcc/nios2-elf/12.3.1/../../../../../H-x86_64-mingw32/nios2-elf/lib/mno-hw-mul\libsmallc.a(libc_a-puts.o)
                                0x3b3 (size before relaxing)
 .debug_str     0x0000045f       0x14 c:/intelfpga_lite/23.1std/nios2eds/bin/gnu/h-x86_64-mingw32/bin/../lib/gcc/nios2-elf/12.3.1/../../../../../H-x86_64-mingw32/nios2-elf/lib/mno-hw-mul\libsmallc.a(libc_a-memcpy.o)
                                0x122 (size before relaxing)
 .debug_str     0x00000473      0x10e c:/intelfpga_lite/23.1std/nios2eds/bin/gnu/h-x86_64-mingw32/bin/../lib/gcc/nios2-elf/12.3.1/../../../../../H-x86_64-mingw32/nios2-elf/lib/mno-hw-mul\libsmallc.a(libc_a-memset.o)
 .debug_str     0x00000473       0x14 c:/intelfpga_lite/23.1std/nios2eds/bin/gnu/h-x86_64-mingw32/bin/../lib/gcc/nios2-elf/12.3.1/../../../../../H-x86_64-mingw32/nios2-elf/lib/mno-hw-mul\libsmallc.a(libc_a-strlen.o)
                                0x114 (size before relaxing)
 .debug_str     0x00000473        0xd c:/intelfpga_lite/23.1std/nios2eds/bin/gnu/h-x86_64-mingw32/bin/../lib/gcc/nios2-elf/12.3.1/../../../../../H-x86_64-mingw32/nios2-elf/lib/mno-hw-mul\libsmallc.a(libc_a-impure.o)
                                0x390 (size before relaxing)
 .debug_str     0x00000480       0x25 c:/intelfpga_lite/23.1std/nios2eds/bin/gnu/h-x86_64-mingw32/bin/../lib/gcc/nios2-elf/12.3.1/../../../../../H-x86_64-mingw32/nios2-elf/lib/mno-hw-mul\libsmallc.a(libc_a-fvwrite_small_dev.o)
                                0x3bd (size before relaxing)
 .debug_str     0x000004a5       0x25 c:/intelfpga_lite/23.1std/nios2eds/bin/gnu/h-x86_64-mingw32/bin/../lib/gcc/nios2-elf/12.3.1/../../../../../H-x86_64-mingw32/nios2-elf/lib/mno-hw-mul\libsmallc.a(libc_a-writer.o)
                                0x39c (size before relaxing)
 .debug_str     0x000004a5      0x106 c:/intelfpga_lite/23.1std/nios2eds/bin/gnu/h-x86_64-mingw32/bin/../lib/gcc/nios2-elf/12.3.1/../../../../../H-x86_64-mingw32/nios2-elf/lib/mno-hw-mul\libsmallc.a(libc_a-int_errno.o)
 .debug_str     0x000004a5      0x108 c:/Users/juane/OneDrive/Documentos/QUARTUS/PROJETO_3_PHI/software/display_bsp/\libhal_bsp.a(alt_load.o)
                                0x208 (size before relaxing)
 .debug_str     0x000005ad       0x4b c:/Users/juane/OneDrive/Documentos/QUARTUS/PROJETO_3_PHI/software/display_bsp/\libhal_bsp.a(alt_main.o)
                                0x138 (size before relaxing)
 .debug_str     0x000005f8       0x62 c:/Users/juane/OneDrive/Documentos/QUARTUS/PROJETO_3_PHI/software/display_bsp/\libhal_bsp.a(alt_write.o)
                                0x162 (size before relaxing)
 .debug_str     0x0000065a       0x90 c:/Users/juane/OneDrive/Documentos/QUARTUS/PROJETO_3_PHI/software/display_bsp/\libhal_bsp.a(alt_sys_init.o)
                                0x1c5 (size before relaxing)
 .debug_str     0x000006ea       0x90 c:/Users/juane/OneDrive/Documentos/QUARTUS/PROJETO_3_PHI/software/display_bsp/\libhal_bsp.a(altera_avalon_jtag_uart_write.o)
                                0x15c (size before relaxing)
 .debug_str     0x000006ea       0xfd c:/Users/juane/OneDrive/Documentos/QUARTUS/PROJETO_3_PHI/software/display_bsp/\libhal_bsp.a(alt_dcache_flush_all.o)
 .debug_str     0x000006ea        0x8 c:/Users/juane/OneDrive/Documentos/QUARTUS/PROJETO_3_PHI/software/display_bsp/\libhal_bsp.a(alt_errno.o)
                                 0xfa (size before relaxing)
 .debug_str     0x000006f2       0xfd c:/Users/juane/OneDrive/Documentos/QUARTUS/PROJETO_3_PHI/software/display_bsp/\libhal_bsp.a(alt_icache_flush_all.o)
 .debug_str     0x000006f2      0x103 c:/Users/juane/OneDrive/Documentos/QUARTUS/PROJETO_3_PHI/software/display_bsp/\libhal_bsp.a(altera_nios2_gen2_irq.o)

.debug_loc
 *(.debug_loc)

.debug_macinfo
 *(.debug_macinfo)

.debug_weaknames
 *(.debug_weaknames)

.debug_funcnames
 *(.debug_funcnames)

.debug_typenames
 *(.debug_typenames)

.debug_varnames
 *(.debug_varnames)

.debug_alt_sim_info
                0x00000000       0x10
 *(.debug_alt_sim_info)
 .debug_alt_sim_info
                0x00000000       0x10 c:/Users/juane/OneDrive/Documentos/QUARTUS/PROJETO_3_PHI/software/display_bsp//obj/HAL/src/crt0.o
                0x0000ce20                        __alt_data_end = 0xce20
                0x0000ce20                        PROVIDE (__alt_stack_pointer = __alt_data_end)
                [!provide]                        PROVIDE (__alt_stack_limit = __alt_stack_base)
                [!provide]                        PROVIDE (__alt_heap_start = end)
                [!provide]                        PROVIDE (__alt_heap_limit = 0xce20)
OUTPUT(display.elf elf32-littlenios2)
LOAD linker stubs

.debug_ranges   0x00000000       0x20
 .debug_ranges  0x00000000       0x20 c:/Users/juane/OneDrive/Documentos/QUARTUS/PROJETO_3_PHI/software/display_bsp//obj/HAL/src/crt0.o

.debug_loclists
                0x00000000      0x452
 .debug_loclists
                0x00000000       0x21 obj/default/hello_world_small.o
 .debug_loclists
                0x00000021       0x73 c:/intelfpga_lite/23.1std/nios2eds/bin/gnu/h-x86_64-mingw32/bin/../lib/gcc/nios2-elf/12.3.1/../../../../../H-x86_64-mingw32/nios2-elf/lib/mno-hw-mul\libsmallc.a(libc_a-puts.o)
 .debug_loclists
                0x00000094       0xcc c:/intelfpga_lite/23.1std/nios2eds/bin/gnu/h-x86_64-mingw32/bin/../lib/gcc/nios2-elf/12.3.1/../../../../../H-x86_64-mingw32/nios2-elf/lib/mno-hw-mul\libsmallc.a(libc_a-memcpy.o)
 .debug_loclists
                0x00000160       0x7c c:/intelfpga_lite/23.1std/nios2eds/bin/gnu/h-x86_64-mingw32/bin/../lib/gcc/nios2-elf/12.3.1/../../../../../H-x86_64-mingw32/nios2-elf/lib/mno-hw-mul\libsmallc.a(libc_a-memset.o)
 .debug_loclists
                0x000001dc       0x32 c:/intelfpga_lite/23.1std/nios2eds/bin/gnu/h-x86_64-mingw32/bin/../lib/gcc/nios2-elf/12.3.1/../../../../../H-x86_64-mingw32/nios2-elf/lib/mno-hw-mul\libsmallc.a(libc_a-strlen.o)
 .debug_loclists
                0x0000020e       0xc5 c:/intelfpga_lite/23.1std/nios2eds/bin/gnu/h-x86_64-mingw32/bin/../lib/gcc/nios2-elf/12.3.1/../../../../../H-x86_64-mingw32/nios2-elf/lib/mno-hw-mul\libsmallc.a(libc_a-fvwrite_small_dev.o)
 .debug_loclists
                0x000002d3       0x88 c:/intelfpga_lite/23.1std/nios2eds/bin/gnu/h-x86_64-mingw32/bin/../lib/gcc/nios2-elf/12.3.1/../../../../../H-x86_64-mingw32/nios2-elf/lib/mno-hw-mul\libsmallc.a(libc_a-writer.o)
 .debug_loclists
                0x0000035b       0x7b c:/Users/juane/OneDrive/Documentos/QUARTUS/PROJETO_3_PHI/software/display_bsp/\libhal_bsp.a(alt_write.o)
 .debug_loclists
                0x000003d6       0x1e c:/Users/juane/OneDrive/Documentos/QUARTUS/PROJETO_3_PHI/software/display_bsp/\libhal_bsp.a(alt_sys_init.o)
 .debug_loclists
                0x000003f4       0x5e c:/Users/juane/OneDrive/Documentos/QUARTUS/PROJETO_3_PHI/software/display_bsp/\libhal_bsp.a(altera_avalon_jtag_uart_write.o)

.debug_rnglists
                0x00000000       0xc7
 .debug_rnglists
                0x00000000       0x14 obj/default/hello_world_small.o
 .debug_rnglists
                0x00000014       0x1a c:/intelfpga_lite/23.1std/nios2eds/bin/gnu/h-x86_64-mingw32/bin/../lib/gcc/nios2-elf/12.3.1/../../../../../H-x86_64-mingw32/nios2-elf/lib/mno-hw-mul\libsmallc.a(libc_a-puts.o)
 .debug_rnglists
                0x0000002e       0x13 c:/intelfpga_lite/23.1std/nios2eds/bin/gnu/h-x86_64-mingw32/bin/../lib/gcc/nios2-elf/12.3.1/../../../../../H-x86_64-mingw32/nios2-elf/lib/mno-hw-mul\libsmallc.a(libc_a-memcpy.o)
 .debug_rnglists
                0x00000041       0x13 c:/intelfpga_lite/23.1std/nios2eds/bin/gnu/h-x86_64-mingw32/bin/../lib/gcc/nios2-elf/12.3.1/../../../../../H-x86_64-mingw32/nios2-elf/lib/mno-hw-mul\libsmallc.a(libc_a-memset.o)
 .debug_rnglists
                0x00000054       0x13 c:/intelfpga_lite/23.1std/nios2eds/bin/gnu/h-x86_64-mingw32/bin/../lib/gcc/nios2-elf/12.3.1/../../../../../H-x86_64-mingw32/nios2-elf/lib/mno-hw-mul\libsmallc.a(libc_a-strlen.o)
 .debug_rnglists
                0x00000067       0x14 c:/intelfpga_lite/23.1std/nios2eds/bin/gnu/h-x86_64-mingw32/bin/../lib/gcc/nios2-elf/12.3.1/../../../../../H-x86_64-mingw32/nios2-elf/lib/mno-hw-mul\libsmallc.a(libc_a-fvwrite_small_dev.o)
 .debug_rnglists
                0x0000007b       0x13 c:/intelfpga_lite/23.1std/nios2eds/bin/gnu/h-x86_64-mingw32/bin/../lib/gcc/nios2-elf/12.3.1/../../../../../H-x86_64-mingw32/nios2-elf/lib/mno-hw-mul\libsmallc.a(libc_a-writer.o)
 .debug_rnglists
                0x0000008e       0x23 c:/Users/juane/OneDrive/Documentos/QUARTUS/PROJETO_3_PHI/software/display_bsp/\libhal_bsp.a(alt_load.o)
 .debug_rnglists
                0x000000b1       0x16 c:/Users/juane/OneDrive/Documentos/QUARTUS/PROJETO_3_PHI/software/display_bsp/\libhal_bsp.a(alt_write.o)

.debug_line_str
                0x00000000      0x7c5
 .debug_line_str
                0x00000000       0xcb obj/default/hello_world_small.o
                                0x13d (size before relaxing)
 .debug_line_str
                0x000000cb      0x23a c:/intelfpga_lite/23.1std/nios2eds/bin/gnu/h-x86_64-mingw32/bin/../lib/gcc/nios2-elf/12.3.1/../../../../../H-x86_64-mingw32/nios2-elf/lib/mno-hw-mul\libsmallc.a(libc_a-puts.o)
                                0x2d3 (size before relaxing)
 .debug_line_str
                0x00000305       0x69 c:/intelfpga_lite/23.1std/nios2eds/bin/gnu/h-x86_64-mingw32/bin/../lib/gcc/nios2-elf/12.3.1/../../../../../H-x86_64-mingw32/nios2-elf/lib/mno-hw-mul\libsmallc.a(libc_a-memcpy.o)
                                0x259 (size before relaxing)
 .debug_line_str
                0x0000036e       0x39 c:/intelfpga_lite/23.1std/nios2eds/bin/gnu/h-x86_64-mingw32/bin/../lib/gcc/nios2-elf/12.3.1/../../../../../H-x86_64-mingw32/nios2-elf/lib/mno-hw-mul\libsmallc.a(libc_a-memset.o)
                                0x259 (size before relaxing)
 .debug_line_str
                0x000003a7       0x39 c:/intelfpga_lite/23.1std/nios2eds/bin/gnu/h-x86_64-mingw32/bin/../lib/gcc/nios2-elf/12.3.1/../../../../../H-x86_64-mingw32/nios2-elf/lib/mno-hw-mul\libsmallc.a(libc_a-strlen.o)
                                0x259 (size before relaxing)
 .debug_line_str
                0x000003e0       0x67 c:/intelfpga_lite/23.1std/nios2eds/bin/gnu/h-x86_64-mingw32/bin/../lib/gcc/nios2-elf/12.3.1/../../../../../H-x86_64-mingw32/nios2-elf/lib/mno-hw-mul\libsmallc.a(libc_a-impure.o)
                                0x25a (size before relaxing)
 .debug_line_str
                0x00000447       0x43 c:/intelfpga_lite/23.1std/nios2eds/bin/gnu/h-x86_64-mingw32/bin/../lib/gcc/nios2-elf/12.3.1/../../../../../H-x86_64-mingw32/nios2-elf/lib/mno-hw-mul\libsmallc.a(libc_a-fvwrite_small_dev.o)
                                0x2e7 (size before relaxing)
 .debug_line_str
                0x0000048a       0x41 c:/intelfpga_lite/23.1std/nios2eds/bin/gnu/h-x86_64-mingw32/bin/../lib/gcc/nios2-elf/12.3.1/../../../../../H-x86_64-mingw32/nios2-elf/lib/mno-hw-mul\libsmallc.a(libc_a-writer.o)
                                0x2cf (size before relaxing)
 .debug_line_str
                0x000004cb       0x3b c:/intelfpga_lite/23.1std/nios2eds/bin/gnu/h-x86_64-mingw32/bin/../lib/gcc/nios2-elf/12.3.1/../../../../../H-x86_64-mingw32/nios2-elf/lib/mno-hw-mul\libsmallc.a(libc_a-int_errno.o)
                                0x186 (size before relaxing)
 .debug_line_str
                0x00000506       0x98 c:/Users/juane/OneDrive/Documentos/QUARTUS/PROJETO_3_PHI/software/display_bsp/\libhal_bsp.a(alt_load.o)
                                0x113 (size before relaxing)
 .debug_line_str
                0x0000059e       0x4a c:/Users/juane/OneDrive/Documentos/QUARTUS/PROJETO_3_PHI/software/display_bsp/\libhal_bsp.a(alt_main.o)
                                0x112 (size before relaxing)
 .debug_line_str
                0x000005e8       0xcf c:/Users/juane/OneDrive/Documentos/QUARTUS/PROJETO_3_PHI/software/display_bsp/\libhal_bsp.a(alt_write.o)
                                0x1ab (size before relaxing)
 .debug_line_str
                0x000006b7       0x64 c:/Users/juane/OneDrive/Documentos/QUARTUS/PROJETO_3_PHI/software/display_bsp/\libhal_bsp.a(alt_sys_init.o)
                                0x140 (size before relaxing)
 .debug_line_str
                0x0000071b       0x38 c:/Users/juane/OneDrive/Documentos/QUARTUS/PROJETO_3_PHI/software/display_bsp/\libhal_bsp.a(altera_avalon_jtag_uart_write.o)
                                0x152 (size before relaxing)
 .debug_line_str
                0x00000753       0x1f c:/Users/juane/OneDrive/Documentos/QUARTUS/PROJETO_3_PHI/software/display_bsp/\libhal_bsp.a(alt_dcache_flush_all.o)
                                 0xf1 (size before relaxing)
 .debug_line_str
                0x00000772       0x14 c:/Users/juane/OneDrive/Documentos/QUARTUS/PROJETO_3_PHI/software/display_bsp/\libhal_bsp.a(alt_errno.o)
                                0x144 (size before relaxing)
 .debug_line_str
                0x00000786       0x1f c:/Users/juane/OneDrive/Documentos/QUARTUS/PROJETO_3_PHI/software/display_bsp/\libhal_bsp.a(alt_icache_flush_all.o)
                                 0xf1 (size before relaxing)
 .debug_line_str
                0x000007a5       0x20 c:/Users/juane/OneDrive/Documentos/QUARTUS/PROJETO_3_PHI/software/display_bsp/\libhal_bsp.a(altera_nios2_gen2_irq.o)
                                 0xf4 (size before relaxing)
