Archive member included to satisfy reference by file (symbol)

c:/intelfpga_lite/23.1std/nios2eds/bin/gnu/h-x86_64-mingw32/bin/../lib/gcc/nios2-elf/12.3.1/mno-hw-mul\libgcc.a(lib2-divmod.o)
                              obj/default/hello_world_small.o (__modsi3)
c:/intelfpga_lite/23.1std/nios2eds/bin/gnu/h-x86_64-mingw32/bin/../lib/gcc/nios2-elf/12.3.1/../../../../../H-x86_64-mingw32/nios2-elf/lib/mno-hw-mul\libsmallc.a(libc_a-puts.o)
                              obj/default/hello_world_small.o (puts)
c:/intelfpga_lite/23.1std/nios2eds/bin/gnu/h-x86_64-mingw32/bin/../lib/gcc/nios2-elf/12.3.1/../../../../../H-x86_64-mingw32/nios2-elf/lib/mno-hw-mul\libsmallc.a(libc_a-strlen.o)
                              c:/intelfpga_lite/23.1std/nios2eds/bin/gnu/h-x86_64-mingw32/bin/../lib/gcc/nios2-elf/12.3.1/../../../../../H-x86_64-mingw32/nios2-elf/lib/mno-hw-mul\libsmallc.a(libc_a-puts.o) (strlen)
c:/intelfpga_lite/23.1std/nios2eds/bin/gnu/h-x86_64-mingw32/bin/../lib/gcc/nios2-elf/12.3.1/../../../../../H-x86_64-mingw32/nios2-elf/lib/mno-hw-mul\libsmallc.a(libc_a-impure.o)
                              c:/intelfpga_lite/23.1std/nios2eds/bin/gnu/h-x86_64-mingw32/bin/../lib/gcc/nios2-elf/12.3.1/../../../../../H-x86_64-mingw32/nios2-elf/lib/mno-hw-mul\libsmallc.a(libc_a-puts.o) (_impure_ptr)
c:/intelfpga_lite/23.1std/nios2eds/bin/gnu/h-x86_64-mingw32/bin/../lib/gcc/nios2-elf/12.3.1/../../../../../H-x86_64-mingw32/nios2-elf/lib/mno-hw-mul\libsmallc.a(libc_a-fvwrite_small_dev.o)
                              c:/intelfpga_lite/23.1std/nios2eds/bin/gnu/h-x86_64-mingw32/bin/../lib/gcc/nios2-elf/12.3.1/../../../../../H-x86_64-mingw32/nios2-elf/lib/mno-hw-mul\libsmallc.a(libc_a-puts.o) (__sfvwrite_small_dev)
c:/intelfpga_lite/23.1std/nios2eds/bin/gnu/h-x86_64-mingw32/bin/../lib/gcc/nios2-elf/12.3.1/../../../../../H-x86_64-mingw32/nios2-elf/lib/mno-hw-mul\libsmallc.a(libc_a-writer.o)
                              c:/intelfpga_lite/23.1std/nios2eds/bin/gnu/h-x86_64-mingw32/bin/../lib/gcc/nios2-elf/12.3.1/../../../../../H-x86_64-mingw32/nios2-elf/lib/mno-hw-mul\libsmallc.a(libc_a-fvwrite_small_dev.o) (_write_r)
c:/intelfpga_lite/23.1std/nios2eds/bin/gnu/h-x86_64-mingw32/bin/../lib/gcc/nios2-elf/12.3.1/../../../../../H-x86_64-mingw32/nios2-elf/lib/mno-hw-mul\libsmallc.a(libc_a-int_errno.o)
                              c:/intelfpga_lite/23.1std/nios2eds/bin/gnu/h-x86_64-mingw32/bin/../lib/gcc/nios2-elf/12.3.1/../../../../../H-x86_64-mingw32/nios2-elf/lib/mno-hw-mul\libsmallc.a(libc_a-writer.o) (errno)
c:/Users/juane/OneDrive/Documentos/QUARTUS/PROJETO_3_PHI/software/pisca_led_bsp/\libhal_bsp.a(alt_load.o)
                              c:/Users/juane/OneDrive/Documentos/QUARTUS/PROJETO_3_PHI/software/pisca_led_bsp//obj/HAL/src/crt0.o (alt_load)
c:/Users/juane/OneDrive/Documentos/QUARTUS/PROJETO_3_PHI/software/pisca_led_bsp/\libhal_bsp.a(alt_main.o)
                              c:/Users/juane/OneDrive/Documentos/QUARTUS/PROJETO_3_PHI/software/pisca_led_bsp//obj/HAL/src/crt0.o (alt_main)
c:/Users/juane/OneDrive/Documentos/QUARTUS/PROJETO_3_PHI/software/pisca_led_bsp/\libhal_bsp.a(alt_usleep.o)
                              obj/default/hello_world_small.o (usleep)
c:/Users/juane/OneDrive/Documentos/QUARTUS/PROJETO_3_PHI/software/pisca_led_bsp/\libhal_bsp.a(alt_write.o)
                              c:/intelfpga_lite/23.1std/nios2eds/bin/gnu/h-x86_64-mingw32/bin/../lib/gcc/nios2-elf/12.3.1/../../../../../H-x86_64-mingw32/nios2-elf/lib/mno-hw-mul\libsmallc.a(libc_a-writer.o) (write)
c:/Users/juane/OneDrive/Documentos/QUARTUS/PROJETO_3_PHI/software/pisca_led_bsp/\libhal_bsp.a(alt_sys_init.o)
                              c:/Users/juane/OneDrive/Documentos/QUARTUS/PROJETO_3_PHI/software/pisca_led_bsp/\libhal_bsp.a(alt_main.o) (alt_irq_init)
c:/Users/juane/OneDrive/Documentos/QUARTUS/PROJETO_3_PHI/software/pisca_led_bsp/\libhal_bsp.a(altera_avalon_jtag_uart_write.o)
                              c:/Users/juane/OneDrive/Documentos/QUARTUS/PROJETO_3_PHI/software/pisca_led_bsp/\libhal_bsp.a(alt_write.o) (altera_avalon_jtag_uart_write)
c:/Users/juane/OneDrive/Documentos/QUARTUS/PROJETO_3_PHI/software/pisca_led_bsp/\libhal_bsp.a(alt_busy_sleep.o)
                              c:/Users/juane/OneDrive/Documentos/QUARTUS/PROJETO_3_PHI/software/pisca_led_bsp/\libhal_bsp.a(alt_usleep.o) (alt_busy_sleep)
c:/Users/juane/OneDrive/Documentos/QUARTUS/PROJETO_3_PHI/software/pisca_led_bsp/\libhal_bsp.a(alt_dcache_flush_all.o)
                              c:/Users/juane/OneDrive/Documentos/QUARTUS/PROJETO_3_PHI/software/pisca_led_bsp/\libhal_bsp.a(alt_load.o) (alt_dcache_flush_all)
c:/Users/juane/OneDrive/Documentos/QUARTUS/PROJETO_3_PHI/software/pisca_led_bsp/\libhal_bsp.a(alt_errno.o)
                              c:/Users/juane/OneDrive/Documentos/QUARTUS/PROJETO_3_PHI/software/pisca_led_bsp/\libhal_bsp.a(alt_write.o) (alt_errno)
c:/Users/juane/OneDrive/Documentos/QUARTUS/PROJETO_3_PHI/software/pisca_led_bsp/\libhal_bsp.a(alt_icache_flush_all.o)
                              c:/Users/juane/OneDrive/Documentos/QUARTUS/PROJETO_3_PHI/software/pisca_led_bsp/\libhal_bsp.a(alt_load.o) (alt_icache_flush_all)
c:/Users/juane/OneDrive/Documentos/QUARTUS/PROJETO_3_PHI/software/pisca_led_bsp/\libhal_bsp.a(altera_nios2_gen2_irq.o)
                              c:/Users/juane/OneDrive/Documentos/QUARTUS/PROJETO_3_PHI/software/pisca_led_bsp/\libhal_bsp.a(alt_sys_init.o) (altera_nios2_gen2_irq_init)
c:/intelfpga_lite/23.1std/nios2eds/bin/gnu/h-x86_64-mingw32/bin/../lib/gcc/nios2-elf/12.3.1/../../../../../H-x86_64-mingw32/nios2-elf/lib/mno-hw-mul\libsmallc.a(libc_a-memcpy.o)
                              c:/Users/juane/OneDrive/Documentos/QUARTUS/PROJETO_3_PHI/software/pisca_led_bsp/\libhal_bsp.a(alt_load.o) (memcpy)
c:/intelfpga_lite/23.1std/nios2eds/bin/gnu/h-x86_64-mingw32/bin/../lib/gcc/nios2-elf/12.3.1/mno-hw-mul\libgcc.a(lib2-mul.o)
                              c:/Users/juane/OneDrive/Documentos/QUARTUS/PROJETO_3_PHI/software/pisca_led_bsp/\libhal_bsp.a(alt_busy_sleep.o) (__mulsi3)

Memory Configuration

Name             Origin             Length             Attributes
reset            0x00008000         0x00000020
onchip_memory2_0 0x00008020         0x00004e00
*default*        0x00000000         0xffffffff

Linker script and memory map

LOAD c:/Users/juane/OneDrive/Documentos/QUARTUS/PROJETO_3_PHI/software/pisca_led_bsp//obj/HAL/src/crt0.o
LOAD obj/default/hello_world_small.o
LOAD c:/intelfpga_lite/23.1std/nios2eds/bin/gnu/h-x86_64-mingw32/bin/../lib/gcc/nios2-elf/12.3.1/../../../../../H-x86_64-mingw32/nios2-elf/lib/mno-hw-mul\libstdc++.a
LOAD c:/intelfpga_lite/23.1std/nios2eds/bin/gnu/h-x86_64-mingw32/bin/../lib/gcc/nios2-elf/12.3.1/../../../../../H-x86_64-mingw32/nios2-elf/lib/mno-hw-mul\libm.a
LOAD c:/intelfpga_lite/23.1std/nios2eds/bin/gnu/h-x86_64-mingw32/bin/../lib/gcc/nios2-elf/12.3.1/mno-hw-mul\libgcc.a
START GROUP
LOAD c:/intelfpga_lite/23.1std/nios2eds/bin/gnu/h-x86_64-mingw32/bin/../lib/gcc/nios2-elf/12.3.1/../../../../../H-x86_64-mingw32/nios2-elf/lib/mno-hw-mul\libsmallc.a
LOAD c:/intelfpga_lite/23.1std/nios2eds/bin/gnu/h-x86_64-mingw32/bin/../lib/gcc/nios2-elf/12.3.1/mno-hw-mul\libgcc.a
LOAD c:/Users/juane/OneDrive/Documentos/QUARTUS/PROJETO_3_PHI/software/pisca_led_bsp/\libhal_bsp.a
LOAD c:/intelfpga_lite/23.1std/nios2eds/bin/gnu/h-x86_64-mingw32/bin/../lib/gcc/nios2-elf/12.3.1/../../../../../H-x86_64-mingw32/nios2-elf/lib/mno-hw-mul\libm.a
END GROUP
LOAD c:/intelfpga_lite/23.1std/nios2eds/bin/gnu/h-x86_64-mingw32/bin/../lib/gcc/nios2-elf/12.3.1/mno-hw-mul\libgcc.a
                0x00008000                        __alt_mem_onchip_memory2_0 = 0x8000

.entry          0x00008000       0x20
 *(.entry)
 .entry         0x00008000       0x20 c:/Users/juane/OneDrive/Documentos/QUARTUS/PROJETO_3_PHI/software/pisca_led_bsp//obj/HAL/src/crt0.o
                0x00008000                __reset
                0x0000800c                _exit

.exceptions     0x00008020        0x0
                0x00008020                        PROVIDE (__ram_exceptions_start = ABSOLUTE (.))
                0x00008020                        . = ALIGN (0x20)
 *(.irq)
 *(.exceptions.entry.label)
 *(.exceptions.entry.user)
 *(.exceptions.entry.ecc_fatal)
 *(.exceptions.entry)
 *(.exceptions.irqtest.user)
 *(.exceptions.irqtest)
 *(.exceptions.irqhandler.user)
 *(.exceptions.irqhandler)
 *(.exceptions.irqreturn.user)
 *(.exceptions.irqreturn)
 *(.exceptions.notirq.label)
 *(.exceptions.notirq.user)
 *(.exceptions.notirq)
 *(.exceptions.soft.user)
 *(.exceptions.soft)
 *(.exceptions.unknown.user)
 *(.exceptions.unknown)
 *(.exceptions.exit.label)
 *(.exceptions.exit.user)
 *(.exceptions.exit)
 *(.exceptions)
                0x00008020                        PROVIDE (__ram_exceptions_end = ABSOLUTE (.))
                0x00008020                        PROVIDE (__flash_exceptions_start = LOADADDR (.exceptions))

.text           0x00008020      0x65c
                [!provide]                        PROVIDE (stext = ABSOLUTE (.))
 *(.interp)
 *(.hash)
 *(.dynsym)
 *(.dynstr)
 *(.gnu.version)
 *(.gnu.version_d)
 *(.gnu.version_r)
 *(.rel.init)
 *(.rela.init)
 *(.rel.text .rel.text.* .rel.gnu.linkonce.t.*)
 *(.rela.text .rela.text.* .rela.gnu.linkonce.t.*)
 *(.rel.fini)
 *(.rela.fini)
 *(.rel.rodata .rel.rodata.* .rel.gnu.linkonce.r.*)
 *(.rela.rodata .rela.rodata.* .rela.gnu.linkonce.r.*)
 *(.rel.data .rel.data.* .rel.gnu.linkonce.d.*)
 *(.rela.data .rela.data.* .rela.gnu.linkonce.d.*)
 *(.rel.tdata .rel.tdata.* .rel.gnu.linkonce.td.*)
 *(.rela.tdata .rela.tdata.* .rela.gnu.linkonce.td.*)
 *(.rel.tbss .rel.tbss.* .rel.gnu.linkonce.tb.*)
 *(.rela.tbss .rela.tbss.* .rela.gnu.linkonce.tb.*)
 *(.rel.ctors)
 *(.rela.ctors)
 *(.rel.dtors)
 *(.rela.dtors)
 *(.rel.got)
 *(.rela.got)
 *(.rel.sdata .rel.sdata.* .rel.gnu.linkonce.s.*)
 *(.rela.sdata .rela.sdata.* .rela.gnu.linkonce.s.*)
 *(.rel.sbss .rel.sbss.* .rel.gnu.linkonce.sb.*)
 *(.rela.sbss .rela.sbss.* .rela.gnu.linkonce.sb.*)
 *(.rel.sdata2 .rel.sdata2.* .rel.gnu.linkonce.s2.*)
 *(.rela.sdata2 .rela.sdata2.* .rela.gnu.linkonce.s2.*)
 *(.rel.sbss2 .rel.sbss2.* .rel.gnu.linkonce.sb2.*)
 *(.rela.sbss2 .rela.sbss2.* .rela.gnu.linkonce.sb2.*)
 *(.rel.bss .rel.bss.* .rel.gnu.linkonce.b.*)
 *(.rela.bss .rela.bss.* .rela.gnu.linkonce.b.*)
 *(.rel.plt)
 *(.rela.plt)
 *(.rel.dyn)
 *(.init)
 *(.plt)
 *(.text .stub .text.* .gnu.linkonce.t.*)
 .text          0x00008020       0x3c c:/Users/juane/OneDrive/Documentos/QUARTUS/PROJETO_3_PHI/software/pisca_led_bsp//obj/HAL/src/crt0.o
                0x00008020                _start
 .text          0x0000805c        0x0 obj/default/hello_world_small.o
 .text.startup  0x0000805c       0x74 obj/default/hello_world_small.o
                0x0000805c                main
 .text          0x000080d0      0x1b4 c:/intelfpga_lite/23.1std/nios2eds/bin/gnu/h-x86_64-mingw32/bin/../lib/gcc/nios2-elf/12.3.1/mno-hw-mul\libgcc.a(lib2-divmod.o)
                0x000080d0                __divsi3
                0x00008150                __modsi3
                0x000081c4                __udivsi3
                0x00008228                __umodsi3
 .text          0x00008284        0x0 c:/intelfpga_lite/23.1std/nios2eds/bin/gnu/h-x86_64-mingw32/bin/../lib/gcc/nios2-elf/12.3.1/../../../../../H-x86_64-mingw32/nios2-elf/lib/mno-hw-mul\libsmallc.a(libc_a-puts.o)
 .text._puts_r  0x00008284       0x80 c:/intelfpga_lite/23.1std/nios2eds/bin/gnu/h-x86_64-mingw32/bin/../lib/gcc/nios2-elf/12.3.1/../../../../../H-x86_64-mingw32/nios2-elf/lib/mno-hw-mul\libsmallc.a(libc_a-puts.o)
                0x00008284                _puts_r
 .text.puts     0x00008304       0x10 c:/intelfpga_lite/23.1std/nios2eds/bin/gnu/h-x86_64-mingw32/bin/../lib/gcc/nios2-elf/12.3.1/../../../../../H-x86_64-mingw32/nios2-elf/lib/mno-hw-mul\libsmallc.a(libc_a-puts.o)
                0x00008304                puts
 .text          0x00008314        0x0 c:/intelfpga_lite/23.1std/nios2eds/bin/gnu/h-x86_64-mingw32/bin/../lib/gcc/nios2-elf/12.3.1/../../../../../H-x86_64-mingw32/nios2-elf/lib/mno-hw-mul\libsmallc.a(libc_a-strlen.o)
 .text.strlen   0x00008314       0x1c c:/intelfpga_lite/23.1std/nios2eds/bin/gnu/h-x86_64-mingw32/bin/../lib/gcc/nios2-elf/12.3.1/../../../../../H-x86_64-mingw32/nios2-elf/lib/mno-hw-mul\libsmallc.a(libc_a-strlen.o)
                0x00008314                strlen
 .text          0x00008330        0x0 c:/intelfpga_lite/23.1std/nios2eds/bin/gnu/h-x86_64-mingw32/bin/../lib/gcc/nios2-elf/12.3.1/../../../../../H-x86_64-mingw32/nios2-elf/lib/mno-hw-mul\libsmallc.a(libc_a-impure.o)
 .text          0x00008330        0x0 c:/intelfpga_lite/23.1std/nios2eds/bin/gnu/h-x86_64-mingw32/bin/../lib/gcc/nios2-elf/12.3.1/../../../../../H-x86_64-mingw32/nios2-elf/lib/mno-hw-mul\libsmallc.a(libc_a-fvwrite_small_dev.o)
 .text.__sfvwrite_small_dev
                0x00008330       0xa8 c:/intelfpga_lite/23.1std/nios2eds/bin/gnu/h-x86_64-mingw32/bin/../lib/gcc/nios2-elf/12.3.1/../../../../../H-x86_64-mingw32/nios2-elf/lib/mno-hw-mul\libsmallc.a(libc_a-fvwrite_small_dev.o)
                0x00008330                __sfvwrite_small_dev
 .text          0x000083d8        0x0 c:/intelfpga_lite/23.1std/nios2eds/bin/gnu/h-x86_64-mingw32/bin/../lib/gcc/nios2-elf/12.3.1/../../../../../H-x86_64-mingw32/nios2-elf/lib/mno-hw-mul\libsmallc.a(libc_a-writer.o)
 .text._write_r
                0x000083d8       0x50 c:/intelfpga_lite/23.1std/nios2eds/bin/gnu/h-x86_64-mingw32/bin/../lib/gcc/nios2-elf/12.3.1/../../../../../H-x86_64-mingw32/nios2-elf/lib/mno-hw-mul\libsmallc.a(libc_a-writer.o)
                0x000083d8                _write_r
 .text          0x00008428        0x0 c:/intelfpga_lite/23.1std/nios2eds/bin/gnu/h-x86_64-mingw32/bin/../lib/gcc/nios2-elf/12.3.1/../../../../../H-x86_64-mingw32/nios2-elf/lib/mno-hw-mul\libsmallc.a(libc_a-int_errno.o)
 .text          0x00008428       0x84 c:/Users/juane/OneDrive/Documentos/QUARTUS/PROJETO_3_PHI/software/pisca_led_bsp/\libhal_bsp.a(alt_load.o)
                0x00008428                alt_load
 .text          0x000084ac       0x2c c:/Users/juane/OneDrive/Documentos/QUARTUS/PROJETO_3_PHI/software/pisca_led_bsp/\libhal_bsp.a(alt_main.o)
                0x000084ac                alt_main
 .text          0x000084d8        0x4 c:/Users/juane/OneDrive/Documentos/QUARTUS/PROJETO_3_PHI/software/pisca_led_bsp/\libhal_bsp.a(alt_usleep.o)
                0x000084d8                usleep
 .text          0x000084dc       0x5c c:/Users/juane/OneDrive/Documentos/QUARTUS/PROJETO_3_PHI/software/pisca_led_bsp/\libhal_bsp.a(alt_write.o)
                0x000084dc                write
 .text          0x00008538       0x24 c:/Users/juane/OneDrive/Documentos/QUARTUS/PROJETO_3_PHI/software/pisca_led_bsp/\libhal_bsp.a(alt_sys_init.o)
                0x00008538                alt_irq_init
                0x00008558                alt_sys_init
 .text          0x0000855c       0x30 c:/Users/juane/OneDrive/Documentos/QUARTUS/PROJETO_3_PHI/software/pisca_led_bsp/\libhal_bsp.a(altera_avalon_jtag_uart_write.o)
                0x0000855c                altera_avalon_jtag_uart_write
 .text          0x0000858c       0x90 c:/Users/juane/OneDrive/Documentos/QUARTUS/PROJETO_3_PHI/software/pisca_led_bsp/\libhal_bsp.a(alt_busy_sleep.o)
                0x0000858c                alt_busy_sleep
 .text          0x0000861c        0x4 c:/Users/juane/OneDrive/Documentos/QUARTUS/PROJETO_3_PHI/software/pisca_led_bsp/\libhal_bsp.a(alt_dcache_flush_all.o)
                0x0000861c                alt_dcache_flush_all
 .text          0x00008620        0x0 c:/Users/juane/OneDrive/Documentos/QUARTUS/PROJETO_3_PHI/software/pisca_led_bsp/\libhal_bsp.a(alt_errno.o)
 .text          0x00008620        0x4 c:/Users/juane/OneDrive/Documentos/QUARTUS/PROJETO_3_PHI/software/pisca_led_bsp/\libhal_bsp.a(alt_icache_flush_all.o)
                0x00008620                alt_icache_flush_all
 .text          0x00008624        0x8 c:/Users/juane/OneDrive/Documentos/QUARTUS/PROJETO_3_PHI/software/pisca_led_bsp/\libhal_bsp.a(altera_nios2_gen2_irq.o)
                0x00008624                altera_nios2_gen2_irq_init
 .text          0x0000862c        0x0 c:/intelfpga_lite/23.1std/nios2eds/bin/gnu/h-x86_64-mingw32/bin/../lib/gcc/nios2-elf/12.3.1/../../../../../H-x86_64-mingw32/nios2-elf/lib/mno-hw-mul\libsmallc.a(libc_a-memcpy.o)
 .text.memcpy   0x0000862c       0x28 c:/intelfpga_lite/23.1std/nios2eds/bin/gnu/h-x86_64-mingw32/bin/../lib/gcc/nios2-elf/12.3.1/../../../../../H-x86_64-mingw32/nios2-elf/lib/mno-hw-mul\libsmallc.a(libc_a-memcpy.o)
                0x0000862c                memcpy
 .text          0x00008654       0x28 c:/intelfpga_lite/23.1std/nios2eds/bin/gnu/h-x86_64-mingw32/bin/../lib/gcc/nios2-elf/12.3.1/mno-hw-mul\libgcc.a(lib2-mul.o)
                0x00008654                __mulsi3
 *(.gnu.warning.*)
 *(.fini)
                [!provide]                        PROVIDE (__etext = ABSOLUTE (.))
                [!provide]                        PROVIDE (_etext = ABSOLUTE (.))
                [!provide]                        PROVIDE (etext = ABSOLUTE (.))
 *(.eh_frame_hdr)
                0x0000867c                        . = ALIGN (0x4)
                [!provide]                        PROVIDE (__preinit_array_start = ABSOLUTE (.))
 *(.preinit_array)
                [!provide]                        PROVIDE (__preinit_array_end = ABSOLUTE (.))
                [!provide]                        PROVIDE (__init_array_start = ABSOLUTE (.))
 *(SORT_BY_INIT_PRIORITY(.init_array.*))
 *(.init_array)
                [!provide]                        PROVIDE (__init_array_end = ABSOLUTE (.))
                [!provide]                        PROVIDE (__fini_array_start = ABSOLUTE (.))
 *(.fini_array)
                [!provide]                        PROVIDE (__fini_array_end = ABSOLUTE (.))
 *(.eh_frame)
 *(.gcc_except_table .gcc_except_table.*)
 *(.dynamic)
                [!provide]                        PROVIDE (__CTOR_LIST__ = ABSOLUTE (.))
 *(.ctors)
 *(SORT_BY_NAME(.ctors.*))
                [!provide]                        PROVIDE (__CTOR_END__ = ABSOLUTE (.))
                [!provide]                        PROVIDE (__DTOR_LIST__ = ABSOLUTE (.))
 *(.dtors)
 *(SORT_BY_NAME(.dtors.*))
                [!provide]                        PROVIDE (__DTOR_END__ = ABSOLUTE (.))
 *(.jcr)
                0x0000867c                        . = ALIGN (0x4)

.rodata         0x0000867c       0x48
                0x0000867c                        PROVIDE (__ram_rodata_start = ABSOLUTE (.))
                0x0000867c                        . = ALIGN (0x4)
 *(.rodata .rodata.* .gnu.linkonce.r.*)
 .rodata.str1.4
                0x0000867c       0x41 obj/default/hello_world_small.o
 *fill*         0x000086bd        0x3 
 .rodata._puts_r.str1.4
                0x000086c0        0x2 c:/intelfpga_lite/23.1std/nios2eds/bin/gnu/h-x86_64-mingw32/bin/../lib/gcc/nios2-elf/12.3.1/../../../../../H-x86_64-mingw32/nios2-elf/lib/mno-hw-mul\libsmallc.a(libc_a-puts.o)
 *(.rodata1)
                0x000086c4                        . = ALIGN (0x4)
 *fill*         0x000086c2        0x2 
                0x000086c4                        PROVIDE (__ram_rodata_end = ABSOLUTE (.))
                0x0000867c                        PROVIDE (__flash_rodata_start = LOADADDR (.rodata))

.rwdata         0x000086c4       0x6c load address 0x00008730
                0x000086c4                        PROVIDE (__ram_rwdata_start = ABSOLUTE (.))
                0x000086c4                        . = ALIGN (0x4)
 *(.got.plt)
 *(.got)
 *(.data1)
 *(.data .data.* .gnu.linkonce.d.*)
 .data          0x000086c4        0x0 c:/Users/juane/OneDrive/Documentos/QUARTUS/PROJETO_3_PHI/software/pisca_led_bsp//obj/HAL/src/crt0.o
 .data          0x000086c4        0xa obj/default/hello_world_small.o
                0x000086c4                tabela_7seg
 .data          0x000086ce        0x0 c:/intelfpga_lite/23.1std/nios2eds/bin/gnu/h-x86_64-mingw32/bin/../lib/gcc/nios2-elf/12.3.1/mno-hw-mul\libgcc.a(lib2-divmod.o)
 .data          0x000086ce        0x0 c:/intelfpga_lite/23.1std/nios2eds/bin/gnu/h-x86_64-mingw32/bin/../lib/gcc/nios2-elf/12.3.1/../../../../../H-x86_64-mingw32/nios2-elf/lib/mno-hw-mul\libsmallc.a(libc_a-puts.o)
 .data          0x000086ce        0x0 c:/intelfpga_lite/23.1std/nios2eds/bin/gnu/h-x86_64-mingw32/bin/../lib/gcc/nios2-elf/12.3.1/../../../../../H-x86_64-mingw32/nios2-elf/lib/mno-hw-mul\libsmallc.a(libc_a-strlen.o)
 .data          0x000086ce        0x0 c:/intelfpga_lite/23.1std/nios2eds/bin/gnu/h-x86_64-mingw32/bin/../lib/gcc/nios2-elf/12.3.1/../../../../../H-x86_64-mingw32/nios2-elf/lib/mno-hw-mul\libsmallc.a(libc_a-impure.o)
 *fill*         0x000086ce        0x2 
 .data._impure_data
                0x000086d0       0x54 c:/intelfpga_lite/23.1std/nios2eds/bin/gnu/h-x86_64-mingw32/bin/../lib/gcc/nios2-elf/12.3.1/../../../../../H-x86_64-mingw32/nios2-elf/lib/mno-hw-mul\libsmallc.a(libc_a-impure.o)
                0x000086d0                _impure_data
 .data          0x00008724        0x0 c:/intelfpga_lite/23.1std/nios2eds/bin/gnu/h-x86_64-mingw32/bin/../lib/gcc/nios2-elf/12.3.1/../../../../../H-x86_64-mingw32/nios2-elf/lib/mno-hw-mul\libsmallc.a(libc_a-fvwrite_small_dev.o)
 .data          0x00008724        0x0 c:/intelfpga_lite/23.1std/nios2eds/bin/gnu/h-x86_64-mingw32/bin/../lib/gcc/nios2-elf/12.3.1/../../../../../H-x86_64-mingw32/nios2-elf/lib/mno-hw-mul\libsmallc.a(libc_a-writer.o)
 .data          0x00008724        0x0 c:/intelfpga_lite/23.1std/nios2eds/bin/gnu/h-x86_64-mingw32/bin/../lib/gcc/nios2-elf/12.3.1/../../../../../H-x86_64-mingw32/nios2-elf/lib/mno-hw-mul\libsmallc.a(libc_a-int_errno.o)
 .data          0x00008724        0x0 c:/Users/juane/OneDrive/Documentos/QUARTUS/PROJETO_3_PHI/software/pisca_led_bsp/\libhal_bsp.a(alt_load.o)
 .data          0x00008724        0x0 c:/Users/juane/OneDrive/Documentos/QUARTUS/PROJETO_3_PHI/software/pisca_led_bsp/\libhal_bsp.a(alt_main.o)
 .data          0x00008724        0x0 c:/Users/juane/OneDrive/Documentos/QUARTUS/PROJETO_3_PHI/software/pisca_led_bsp/\libhal_bsp.a(alt_usleep.o)
 .data          0x00008724        0x0 c:/Users/juane/OneDrive/Documentos/QUARTUS/PROJETO_3_PHI/software/pisca_led_bsp/\libhal_bsp.a(alt_write.o)
 .data          0x00008724        0x0 c:/Users/juane/OneDrive/Documentos/QUARTUS/PROJETO_3_PHI/software/pisca_led_bsp/\libhal_bsp.a(alt_sys_init.o)
 .data          0x00008724        0x0 c:/Users/juane/OneDrive/Documentos/QUARTUS/PROJETO_3_PHI/software/pisca_led_bsp/\libhal_bsp.a(altera_avalon_jtag_uart_write.o)
 .data          0x00008724        0x0 c:/Users/juane/OneDrive/Documentos/QUARTUS/PROJETO_3_PHI/software/pisca_led_bsp/\libhal_bsp.a(alt_busy_sleep.o)
 .data          0x00008724        0x0 c:/Users/juane/OneDrive/Documentos/QUARTUS/PROJETO_3_PHI/software/pisca_led_bsp/\libhal_bsp.a(alt_dcache_flush_all.o)
 .data          0x00008724        0x0 c:/Users/juane/OneDrive/Documentos/QUARTUS/PROJETO_3_PHI/software/pisca_led_bsp/\libhal_bsp.a(alt_errno.o)
 .data          0x00008724        0x0 c:/Users/juane/OneDrive/Documentos/QUARTUS/PROJETO_3_PHI/software/pisca_led_bsp/\libhal_bsp.a(alt_icache_flush_all.o)
 .data          0x00008724        0x0 c:/Users/juane/OneDrive/Documentos/QUARTUS/PROJETO_3_PHI/software/pisca_led_bsp/\libhal_bsp.a(altera_nios2_gen2_irq.o)
 .data          0x00008724        0x0 c:/intelfpga_lite/23.1std/nios2eds/bin/gnu/h-x86_64-mingw32/bin/../lib/gcc/nios2-elf/12.3.1/../../../../../H-x86_64-mingw32/nios2-elf/lib/mno-hw-mul\libsmallc.a(libc_a-memcpy.o)
 .data          0x00008724        0x0 c:/intelfpga_lite/23.1std/nios2eds/bin/gnu/h-x86_64-mingw32/bin/../lib/gcc/nios2-elf/12.3.1/mno-hw-mul\libgcc.a(lib2-mul.o)
                0x00010724                        _gp = ABSOLUTE ((. + 0x8000))
                [!provide]                        PROVIDE (gp = _gp)
 *(.rwdata .rwdata.*)
 *(.sdata .sdata.* .gnu.linkonce.s.*)
 .sdata._impure_ptr
                0x00008724        0x4 c:/intelfpga_lite/23.1std/nios2eds/bin/gnu/h-x86_64-mingw32/bin/../lib/gcc/nios2-elf/12.3.1/../../../../../H-x86_64-mingw32/nios2-elf/lib/mno-hw-mul\libsmallc.a(libc_a-impure.o)
                0x00008724                _impure_ptr
 .sdata         0x00008728        0x4 c:/Users/juane/OneDrive/Documentos/QUARTUS/PROJETO_3_PHI/software/pisca_led_bsp/\libhal_bsp.a(alt_sys_init.o)
                0x00008728                jtag_uart_0
 .sdata         0x0000872c        0x4 c:/Users/juane/OneDrive/Documentos/QUARTUS/PROJETO_3_PHI/software/pisca_led_bsp/\libhal_bsp.a(alt_errno.o)
                0x0000872c                alt_errno
 *(.sdata2 .sdata2.* .gnu.linkonce.s2.*)
                0x00008730                        . = ALIGN (0x4)
                0x00008730                        _edata = ABSOLUTE (.)
                [!provide]                        PROVIDE (edata = ABSOLUTE (.))
                0x00008730                        PROVIDE (__ram_rwdata_end = ABSOLUTE (.))
                0x00008730                        PROVIDE (__flash_rwdata_start = LOADADDR (.rwdata))

.bss            0x0000879c       0x10
                0x0000879c                        __bss_start = ABSOLUTE (.)
                [!provide]                        PROVIDE (__sbss_start = ABSOLUTE (.))
                [!provide]                        PROVIDE (___sbss_start = ABSOLUTE (.))
 *(.dynsbss)
 *(.sbss .sbss.* .gnu.linkonce.sb.*)
 .sbss.errno    0x0000879c        0x4 c:/intelfpga_lite/23.1std/nios2eds/bin/gnu/h-x86_64-mingw32/bin/../lib/gcc/nios2-elf/12.3.1/../../../../../H-x86_64-mingw32/nios2-elf/lib/mno-hw-mul\libsmallc.a(libc_a-int_errno.o)
                0x0000879c                errno
 .sbss          0x000087a0        0xc c:/Users/juane/OneDrive/Documentos/QUARTUS/PROJETO_3_PHI/software/pisca_led_bsp/\libhal_bsp.a(alt_main.o)
                0x000087a0                alt_envp
                0x000087a4                alt_argv
                0x000087a8                alt_argc
 *(.sbss2 .sbss2.* .gnu.linkonce.sb2.*)
 *(.scommon)
                [!provide]                        PROVIDE (__sbss_end = ABSOLUTE (.))
                [!provide]                        PROVIDE (___sbss_end = ABSOLUTE (.))
 *(.dynbss)
 *(.bss .bss.* .gnu.linkonce.b.*)
 .bss           0x000087ac        0x0 c:/Users/juane/OneDrive/Documentos/QUARTUS/PROJETO_3_PHI/software/pisca_led_bsp//obj/HAL/src/crt0.o
 .bss           0x000087ac        0x0 obj/default/hello_world_small.o
 .bss           0x000087ac        0x0 c:/intelfpga_lite/23.1std/nios2eds/bin/gnu/h-x86_64-mingw32/bin/../lib/gcc/nios2-elf/12.3.1/mno-hw-mul\libgcc.a(lib2-divmod.o)
 .bss           0x000087ac        0x0 c:/intelfpga_lite/23.1std/nios2eds/bin/gnu/h-x86_64-mingw32/bin/../lib/gcc/nios2-elf/12.3.1/../../../../../H-x86_64-mingw32/nios2-elf/lib/mno-hw-mul\libsmallc.a(libc_a-puts.o)
 .bss           0x000087ac        0x0 c:/intelfpga_lite/23.1std/nios2eds/bin/gnu/h-x86_64-mingw32/bin/../lib/gcc/nios2-elf/12.3.1/../../../../../H-x86_64-mingw32/nios2-elf/lib/mno-hw-mul\libsmallc.a(libc_a-strlen.o)
 .bss           0x000087ac        0x0 c:/intelfpga_lite/23.1std/nios2eds/bin/gnu/h-x86_64-mingw32/bin/../lib/gcc/nios2-elf/12.3.1/../../../../../H-x86_64-mingw32/nios2-elf/lib/mno-hw-mul\libsmallc.a(libc_a-impure.o)
 .bss           0x000087ac        0x0 c:/intelfpga_lite/23.1std/nios2eds/bin/gnu/h-x86_64-mingw32/bin/../lib/gcc/nios2-elf/12.3.1/../../../../../H-x86_64-mingw32/nios2-elf/lib/mno-hw-mul\libsmallc.a(libc_a-fvwrite_small_dev.o)
 .bss           0x000087ac        0x0 c:/intelfpga_lite/23.1std/nios2eds/bin/gnu/h-x86_64-mingw32/bin/../lib/gcc/nios2-elf/12.3.1/../../../../../H-x86_64-mingw32/nios2-elf/lib/mno-hw-mul\libsmallc.a(libc_a-writer.o)
 .bss           0x000087ac        0x0 c:/intelfpga_lite/23.1std/nios2eds/bin/gnu/h-x86_64-mingw32/bin/../lib/gcc/nios2-elf/12.3.1/../../../../../H-x86_64-mingw32/nios2-elf/lib/mno-hw-mul\libsmallc.a(libc_a-int_errno.o)
 .bss           0x000087ac        0x0 c:/Users/juane/OneDrive/Documentos/QUARTUS/PROJETO_3_PHI/software/pisca_led_bsp/\libhal_bsp.a(alt_load.o)
 .bss           0x000087ac        0x0 c:/Users/juane/OneDrive/Documentos/QUARTUS/PROJETO_3_PHI/software/pisca_led_bsp/\libhal_bsp.a(alt_main.o)
 .bss           0x000087ac        0x0 c:/Users/juane/OneDrive/Documentos/QUARTUS/PROJETO_3_PHI/software/pisca_led_bsp/\libhal_bsp.a(alt_usleep.o)
 .bss           0x000087ac        0x0 c:/Users/juane/OneDrive/Documentos/QUARTUS/PROJETO_3_PHI/software/pisca_led_bsp/\libhal_bsp.a(alt_write.o)
 .bss           0x000087ac        0x0 c:/Users/juane/OneDrive/Documentos/QUARTUS/PROJETO_3_PHI/software/pisca_led_bsp/\libhal_bsp.a(alt_sys_init.o)
 .bss           0x000087ac        0x0 c:/Users/juane/OneDrive/Documentos/QUARTUS/PROJETO_3_PHI/software/pisca_led_bsp/\libhal_bsp.a(altera_avalon_jtag_uart_write.o)
 .bss           0x000087ac        0x0 c:/Users/juane/OneDrive/Documentos/QUARTUS/PROJETO_3_PHI/software/pisca_led_bsp/\libhal_bsp.a(alt_busy_sleep.o)
 .bss           0x000087ac        0x0 c:/Users/juane/OneDrive/Documentos/QUARTUS/PROJETO_3_PHI/software/pisca_led_bsp/\libhal_bsp.a(alt_dcache_flush_all.o)
 .bss           0x000087ac        0x0 c:/Users/juane/OneDrive/Documentos/QUARTUS/PROJETO_3_PHI/software/pisca_led_bsp/\libhal_bsp.a(alt_errno.o)
 .bss           0x000087ac        0x0 c:/Users/juane/OneDrive/Documentos/QUARTUS/PROJETO_3_PHI/software/pisca_led_bsp/\libhal_bsp.a(alt_icache_flush_all.o)
 .bss           0x000087ac        0x0 c:/Users/juane/OneDrive/Documentos/QUARTUS/PROJETO_3_PHI/software/pisca_led_bsp/\libhal_bsp.a(altera_nios2_gen2_irq.o)
 .bss           0x000087ac        0x0 c:/intelfpga_lite/23.1std/nios2eds/bin/gnu/h-x86_64-mingw32/bin/../lib/gcc/nios2-elf/12.3.1/../../../../../H-x86_64-mingw32/nios2-elf/lib/mno-hw-mul\libsmallc.a(libc_a-memcpy.o)
 .bss           0x000087ac        0x0 c:/intelfpga_lite/23.1std/nios2eds/bin/gnu/h-x86_64-mingw32/bin/../lib/gcc/nios2-elf/12.3.1/mno-hw-mul\libgcc.a(lib2-mul.o)
 *(COMMON)
                0x000087ac                        . = ALIGN (0x4)
                0x000087ac                        __bss_end = ABSOLUTE (.)

.onchip_memory2_0
                0x000087ac        0x0
                [!provide]                        PROVIDE (_alt_partition_onchip_memory2_0_start = ABSOLUTE (.))
 *(.onchip_memory2_0 .onchip_memory2_0. onchip_memory2_0.*)
                0x000087ac                        . = ALIGN (0x4)
                [!provide]                        PROVIDE (_alt_partition_onchip_memory2_0_end = ABSOLUTE (.))
                0x000087ac                        _end = ABSOLUTE (.)
                0x000087ac                        end = ABSOLUTE (.)
                0x000087ac                        __alt_stack_base = ABSOLUTE (.)
                [!provide]                        PROVIDE (_alt_partition_onchip_memory2_0_load_addr = LOADADDR (.onchip_memory2_0))

.stab
 *(.stab)

.stabstr
 *(.stabstr)

.stab.excl
 *(.stab.excl)

.stab.exclstr
 *(.stab.exclstr)

.stab.index
 *(.stab.index)

.stab.indexstr
 *(.stab.indexstr)

.comment        0x00000000       0x2d
 *(.comment)
 .comment       0x00000000       0x2d obj/default/hello_world_small.o
                                 0x2e (size before relaxing)
 .comment       0x0000002d       0x2e c:/intelfpga_lite/23.1std/nios2eds/bin/gnu/h-x86_64-mingw32/bin/../lib/gcc/nios2-elf/12.3.1/mno-hw-mul\libgcc.a(lib2-divmod.o)
 .comment       0x0000002d       0x2e c:/intelfpga_lite/23.1std/nios2eds/bin/gnu/h-x86_64-mingw32/bin/../lib/gcc/nios2-elf/12.3.1/../../../../../H-x86_64-mingw32/nios2-elf/lib/mno-hw-mul\libsmallc.a(libc_a-puts.o)
 .comment       0x0000002d       0x2e c:/intelfpga_lite/23.1std/nios2eds/bin/gnu/h-x86_64-mingw32/bin/../lib/gcc/nios2-elf/12.3.1/../../../../../H-x86_64-mingw32/nios2-elf/lib/mno-hw-mul\libsmallc.a(libc_a-strlen.o)
 .comment       0x0000002d       0x2e c:/intelfpga_lite/23.1std/nios2eds/bin/gnu/h-x86_64-mingw32/bin/../lib/gcc/nios2-elf/12.3.1/../../../../../H-x86_64-mingw32/nios2-elf/lib/mno-hw-mul\libsmallc.a(libc_a-impure.o)
 .comment       0x0000002d       0x2e c:/intelfpga_lite/23.1std/nios2eds/bin/gnu/h-x86_64-mingw32/bin/../lib/gcc/nios2-elf/12.3.1/../../../../../H-x86_64-mingw32/nios2-elf/lib/mno-hw-mul\libsmallc.a(libc_a-fvwrite_small_dev.o)
 .comment       0x0000002d       0x2e c:/intelfpga_lite/23.1std/nios2eds/bin/gnu/h-x86_64-mingw32/bin/../lib/gcc/nios2-elf/12.3.1/../../../../../H-x86_64-mingw32/nios2-elf/lib/mno-hw-mul\libsmallc.a(libc_a-writer.o)
 .comment       0x0000002d       0x2e c:/intelfpga_lite/23.1std/nios2eds/bin/gnu/h-x86_64-mingw32/bin/../lib/gcc/nios2-elf/12.3.1/../../../../../H-x86_64-mingw32/nios2-elf/lib/mno-hw-mul\libsmallc.a(libc_a-int_errno.o)
 .comment       0x0000002d       0x2e c:/Users/juane/OneDrive/Documentos/QUARTUS/PROJETO_3_PHI/software/pisca_led_bsp/\libhal_bsp.a(alt_load.o)
 .comment       0x0000002d       0x2e c:/Users/juane/OneDrive/Documentos/QUARTUS/PROJETO_3_PHI/software/pisca_led_bsp/\libhal_bsp.a(alt_main.o)
 .comment       0x0000002d       0x2e c:/Users/juane/OneDrive/Documentos/QUARTUS/PROJETO_3_PHI/software/pisca_led_bsp/\libhal_bsp.a(alt_usleep.o)
 .comment       0x0000002d       0x2e c:/Users/juane/OneDrive/Documentos/QUARTUS/PROJETO_3_PHI/software/pisca_led_bsp/\libhal_bsp.a(alt_write.o)
 .comment       0x0000002d       0x2e c:/Users/juane/OneDrive/Documentos/QUARTUS/PROJETO_3_PHI/software/pisca_led_bsp/\libhal_bsp.a(alt_sys_init.o)
 .comment       0x0000002d       0x2e c:/Users/juane/OneDrive/Documentos/QUARTUS/PROJETO_3_PHI/software/pisca_led_bsp/\libhal_bsp.a(altera_avalon_jtag_uart_write.o)
 .comment       0x0000002d       0x2e c:/Users/juane/OneDrive/Documentos/QUARTUS/PROJETO_3_PHI/software/pisca_led_bsp/\libhal_bsp.a(alt_busy_sleep.o)
 .comment       0x0000002d       0x2e c:/Users/juane/OneDrive/Documentos/QUARTUS/PROJETO_3_PHI/software/pisca_led_bsp/\libhal_bsp.a(alt_dcache_flush_all.o)
 .comment       0x0000002d       0x2e c:/Users/juane/OneDrive/Documentos/QUARTUS/PROJETO_3_PHI/software/pisca_led_bsp/\libhal_bsp.a(alt_errno.o)
 .comment       0x0000002d       0x2e c:/Users/juane/OneDrive/Documentos/QUARTUS/PROJETO_3_PHI/software/pisca_led_bsp/\libhal_bsp.a(alt_icache_flush_all.o)
 .comment       0x0000002d       0x2e c:/Users/juane/OneDrive/Documentos/QUARTUS/PROJETO_3_PHI/software/pisca_led_bsp/\libhal_bsp.a(altera_nios2_gen2_irq.o)
 .comment       0x0000002d       0x2e c:/intelfpga_lite/23.1std/nios2eds/bin/gnu/h-x86_64-mingw32/bin/../lib/gcc/nios2-elf/12.3.1/../../../../../H-x86_64-mingw32/nios2-elf/lib/mno-hw-mul\libsmallc.a(libc_a-memcpy.o)
 .comment       0x0000002d       0x2e c:/intelfpga_lite/23.1std/nios2eds/bin/gnu/h-x86_64-mingw32/bin/../lib/gcc/nios2-elf/12.3.1/mno-hw-mul\libgcc.a(lib2-mul.o)

.debug
 *(.debug)

.line
 *(.line)

.debug_srcinfo
 *(.debug_srcinfo)

.debug_sfnames
 *(.debug_sfnames)

.debug_aranges  0x00000000      0x2b8
 *(.debug_aranges)
 .debug_aranges
                0x00000000       0x28 c:/Users/juane/OneDrive/Documentos/QUARTUS/PROJETO_3_PHI/software/pisca_led_bsp//obj/HAL/src/crt0.o
 .debug_aranges
                0x00000028       0x20 obj/default/hello_world_small.o
 .debug_aranges
                0x00000048       0x20 c:/intelfpga_lite/23.1std/nios2eds/bin/gnu/h-x86_64-mingw32/bin/../lib/gcc/nios2-elf/12.3.1/mno-hw-mul\libgcc.a(lib2-divmod.o)
 .debug_aranges
                0x00000068       0x28 c:/intelfpga_lite/23.1std/nios2eds/bin/gnu/h-x86_64-mingw32/bin/../lib/gcc/nios2-elf/12.3.1/../../../../../H-x86_64-mingw32/nios2-elf/lib/mno-hw-mul\libsmallc.a(libc_a-puts.o)
 .debug_aranges
                0x00000090       0x20 c:/intelfpga_lite/23.1std/nios2eds/bin/gnu/h-x86_64-mingw32/bin/../lib/gcc/nios2-elf/12.3.1/../../../../../H-x86_64-mingw32/nios2-elf/lib/mno-hw-mul\libsmallc.a(libc_a-strlen.o)
 .debug_aranges
                0x000000b0       0x18 c:/intelfpga_lite/23.1std/nios2eds/bin/gnu/h-x86_64-mingw32/bin/../lib/gcc/nios2-elf/12.3.1/../../../../../H-x86_64-mingw32/nios2-elf/lib/mno-hw-mul\libsmallc.a(libc_a-impure.o)
 .debug_aranges
                0x000000c8       0x20 c:/intelfpga_lite/23.1std/nios2eds/bin/gnu/h-x86_64-mingw32/bin/../lib/gcc/nios2-elf/12.3.1/../../../../../H-x86_64-mingw32/nios2-elf/lib/mno-hw-mul\libsmallc.a(libc_a-fvwrite_small_dev.o)
 .debug_aranges
                0x000000e8       0x20 c:/intelfpga_lite/23.1std/nios2eds/bin/gnu/h-x86_64-mingw32/bin/../lib/gcc/nios2-elf/12.3.1/../../../../../H-x86_64-mingw32/nios2-elf/lib/mno-hw-mul\libsmallc.a(libc_a-writer.o)
 .debug_aranges
                0x00000108       0x18 c:/intelfpga_lite/23.1std/nios2eds/bin/gnu/h-x86_64-mingw32/bin/../lib/gcc/nios2-elf/12.3.1/../../../../../H-x86_64-mingw32/nios2-elf/lib/mno-hw-mul\libsmallc.a(libc_a-int_errno.o)
 .debug_aranges
                0x00000120       0x20 c:/Users/juane/OneDrive/Documentos/QUARTUS/PROJETO_3_PHI/software/pisca_led_bsp/\libhal_bsp.a(alt_load.o)
 .debug_aranges
                0x00000140       0x20 c:/Users/juane/OneDrive/Documentos/QUARTUS/PROJETO_3_PHI/software/pisca_led_bsp/\libhal_bsp.a(alt_main.o)
 .debug_aranges
                0x00000160       0x20 c:/Users/juane/OneDrive/Documentos/QUARTUS/PROJETO_3_PHI/software/pisca_led_bsp/\libhal_bsp.a(alt_usleep.o)
 .debug_aranges
                0x00000180       0x20 c:/Users/juane/OneDrive/Documentos/QUARTUS/PROJETO_3_PHI/software/pisca_led_bsp/\libhal_bsp.a(alt_write.o)
 .debug_aranges
                0x000001a0       0x20 c:/Users/juane/OneDrive/Documentos/QUARTUS/PROJETO_3_PHI/software/pisca_led_bsp/\libhal_bsp.a(alt_sys_init.o)
 .debug_aranges
                0x000001c0       0x20 c:/Users/juane/OneDrive/Documentos/QUARTUS/PROJETO_3_PHI/software/pisca_led_bsp/\libhal_bsp.a(altera_avalon_jtag_uart_write.o)
 .debug_aranges
                0x000001e0       0x20 c:/Users/juane/OneDrive/Documentos/QUARTUS/PROJETO_3_PHI/software/pisca_led_bsp/\libhal_bsp.a(alt_busy_sleep.o)
 .debug_aranges
                0x00000200       0x20 c:/Users/juane/OneDrive/Documentos/QUARTUS/PROJETO_3_PHI/software/pisca_led_bsp/\libhal_bsp.a(alt_dcache_flush_all.o)
 .debug_aranges
                0x00000220       0x18 c:/Users/juane/OneDrive/Documentos/QUARTUS/PROJETO_3_PHI/software/pisca_led_bsp/\libhal_bsp.a(alt_errno.o)
 .debug_aranges
                0x00000238       0x20 c:/Users/juane/OneDrive/Documentos/QUARTUS/PROJETO_3_PHI/software/pisca_led_bsp/\libhal_bsp.a(alt_icache_flush_all.o)
 .debug_aranges
                0x00000258       0x20 c:/Users/juane/OneDrive/Documentos/QUARTUS/PROJETO_3_PHI/software/pisca_led_bsp/\libhal_bsp.a(altera_nios2_gen2_irq.o)
 .debug_aranges
                0x00000278       0x20 c:/intelfpga_lite/23.1std/nios2eds/bin/gnu/h-x86_64-mingw32/bin/../lib/gcc/nios2-elf/12.3.1/../../../../../H-x86_64-mingw32/nios2-elf/lib/mno-hw-mul\libsmallc.a(libc_a-memcpy.o)
 .debug_aranges
                0x00000298       0x20 c:/intelfpga_lite/23.1std/nios2eds/bin/gnu/h-x86_64-mingw32/bin/../lib/gcc/nios2-elf/12.3.1/mno-hw-mul\libgcc.a(lib2-mul.o)

.debug_pubnames
 *(.debug_pubnames)

.debug_info     0x00000000     0x2a5a
 *(.debug_info .gnu.linkonce.wi.*)
 .debug_info    0x00000000       0x3f c:/Users/juane/OneDrive/Documentos/QUARTUS/PROJETO_3_PHI/software/pisca_led_bsp//obj/HAL/src/crt0.o
 .debug_info    0x0000003f      0x18c obj/default/hello_world_small.o
 .debug_info    0x000001cb      0x347 c:/intelfpga_lite/23.1std/nios2eds/bin/gnu/h-x86_64-mingw32/bin/../lib/gcc/nios2-elf/12.3.1/mno-hw-mul\libgcc.a(lib2-divmod.o)
 .debug_info    0x00000512      0x5ec c:/intelfpga_lite/23.1std/nios2eds/bin/gnu/h-x86_64-mingw32/bin/../lib/gcc/nios2-elf/12.3.1/../../../../../H-x86_64-mingw32/nios2-elf/lib/mno-hw-mul\libsmallc.a(libc_a-puts.o)
 .debug_info    0x00000afe       0xd1 c:/intelfpga_lite/23.1std/nios2eds/bin/gnu/h-x86_64-mingw32/bin/../lib/gcc/nios2-elf/12.3.1/../../../../../H-x86_64-mingw32/nios2-elf/lib/mno-hw-mul\libsmallc.a(libc_a-strlen.o)
 .debug_info    0x00000bcf      0x4eb c:/intelfpga_lite/23.1std/nios2eds/bin/gnu/h-x86_64-mingw32/bin/../lib/gcc/nios2-elf/12.3.1/../../../../../H-x86_64-mingw32/nios2-elf/lib/mno-hw-mul\libsmallc.a(libc_a-impure.o)
 .debug_info    0x000010ba      0x5c4 c:/intelfpga_lite/23.1std/nios2eds/bin/gnu/h-x86_64-mingw32/bin/../lib/gcc/nios2-elf/12.3.1/../../../../../H-x86_64-mingw32/nios2-elf/lib/mno-hw-mul\libsmallc.a(libc_a-fvwrite_small_dev.o)
 .debug_info    0x0000167e      0x5a4 c:/intelfpga_lite/23.1std/nios2eds/bin/gnu/h-x86_64-mingw32/bin/../lib/gcc/nios2-elf/12.3.1/../../../../../H-x86_64-mingw32/nios2-elf/lib/mno-hw-mul\libsmallc.a(libc_a-writer.o)
 .debug_info    0x00001c22       0x85 c:/intelfpga_lite/23.1std/nios2eds/bin/gnu/h-x86_64-mingw32/bin/../lib/gcc/nios2-elf/12.3.1/../../../../../H-x86_64-mingw32/nios2-elf/lib/mno-hw-mul\libsmallc.a(libc_a-int_errno.o)
 .debug_info    0x00001ca7      0x239 c:/Users/juane/OneDrive/Documentos/QUARTUS/PROJETO_3_PHI/software/pisca_led_bsp/\libhal_bsp.a(alt_load.o)
 .debug_info    0x00001ee0      0x13e c:/Users/juane/OneDrive/Documentos/QUARTUS/PROJETO_3_PHI/software/pisca_led_bsp/\libhal_bsp.a(alt_main.o)
 .debug_info    0x0000201e       0xe4 c:/Users/juane/OneDrive/Documentos/QUARTUS/PROJETO_3_PHI/software/pisca_led_bsp/\libhal_bsp.a(alt_usleep.o)
 .debug_info    0x00002102      0x1a8 c:/Users/juane/OneDrive/Documentos/QUARTUS/PROJETO_3_PHI/software/pisca_led_bsp/\libhal_bsp.a(alt_write.o)
 .debug_info    0x000022aa      0x127 c:/Users/juane/OneDrive/Documentos/QUARTUS/PROJETO_3_PHI/software/pisca_led_bsp/\libhal_bsp.a(alt_sys_init.o)
 .debug_info    0x000023d1      0x149 c:/Users/juane/OneDrive/Documentos/QUARTUS/PROJETO_3_PHI/software/pisca_led_bsp/\libhal_bsp.a(altera_avalon_jtag_uart_write.o)
 .debug_info    0x0000251a      0x10c c:/Users/juane/OneDrive/Documentos/QUARTUS/PROJETO_3_PHI/software/pisca_led_bsp/\libhal_bsp.a(alt_busy_sleep.o)
 .debug_info    0x00002626       0x8d c:/Users/juane/OneDrive/Documentos/QUARTUS/PROJETO_3_PHI/software/pisca_led_bsp/\libhal_bsp.a(alt_dcache_flush_all.o)
 .debug_info    0x000026b3       0xa8 c:/Users/juane/OneDrive/Documentos/QUARTUS/PROJETO_3_PHI/software/pisca_led_bsp/\libhal_bsp.a(alt_errno.o)
 .debug_info    0x0000275b       0x8d c:/Users/juane/OneDrive/Documentos/QUARTUS/PROJETO_3_PHI/software/pisca_led_bsp/\libhal_bsp.a(alt_icache_flush_all.o)
 .debug_info    0x000027e8       0x8d c:/Users/juane/OneDrive/Documentos/QUARTUS/PROJETO_3_PHI/software/pisca_led_bsp/\libhal_bsp.a(altera_nios2_gen2_irq.o)
 .debug_info    0x00002875      0x121 c:/intelfpga_lite/23.1std/nios2eds/bin/gnu/h-x86_64-mingw32/bin/../lib/gcc/nios2-elf/12.3.1/../../../../../H-x86_64-mingw32/nios2-elf/lib/mno-hw-mul\libsmallc.a(libc_a-memcpy.o)
 .debug_info    0x00002996       0xc4 c:/intelfpga_lite/23.1std/nios2eds/bin/gnu/h-x86_64-mingw32/bin/../lib/gcc/nios2-elf/12.3.1/mno-hw-mul\libgcc.a(lib2-mul.o)

.debug_abbrev   0x00000000     0x125c
 *(.debug_abbrev)
 .debug_abbrev  0x00000000       0x1f c:/Users/juane/OneDrive/Documentos/QUARTUS/PROJETO_3_PHI/software/pisca_led_bsp//obj/HAL/src/crt0.o
 .debug_abbrev  0x0000001f       0xf9 obj/default/hello_world_small.o
 .debug_abbrev  0x00000118      0x10c c:/intelfpga_lite/23.1std/nios2eds/bin/gnu/h-x86_64-mingw32/bin/../lib/gcc/nios2-elf/12.3.1/mno-hw-mul\libgcc.a(lib2-divmod.o)
 .debug_abbrev  0x00000224      0x1db c:/intelfpga_lite/23.1std/nios2eds/bin/gnu/h-x86_64-mingw32/bin/../lib/gcc/nios2-elf/12.3.1/../../../../../H-x86_64-mingw32/nios2-elf/lib/mno-hw-mul\libsmallc.a(libc_a-puts.o)
 .debug_abbrev  0x000003ff       0x8c c:/intelfpga_lite/23.1std/nios2eds/bin/gnu/h-x86_64-mingw32/bin/../lib/gcc/nios2-elf/12.3.1/../../../../../H-x86_64-mingw32/nios2-elf/lib/mno-hw-mul\libsmallc.a(libc_a-strlen.o)
 .debug_abbrev  0x0000048b      0x142 c:/intelfpga_lite/23.1std/nios2eds/bin/gnu/h-x86_64-mingw32/bin/../lib/gcc/nios2-elf/12.3.1/../../../../../H-x86_64-mingw32/nios2-elf/lib/mno-hw-mul\libsmallc.a(libc_a-impure.o)
 .debug_abbrev  0x000005cd      0x1c9 c:/intelfpga_lite/23.1std/nios2eds/bin/gnu/h-x86_64-mingw32/bin/../lib/gcc/nios2-elf/12.3.1/../../../../../H-x86_64-mingw32/nios2-elf/lib/mno-hw-mul\libsmallc.a(libc_a-fvwrite_small_dev.o)
 .debug_abbrev  0x00000796      0x1ae c:/intelfpga_lite/23.1std/nios2eds/bin/gnu/h-x86_64-mingw32/bin/../lib/gcc/nios2-elf/12.3.1/../../../../../H-x86_64-mingw32/nios2-elf/lib/mno-hw-mul\libsmallc.a(libc_a-writer.o)
 .debug_abbrev  0x00000944       0x39 c:/intelfpga_lite/23.1std/nios2eds/bin/gnu/h-x86_64-mingw32/bin/../lib/gcc/nios2-elf/12.3.1/../../../../../H-x86_64-mingw32/nios2-elf/lib/mno-hw-mul\libsmallc.a(libc_a-int_errno.o)
 .debug_abbrev  0x0000097d      0x12c c:/Users/juane/OneDrive/Documentos/QUARTUS/PROJETO_3_PHI/software/pisca_led_bsp/\libhal_bsp.a(alt_load.o)
 .debug_abbrev  0x00000aa9       0xeb c:/Users/juane/OneDrive/Documentos/QUARTUS/PROJETO_3_PHI/software/pisca_led_bsp/\libhal_bsp.a(alt_main.o)
 .debug_abbrev  0x00000b94       0x9b c:/Users/juane/OneDrive/Documentos/QUARTUS/PROJETO_3_PHI/software/pisca_led_bsp/\libhal_bsp.a(alt_usleep.o)
 .debug_abbrev  0x00000c2f      0x117 c:/Users/juane/OneDrive/Documentos/QUARTUS/PROJETO_3_PHI/software/pisca_led_bsp/\libhal_bsp.a(alt_write.o)
 .debug_abbrev  0x00000d46      0x107 c:/Users/juane/OneDrive/Documentos/QUARTUS/PROJETO_3_PHI/software/pisca_led_bsp/\libhal_bsp.a(alt_sys_init.o)
 .debug_abbrev  0x00000e4d       0xdc c:/Users/juane/OneDrive/Documentos/QUARTUS/PROJETO_3_PHI/software/pisca_led_bsp/\libhal_bsp.a(altera_avalon_jtag_uart_write.o)
 .debug_abbrev  0x00000f29       0xb9 c:/Users/juane/OneDrive/Documentos/QUARTUS/PROJETO_3_PHI/software/pisca_led_bsp/\libhal_bsp.a(alt_busy_sleep.o)
 .debug_abbrev  0x00000fe2       0x43 c:/Users/juane/OneDrive/Documentos/QUARTUS/PROJETO_3_PHI/software/pisca_led_bsp/\libhal_bsp.a(alt_dcache_flush_all.o)
 .debug_abbrev  0x00001025       0x70 c:/Users/juane/OneDrive/Documentos/QUARTUS/PROJETO_3_PHI/software/pisca_led_bsp/\libhal_bsp.a(alt_errno.o)
 .debug_abbrev  0x00001095       0x43 c:/Users/juane/OneDrive/Documentos/QUARTUS/PROJETO_3_PHI/software/pisca_led_bsp/\libhal_bsp.a(alt_icache_flush_all.o)
 .debug_abbrev  0x000010d8       0x43 c:/Users/juane/OneDrive/Documentos/QUARTUS/PROJETO_3_PHI/software/pisca_led_bsp/\libhal_bsp.a(altera_nios2_gen2_irq.o)
 .debug_abbrev  0x0000111b       0xc1 c:/intelfpga_lite/23.1std/nios2eds/bin/gnu/h-x86_64-mingw32/bin/../lib/gcc/nios2-elf/12.3.1/../../../../../H-x86_64-mingw32/nios2-elf/lib/mno-hw-mul\libsmallc.a(libc_a-memcpy.o)
 .debug_abbrev  0x000011dc       0x80 c:/intelfpga_lite/23.1std/nios2eds/bin/gnu/h-x86_64-mingw32/bin/../lib/gcc/nios2-elf/12.3.1/mno-hw-mul\libgcc.a(lib2-mul.o)

.debug_line     0x00000000      0xe89
 *(.debug_line)
 .debug_line    0x00000000       0x66 c:/Users/juane/OneDrive/Documentos/QUARTUS/PROJETO_3_PHI/software/pisca_led_bsp//obj/HAL/src/crt0.o
 .debug_line    0x00000066       0xf9 obj/default/hello_world_small.o
 .debug_line    0x0000015f      0x2e3 c:/intelfpga_lite/23.1std/nios2eds/bin/gnu/h-x86_64-mingw32/bin/../lib/gcc/nios2-elf/12.3.1/mno-hw-mul\libgcc.a(lib2-divmod.o)
 .debug_line    0x00000442       0xc2 c:/intelfpga_lite/23.1std/nios2eds/bin/gnu/h-x86_64-mingw32/bin/../lib/gcc/nios2-elf/12.3.1/../../../../../H-x86_64-mingw32/nios2-elf/lib/mno-hw-mul\libsmallc.a(libc_a-puts.o)
 .debug_line    0x00000504       0x7c c:/intelfpga_lite/23.1std/nios2eds/bin/gnu/h-x86_64-mingw32/bin/../lib/gcc/nios2-elf/12.3.1/../../../../../H-x86_64-mingw32/nios2-elf/lib/mno-hw-mul\libsmallc.a(libc_a-strlen.o)
 .debug_line    0x00000580       0x4c c:/intelfpga_lite/23.1std/nios2eds/bin/gnu/h-x86_64-mingw32/bin/../lib/gcc/nios2-elf/12.3.1/../../../../../H-x86_64-mingw32/nios2-elf/lib/mno-hw-mul\libsmallc.a(libc_a-impure.o)
 .debug_line    0x000005cc       0xd7 c:/intelfpga_lite/23.1std/nios2eds/bin/gnu/h-x86_64-mingw32/bin/../lib/gcc/nios2-elf/12.3.1/../../../../../H-x86_64-mingw32/nios2-elf/lib/mno-hw-mul\libsmallc.a(libc_a-fvwrite_small_dev.o)
 .debug_line    0x000006a3       0xae c:/intelfpga_lite/23.1std/nios2eds/bin/gnu/h-x86_64-mingw32/bin/../lib/gcc/nios2-elf/12.3.1/../../../../../H-x86_64-mingw32/nios2-elf/lib/mno-hw-mul\libsmallc.a(libc_a-writer.o)
 .debug_line    0x00000751       0x3a c:/intelfpga_lite/23.1std/nios2eds/bin/gnu/h-x86_64-mingw32/bin/../lib/gcc/nios2-elf/12.3.1/../../../../../H-x86_64-mingw32/nios2-elf/lib/mno-hw-mul\libsmallc.a(libc_a-int_errno.o)
 .debug_line    0x0000078b       0xd2 c:/Users/juane/OneDrive/Documentos/QUARTUS/PROJETO_3_PHI/software/pisca_led_bsp/\libhal_bsp.a(alt_load.o)
 .debug_line    0x0000085d       0xa2 c:/Users/juane/OneDrive/Documentos/QUARTUS/PROJETO_3_PHI/software/pisca_led_bsp/\libhal_bsp.a(alt_main.o)
 .debug_line    0x000008ff       0x70 c:/Users/juane/OneDrive/Documentos/QUARTUS/PROJETO_3_PHI/software/pisca_led_bsp/\libhal_bsp.a(alt_usleep.o)
 .debug_line    0x0000096f       0xc5 c:/Users/juane/OneDrive/Documentos/QUARTUS/PROJETO_3_PHI/software/pisca_led_bsp/\libhal_bsp.a(alt_write.o)
 .debug_line    0x00000a34       0x92 c:/Users/juane/OneDrive/Documentos/QUARTUS/PROJETO_3_PHI/software/pisca_led_bsp/\libhal_bsp.a(alt_sys_init.o)
 .debug_line    0x00000ac6       0x93 c:/Users/juane/OneDrive/Documentos/QUARTUS/PROJETO_3_PHI/software/pisca_led_bsp/\libhal_bsp.a(altera_avalon_jtag_uart_write.o)
 .debug_line    0x00000b59       0xe2 c:/Users/juane/OneDrive/Documentos/QUARTUS/PROJETO_3_PHI/software/pisca_led_bsp/\libhal_bsp.a(alt_busy_sleep.o)
 .debug_line    0x00000c3b       0x4e c:/Users/juane/OneDrive/Documentos/QUARTUS/PROJETO_3_PHI/software/pisca_led_bsp/\libhal_bsp.a(alt_dcache_flush_all.o)
 .debug_line    0x00000c89       0x4c c:/Users/juane/OneDrive/Documentos/QUARTUS/PROJETO_3_PHI/software/pisca_led_bsp/\libhal_bsp.a(alt_errno.o)
 .debug_line    0x00000cd5       0x4c c:/Users/juane/OneDrive/Documentos/QUARTUS/PROJETO_3_PHI/software/pisca_led_bsp/\libhal_bsp.a(alt_icache_flush_all.o)
 .debug_line    0x00000d21       0x54 c:/Users/juane/OneDrive/Documentos/QUARTUS/PROJETO_3_PHI/software/pisca_led_bsp/\libhal_bsp.a(altera_nios2_gen2_irq.o)
 .debug_line    0x00000d75       0x8c c:/intelfpga_lite/23.1std/nios2eds/bin/gnu/h-x86_64-mingw32/bin/../lib/gcc/nios2-elf/12.3.1/../../../../../H-x86_64-mingw32/nios2-elf/lib/mno-hw-mul\libsmallc.a(libc_a-memcpy.o)
 .debug_line    0x00000e01       0x88 c:/intelfpga_lite/23.1std/nios2eds/bin/gnu/h-x86_64-mingw32/bin/../lib/gcc/nios2-elf/12.3.1/mno-hw-mul\libgcc.a(lib2-mul.o)

.debug_frame    0x00000000      0x324
 *(.debug_frame)
 .debug_frame   0x00000000       0x2c obj/default/hello_world_small.o
 .debug_frame   0x0000002c       0x50 c:/intelfpga_lite/23.1std/nios2eds/bin/gnu/h-x86_64-mingw32/bin/../lib/gcc/nios2-elf/12.3.1/mno-hw-mul\libgcc.a(lib2-divmod.o)
 .debug_frame   0x0000007c       0x48 c:/intelfpga_lite/23.1std/nios2eds/bin/gnu/h-x86_64-mingw32/bin/../lib/gcc/nios2-elf/12.3.1/../../../../../H-x86_64-mingw32/nios2-elf/lib/mno-hw-mul\libsmallc.a(libc_a-puts.o)
 .debug_frame   0x000000c4       0x20 c:/intelfpga_lite/23.1std/nios2eds/bin/gnu/h-x86_64-mingw32/bin/../lib/gcc/nios2-elf/12.3.1/../../../../../H-x86_64-mingw32/nios2-elf/lib/mno-hw-mul\libsmallc.a(libc_a-strlen.o)
 .debug_frame   0x000000e4       0x3c c:/intelfpga_lite/23.1std/nios2eds/bin/gnu/h-x86_64-mingw32/bin/../lib/gcc/nios2-elf/12.3.1/../../../../../H-x86_64-mingw32/nios2-elf/lib/mno-hw-mul\libsmallc.a(libc_a-fvwrite_small_dev.o)
 .debug_frame   0x00000120       0x30 c:/intelfpga_lite/23.1std/nios2eds/bin/gnu/h-x86_64-mingw32/bin/../lib/gcc/nios2-elf/12.3.1/../../../../../H-x86_64-mingw32/nios2-elf/lib/mno-hw-mul\libsmallc.a(libc_a-writer.o)
 .debug_frame   0x00000150       0x2c c:/Users/juane/OneDrive/Documentos/QUARTUS/PROJETO_3_PHI/software/pisca_led_bsp/\libhal_bsp.a(alt_load.o)
 .debug_frame   0x0000017c       0x2c c:/Users/juane/OneDrive/Documentos/QUARTUS/PROJETO_3_PHI/software/pisca_led_bsp/\libhal_bsp.a(alt_main.o)
 .debug_frame   0x000001a8       0x20 c:/Users/juane/OneDrive/Documentos/QUARTUS/PROJETO_3_PHI/software/pisca_led_bsp/\libhal_bsp.a(alt_usleep.o)
 .debug_frame   0x000001c8       0x2c c:/Users/juane/OneDrive/Documentos/QUARTUS/PROJETO_3_PHI/software/pisca_led_bsp/\libhal_bsp.a(alt_write.o)
 .debug_frame   0x000001f4       0x3c c:/Users/juane/OneDrive/Documentos/QUARTUS/PROJETO_3_PHI/software/pisca_led_bsp/\libhal_bsp.a(alt_sys_init.o)
 .debug_frame   0x00000230       0x20 c:/Users/juane/OneDrive/Documentos/QUARTUS/PROJETO_3_PHI/software/pisca_led_bsp/\libhal_bsp.a(altera_avalon_jtag_uart_write.o)
 .debug_frame   0x00000250       0x34 c:/Users/juane/OneDrive/Documentos/QUARTUS/PROJETO_3_PHI/software/pisca_led_bsp/\libhal_bsp.a(alt_busy_sleep.o)
 .debug_frame   0x00000284       0x20 c:/Users/juane/OneDrive/Documentos/QUARTUS/PROJETO_3_PHI/software/pisca_led_bsp/\libhal_bsp.a(alt_dcache_flush_all.o)
 .debug_frame   0x000002a4       0x20 c:/Users/juane/OneDrive/Documentos/QUARTUS/PROJETO_3_PHI/software/pisca_led_bsp/\libhal_bsp.a(alt_icache_flush_all.o)
 .debug_frame   0x000002c4       0x20 c:/Users/juane/OneDrive/Documentos/QUARTUS/PROJETO_3_PHI/software/pisca_led_bsp/\libhal_bsp.a(altera_nios2_gen2_irq.o)
 .debug_frame   0x000002e4       0x20 c:/intelfpga_lite/23.1std/nios2eds/bin/gnu/h-x86_64-mingw32/bin/../lib/gcc/nios2-elf/12.3.1/../../../../../H-x86_64-mingw32/nios2-elf/lib/mno-hw-mul\libsmallc.a(libc_a-memcpy.o)
 .debug_frame   0x00000304       0x20 c:/intelfpga_lite/23.1std/nios2eds/bin/gnu/h-x86_64-mingw32/bin/../lib/gcc/nios2-elf/12.3.1/mno-hw-mul\libgcc.a(lib2-mul.o)

.debug_str      0x00000000      0x7ea
 *(.debug_str)
 .debug_str     0x00000000       0x76 c:/Users/juane/OneDrive/Documentos/QUARTUS/PROJETO_3_PHI/software/pisca_led_bsp//obj/HAL/src/crt0.o
                                 0x7d (size before relaxing)
 .debug_str     0x00000076      0x10c obj/default/hello_world_small.o
                                0x15a (size before relaxing)
 .debug_str     0x00000182       0xce c:/intelfpga_lite/23.1std/nios2eds/bin/gnu/h-x86_64-mingw32/bin/../lib/gcc/nios2-elf/12.3.1/mno-hw-mul\libgcc.a(lib2-divmod.o)
                                0x122 (size before relaxing)
 .debug_str     0x00000250      0x2f8 c:/intelfpga_lite/23.1std/nios2eds/bin/gnu/h-x86_64-mingw32/bin/../lib/gcc/nios2-elf/12.3.1/../../../../../H-x86_64-mingw32/nios2-elf/lib/mno-hw-mul\libsmallc.a(libc_a-puts.o)
                                0x3b3 (size before relaxing)
 .debug_str     0x00000548      0x2f8 c:/intelfpga_lite/23.1std/nios2eds/bin/gnu/h-x86_64-mingw32/bin/../lib/gcc/nios2-elf/12.3.1/../../../../../H-x86_64-mingw32/nios2-elf/lib/mno-hw-mul\libsmallc.a(libc_a-strlen.o)
                                0x114 (size before relaxing)
 .debug_str     0x00000548        0xd c:/intelfpga_lite/23.1std/nios2eds/bin/gnu/h-x86_64-mingw32/bin/../lib/gcc/nios2-elf/12.3.1/../../../../../H-x86_64-mingw32/nios2-elf/lib/mno-hw-mul\libsmallc.a(libc_a-impure.o)
                                0x390 (size before relaxing)
 .debug_str     0x00000555       0x25 c:/intelfpga_lite/23.1std/nios2eds/bin/gnu/h-x86_64-mingw32/bin/../lib/gcc/nios2-elf/12.3.1/../../../../../H-x86_64-mingw32/nios2-elf/lib/mno-hw-mul\libsmallc.a(libc_a-fvwrite_small_dev.o)
                                0x3bd (size before relaxing)
 .debug_str     0x0000057a       0x25 c:/intelfpga_lite/23.1std/nios2eds/bin/gnu/h-x86_64-mingw32/bin/../lib/gcc/nios2-elf/12.3.1/../../../../../H-x86_64-mingw32/nios2-elf/lib/mno-hw-mul\libsmallc.a(libc_a-writer.o)
                                0x39c (size before relaxing)
 .debug_str     0x0000057a      0x106 c:/intelfpga_lite/23.1std/nios2eds/bin/gnu/h-x86_64-mingw32/bin/../lib/gcc/nios2-elf/12.3.1/../../../../../H-x86_64-mingw32/nios2-elf/lib/mno-hw-mul\libsmallc.a(libc_a-int_errno.o)
 .debug_str     0x0000057a      0x119 c:/Users/juane/OneDrive/Documentos/QUARTUS/PROJETO_3_PHI/software/pisca_led_bsp/\libhal_bsp.a(alt_load.o)
                                0x208 (size before relaxing)
 .debug_str     0x00000693       0x4b c:/Users/juane/OneDrive/Documentos/QUARTUS/PROJETO_3_PHI/software/pisca_led_bsp/\libhal_bsp.a(alt_main.o)
                                0x138 (size before relaxing)
 .debug_str     0x000006de        0xf c:/Users/juane/OneDrive/Documentos/QUARTUS/PROJETO_3_PHI/software/pisca_led_bsp/\libhal_bsp.a(alt_usleep.o)
                                0x116 (size before relaxing)
 .debug_str     0x000006ed       0x62 c:/Users/juane/OneDrive/Documentos/QUARTUS/PROJETO_3_PHI/software/pisca_led_bsp/\libhal_bsp.a(alt_write.o)
                                0x162 (size before relaxing)
 .debug_str     0x0000074f       0x5c c:/Users/juane/OneDrive/Documentos/QUARTUS/PROJETO_3_PHI/software/pisca_led_bsp/\libhal_bsp.a(alt_sys_init.o)
                                0x18a (size before relaxing)
 .debug_str     0x000007ab       0x5c c:/Users/juane/OneDrive/Documentos/QUARTUS/PROJETO_3_PHI/software/pisca_led_bsp/\libhal_bsp.a(altera_avalon_jtag_uart_write.o)
                                0x15c (size before relaxing)
 .debug_str     0x000007ab       0x23 c:/Users/juane/OneDrive/Documentos/QUARTUS/PROJETO_3_PHI/software/pisca_led_bsp/\libhal_bsp.a(alt_busy_sleep.o)
                                0x12c (size before relaxing)
 .debug_str     0x000007ce       0xfd c:/Users/juane/OneDrive/Documentos/QUARTUS/PROJETO_3_PHI/software/pisca_led_bsp/\libhal_bsp.a(alt_dcache_flush_all.o)
 .debug_str     0x000007ce        0x8 c:/Users/juane/OneDrive/Documentos/QUARTUS/PROJETO_3_PHI/software/pisca_led_bsp/\libhal_bsp.a(alt_errno.o)
                                 0xfa (size before relaxing)
 .debug_str     0x000007d6       0xfd c:/Users/juane/OneDrive/Documentos/QUARTUS/PROJETO_3_PHI/software/pisca_led_bsp/\libhal_bsp.a(alt_icache_flush_all.o)
 .debug_str     0x000007d6      0x103 c:/Users/juane/OneDrive/Documentos/QUARTUS/PROJETO_3_PHI/software/pisca_led_bsp/\libhal_bsp.a(altera_nios2_gen2_irq.o)
 .debug_str     0x000007d6       0x14 c:/intelfpga_lite/23.1std/nios2eds/bin/gnu/h-x86_64-mingw32/bin/../lib/gcc/nios2-elf/12.3.1/../../../../../H-x86_64-mingw32/nios2-elf/lib/mno-hw-mul\libsmallc.a(libc_a-memcpy.o)
                                0x122 (size before relaxing)
 .debug_str     0x000007ea       0xe6 c:/intelfpga_lite/23.1std/nios2eds/bin/gnu/h-x86_64-mingw32/bin/../lib/gcc/nios2-elf/12.3.1/mno-hw-mul\libgcc.a(lib2-mul.o)

.debug_loc
 *(.debug_loc)

.debug_macinfo
 *(.debug_macinfo)

.debug_weaknames
 *(.debug_weaknames)

.debug_funcnames
 *(.debug_funcnames)

.debug_typenames
 *(.debug_typenames)

.debug_varnames
 *(.debug_varnames)

.debug_alt_sim_info
                0x00000000       0x40
 *(.debug_alt_sim_info)
 .debug_alt_sim_info
                0x00000000       0x10 c:/Users/juane/OneDrive/Documentos/QUARTUS/PROJETO_3_PHI/software/pisca_led_bsp//obj/HAL/src/crt0.o
 .debug_alt_sim_info
                0x00000010       0x30 c:/Users/juane/OneDrive/Documentos/QUARTUS/PROJETO_3_PHI/software/pisca_led_bsp/\libhal_bsp.a(alt_busy_sleep.o)
                0x0000ce20                        __alt_data_end = 0xce20
                0x0000ce20                        PROVIDE (__alt_stack_pointer = __alt_data_end)
                [!provide]                        PROVIDE (__alt_stack_limit = __alt_stack_base)
                [!provide]                        PROVIDE (__alt_heap_start = end)
                [!provide]                        PROVIDE (__alt_heap_limit = 0xce20)
OUTPUT(pisca_led.elf elf32-littlenios2)
LOAD linker stubs

.debug_ranges   0x00000000       0x20
 .debug_ranges  0x00000000       0x20 c:/Users/juane/OneDrive/Documentos/QUARTUS/PROJETO_3_PHI/software/pisca_led_bsp//obj/HAL/src/crt0.o

.debug_loclists
                0x00000000      0x88f
 .debug_loclists
                0x00000000       0x5d obj/default/hello_world_small.o
 .debug_loclists
                0x0000005d      0x37a c:/intelfpga_lite/23.1std/nios2eds/bin/gnu/h-x86_64-mingw32/bin/../lib/gcc/nios2-elf/12.3.1/mno-hw-mul\libgcc.a(lib2-divmod.o)
 .debug_loclists
                0x000003d7       0x73 c:/intelfpga_lite/23.1std/nios2eds/bin/gnu/h-x86_64-mingw32/bin/../lib/gcc/nios2-elf/12.3.1/../../../../../H-x86_64-mingw32/nios2-elf/lib/mno-hw-mul\libsmallc.a(libc_a-puts.o)
 .debug_loclists
                0x0000044a       0x32 c:/intelfpga_lite/23.1std/nios2eds/bin/gnu/h-x86_64-mingw32/bin/../lib/gcc/nios2-elf/12.3.1/../../../../../H-x86_64-mingw32/nios2-elf/lib/mno-hw-mul\libsmallc.a(libc_a-strlen.o)
 .debug_loclists
                0x0000047c       0xc5 c:/intelfpga_lite/23.1std/nios2eds/bin/gnu/h-x86_64-mingw32/bin/../lib/gcc/nios2-elf/12.3.1/../../../../../H-x86_64-mingw32/nios2-elf/lib/mno-hw-mul\libsmallc.a(libc_a-fvwrite_small_dev.o)
 .debug_loclists
                0x00000541       0x88 c:/intelfpga_lite/23.1std/nios2eds/bin/gnu/h-x86_64-mingw32/bin/../lib/gcc/nios2-elf/12.3.1/../../../../../H-x86_64-mingw32/nios2-elf/lib/mno-hw-mul\libsmallc.a(libc_a-writer.o)
 .debug_loclists
                0x000005c9       0x1e c:/Users/juane/OneDrive/Documentos/QUARTUS/PROJETO_3_PHI/software/pisca_led_bsp/\libhal_bsp.a(alt_usleep.o)
 .debug_loclists
                0x000005e7       0x7b c:/Users/juane/OneDrive/Documentos/QUARTUS/PROJETO_3_PHI/software/pisca_led_bsp/\libhal_bsp.a(alt_write.o)
 .debug_loclists
                0x00000662       0x1e c:/Users/juane/OneDrive/Documentos/QUARTUS/PROJETO_3_PHI/software/pisca_led_bsp/\libhal_bsp.a(alt_sys_init.o)
 .debug_loclists
                0x00000680       0x5e c:/Users/juane/OneDrive/Documentos/QUARTUS/PROJETO_3_PHI/software/pisca_led_bsp/\libhal_bsp.a(altera_avalon_jtag_uart_write.o)
 .debug_loclists
                0x000006de       0x8a c:/Users/juane/OneDrive/Documentos/QUARTUS/PROJETO_3_PHI/software/pisca_led_bsp/\libhal_bsp.a(alt_busy_sleep.o)
 .debug_loclists
                0x00000768       0xcc c:/intelfpga_lite/23.1std/nios2eds/bin/gnu/h-x86_64-mingw32/bin/../lib/gcc/nios2-elf/12.3.1/../../../../../H-x86_64-mingw32/nios2-elf/lib/mno-hw-mul\libsmallc.a(libc_a-memcpy.o)
 .debug_loclists
                0x00000834       0x5b c:/intelfpga_lite/23.1std/nios2eds/bin/gnu/h-x86_64-mingw32/bin/../lib/gcc/nios2-elf/12.3.1/mno-hw-mul\libgcc.a(lib2-mul.o)

.debug_rnglists
                0x00000000      0x101
 .debug_rnglists
                0x00000000       0x22 obj/default/hello_world_small.o
 .debug_rnglists
                0x00000022       0x3f c:/intelfpga_lite/23.1std/nios2eds/bin/gnu/h-x86_64-mingw32/bin/../lib/gcc/nios2-elf/12.3.1/mno-hw-mul\libgcc.a(lib2-divmod.o)
 .debug_rnglists
                0x00000061       0x1a c:/intelfpga_lite/23.1std/nios2eds/bin/gnu/h-x86_64-mingw32/bin/../lib/gcc/nios2-elf/12.3.1/../../../../../H-x86_64-mingw32/nios2-elf/lib/mno-hw-mul\libsmallc.a(libc_a-puts.o)
 .debug_rnglists
                0x0000007b       0x13 c:/intelfpga_lite/23.1std/nios2eds/bin/gnu/h-x86_64-mingw32/bin/../lib/gcc/nios2-elf/12.3.1/../../../../../H-x86_64-mingw32/nios2-elf/lib/mno-hw-mul\libsmallc.a(libc_a-strlen.o)
 .debug_rnglists
                0x0000008e       0x14 c:/intelfpga_lite/23.1std/nios2eds/bin/gnu/h-x86_64-mingw32/bin/../lib/gcc/nios2-elf/12.3.1/../../../../../H-x86_64-mingw32/nios2-elf/lib/mno-hw-mul\libsmallc.a(libc_a-fvwrite_small_dev.o)
 .debug_rnglists
                0x000000a2       0x13 c:/intelfpga_lite/23.1std/nios2eds/bin/gnu/h-x86_64-mingw32/bin/../lib/gcc/nios2-elf/12.3.1/../../../../../H-x86_64-mingw32/nios2-elf/lib/mno-hw-mul\libsmallc.a(libc_a-writer.o)
 .debug_rnglists
                0x000000b5       0x23 c:/Users/juane/OneDrive/Documentos/QUARTUS/PROJETO_3_PHI/software/pisca_led_bsp/\libhal_bsp.a(alt_load.o)
 .debug_rnglists
                0x000000d8       0x16 c:/Users/juane/OneDrive/Documentos/QUARTUS/PROJETO_3_PHI/software/pisca_led_bsp/\libhal_bsp.a(alt_write.o)
 .debug_rnglists
                0x000000ee       0x13 c:/intelfpga_lite/23.1std/nios2eds/bin/gnu/h-x86_64-mingw32/bin/../lib/gcc/nios2-elf/12.3.1/../../../../../H-x86_64-mingw32/nios2-elf/lib/mno-hw-mul\libsmallc.a(libc_a-memcpy.o)

.debug_line_str
                0x00000000      0x8e8
 .debug_line_str
                0x00000000      0x12a obj/default/hello_world_small.o
                                0x1af (size before relaxing)
 .debug_line_str
                0x0000012a       0xf2 c:/intelfpga_lite/23.1std/nios2eds/bin/gnu/h-x86_64-mingw32/bin/../lib/gcc/nios2-elf/12.3.1/mno-hw-mul\libgcc.a(lib2-divmod.o)
                                0x187 (size before relaxing)
 .debug_line_str
                0x0000021c      0x23a c:/intelfpga_lite/23.1std/nios2eds/bin/gnu/h-x86_64-mingw32/bin/../lib/gcc/nios2-elf/12.3.1/../../../../../H-x86_64-mingw32/nios2-elf/lib/mno-hw-mul\libsmallc.a(libc_a-puts.o)
                                0x2d3 (size before relaxing)
 .debug_line_str
                0x00000456       0x69 c:/intelfpga_lite/23.1std/nios2eds/bin/gnu/h-x86_64-mingw32/bin/../lib/gcc/nios2-elf/12.3.1/../../../../../H-x86_64-mingw32/nios2-elf/lib/mno-hw-mul\libsmallc.a(libc_a-strlen.o)
                                0x259 (size before relaxing)
 .debug_line_str
                0x000004bf       0x67 c:/intelfpga_lite/23.1std/nios2eds/bin/gnu/h-x86_64-mingw32/bin/../lib/gcc/nios2-elf/12.3.1/../../../../../H-x86_64-mingw32/nios2-elf/lib/mno-hw-mul\libsmallc.a(libc_a-impure.o)
                                0x25a (size before relaxing)
 .debug_line_str
                0x00000526       0x43 c:/intelfpga_lite/23.1std/nios2eds/bin/gnu/h-x86_64-mingw32/bin/../lib/gcc/nios2-elf/12.3.1/../../../../../H-x86_64-mingw32/nios2-elf/lib/mno-hw-mul\libsmallc.a(libc_a-fvwrite_small_dev.o)
                                0x2e7 (size before relaxing)
 .debug_line_str
                0x00000569       0x38 c:/intelfpga_lite/23.1std/nios2eds/bin/gnu/h-x86_64-mingw32/bin/../lib/gcc/nios2-elf/12.3.1/../../../../../H-x86_64-mingw32/nios2-elf/lib/mno-hw-mul\libsmallc.a(libc_a-writer.o)
                                0x2cf (size before relaxing)
 .debug_line_str
                0x000005a1       0x3b c:/intelfpga_lite/23.1std/nios2eds/bin/gnu/h-x86_64-mingw32/bin/../lib/gcc/nios2-elf/12.3.1/../../../../../H-x86_64-mingw32/nios2-elf/lib/mno-hw-mul\libsmallc.a(libc_a-int_errno.o)
                                0x186 (size before relaxing)
 .debug_line_str
                0x000005dc       0x9a c:/Users/juane/OneDrive/Documentos/QUARTUS/PROJETO_3_PHI/software/pisca_led_bsp/\libhal_bsp.a(alt_load.o)
                                0x117 (size before relaxing)
 .debug_line_str
                0x00000676       0x4a c:/Users/juane/OneDrive/Documentos/QUARTUS/PROJETO_3_PHI/software/pisca_led_bsp/\libhal_bsp.a(alt_main.o)
                                0x116 (size before relaxing)
 .debug_line_str
                0x000006c0       0x26 c:/Users/juane/OneDrive/Documentos/QUARTUS/PROJETO_3_PHI/software/pisca_led_bsp/\libhal_bsp.a(alt_usleep.o)
                                0x163 (size before relaxing)
 .debug_line_str
                0x000006e6       0x7d c:/Users/juane/OneDrive/Documentos/QUARTUS/PROJETO_3_PHI/software/pisca_led_bsp/\libhal_bsp.a(alt_write.o)
                                0x1af (size before relaxing)
 .debug_line_str
                0x00000763       0x4f c:/Users/juane/OneDrive/Documentos/QUARTUS/PROJETO_3_PHI/software/pisca_led_bsp/\libhal_bsp.a(alt_sys_init.o)
                                0x12f (size before relaxing)
 .debug_line_str
                0x000007b2       0x38 c:/Users/juane/OneDrive/Documentos/QUARTUS/PROJETO_3_PHI/software/pisca_led_bsp/\libhal_bsp.a(altera_avalon_jtag_uart_write.o)
                                0x156 (size before relaxing)
 .debug_line_str
                0x000007ea       0x19 c:/Users/juane/OneDrive/Documentos/QUARTUS/PROJETO_3_PHI/software/pisca_led_bsp/\libhal_bsp.a(alt_busy_sleep.o)
                                 0xf9 (size before relaxing)
 .debug_line_str
                0x00000803       0x1f c:/Users/juane/OneDrive/Documentos/QUARTUS/PROJETO_3_PHI/software/pisca_led_bsp/\libhal_bsp.a(alt_dcache_flush_all.o)
                                 0xf5 (size before relaxing)
 .debug_line_str
                0x00000822       0x14 c:/Users/juane/OneDrive/Documentos/QUARTUS/PROJETO_3_PHI/software/pisca_led_bsp/\libhal_bsp.a(alt_errno.o)
                                0x148 (size before relaxing)
 .debug_line_str
                0x00000836       0x1f c:/Users/juane/OneDrive/Documentos/QUARTUS/PROJETO_3_PHI/software/pisca_led_bsp/\libhal_bsp.a(alt_icache_flush_all.o)
                                 0xf5 (size before relaxing)
 .debug_line_str
                0x00000855       0x20 c:/Users/juane/OneDrive/Documentos/QUARTUS/PROJETO_3_PHI/software/pisca_led_bsp/\libhal_bsp.a(altera_nios2_gen2_irq.o)
                                 0xf8 (size before relaxing)
 .debug_line_str
                0x00000875       0x39 c:/intelfpga_lite/23.1std/nios2eds/bin/gnu/h-x86_64-mingw32/bin/../lib/gcc/nios2-elf/12.3.1/../../../../../H-x86_64-mingw32/nios2-elf/lib/mno-hw-mul\libsmallc.a(libc_a-memcpy.o)
                                0x259 (size before relaxing)
 .debug_line_str
                0x000008ae       0x3a c:/intelfpga_lite/23.1std/nios2eds/bin/gnu/h-x86_64-mingw32/bin/../lib/gcc/nios2-elf/12.3.1/mno-hw-mul\libgcc.a(lib2-mul.o)
                                0x17e (size before relaxing)
