Archive member included to satisfy reference by file (symbol)

c:/Users/juane/OneDrive/Documentos/QUARTUS/PROJETO_3_PHI/software/pisca_led_bsp/\libhal_bsp.a(alt_iic.o)
                              obj/default/hello_world_small.o (alt_ic_isr_register)
c:/Users/juane/OneDrive/Documentos/QUARTUS/PROJETO_3_PHI/software/pisca_led_bsp/\libhal_bsp.a(alt_iic_isr_register.o)
                              c:/Users/juane/OneDrive/Documentos/QUARTUS/PROJETO_3_PHI/software/pisca_led_bsp/\libhal_bsp.a(alt_iic.o) (alt_iic_isr_register)
c:/Users/juane/OneDrive/Documentos/QUARTUS/PROJETO_3_PHI/software/pisca_led_bsp/\libhal_bsp.a(alt_irq_entry.o)
                              c:/Users/juane/OneDrive/Documentos/QUARTUS/PROJETO_3_PHI/software/pisca_led_bsp/\libhal_bsp.a(alt_iic_isr_register.o) (alt_irq_entry)
c:/Users/juane/OneDrive/Documentos/QUARTUS/PROJETO_3_PHI/software/pisca_led_bsp/\libhal_bsp.a(alt_irq_handler.o)
                              c:/Users/juane/OneDrive/Documentos/QUARTUS/PROJETO_3_PHI/software/pisca_led_bsp/\libhal_bsp.a(alt_iic_isr_register.o) (alt_irq_handler)
c:/Users/juane/OneDrive/Documentos/QUARTUS/PROJETO_3_PHI/software/pisca_led_bsp/\libhal_bsp.a(alt_irq_vars.o)
                              c:/Users/juane/OneDrive/Documentos/QUARTUS/PROJETO_3_PHI/software/pisca_led_bsp/\libhal_bsp.a(alt_iic.o) (alt_irq_active)
c:/Users/juane/OneDrive/Documentos/QUARTUS/PROJETO_3_PHI/software/pisca_led_bsp/\libhal_bsp.a(alt_load.o)
                              c:/Users/juane/OneDrive/Documentos/QUARTUS/PROJETO_3_PHI/software/pisca_led_bsp//obj/HAL/src/crt0.o (alt_load)
c:/Users/juane/OneDrive/Documentos/QUARTUS/PROJETO_3_PHI/software/pisca_led_bsp/\libhal_bsp.a(alt_main.o)
                              c:/Users/juane/OneDrive/Documentos/QUARTUS/PROJETO_3_PHI/software/pisca_led_bsp//obj/HAL/src/crt0.o (alt_main)
c:/Users/juane/OneDrive/Documentos/QUARTUS/PROJETO_3_PHI/software/pisca_led_bsp/\libhal_bsp.a(alt_sys_init.o)
                              c:/Users/juane/OneDrive/Documentos/QUARTUS/PROJETO_3_PHI/software/pisca_led_bsp/\libhal_bsp.a(alt_main.o) (alt_irq_init)
c:/Users/juane/OneDrive/Documentos/QUARTUS/PROJETO_3_PHI/software/pisca_led_bsp/\libhal_bsp.a(alt_dcache_flush_all.o)
                              c:/Users/juane/OneDrive/Documentos/QUARTUS/PROJETO_3_PHI/software/pisca_led_bsp/\libhal_bsp.a(alt_load.o) (alt_dcache_flush_all)
c:/Users/juane/OneDrive/Documentos/QUARTUS/PROJETO_3_PHI/software/pisca_led_bsp/\libhal_bsp.a(alt_exception_entry.o)
                              c:/Users/juane/OneDrive/Documentos/QUARTUS/PROJETO_3_PHI/software/pisca_led_bsp/\libhal_bsp.a(alt_irq_entry.o) (alt_exception)
c:/Users/juane/OneDrive/Documentos/QUARTUS/PROJETO_3_PHI/software/pisca_led_bsp/\libhal_bsp.a(alt_icache_flush_all.o)
                              c:/Users/juane/OneDrive/Documentos/QUARTUS/PROJETO_3_PHI/software/pisca_led_bsp/\libhal_bsp.a(alt_load.o) (alt_icache_flush_all)
c:/Users/juane/OneDrive/Documentos/QUARTUS/PROJETO_3_PHI/software/pisca_led_bsp/\libhal_bsp.a(alt_instruction_exception_entry.o)
                              c:/Users/juane/OneDrive/Documentos/QUARTUS/PROJETO_3_PHI/software/pisca_led_bsp/\libhal_bsp.a(alt_exception_entry.o) (alt_instruction_exception_entry)
c:/Users/juane/OneDrive/Documentos/QUARTUS/PROJETO_3_PHI/software/pisca_led_bsp/\libhal_bsp.a(altera_nios2_gen2_irq.o)
                              c:/Users/juane/OneDrive/Documentos/QUARTUS/PROJETO_3_PHI/software/pisca_led_bsp/\libhal_bsp.a(alt_sys_init.o) (altera_nios2_gen2_irq_init)
c:/intelfpga_lite/23.1std/nios2eds/bin/gnu/h-x86_64-mingw32/bin/../lib/gcc/nios2-elf/12.3.1/../../../../../H-x86_64-mingw32/nios2-elf/lib/mno-hw-mul\libsmallc.a(libc_a-memcpy.o)
                              c:/Users/juane/OneDrive/Documentos/QUARTUS/PROJETO_3_PHI/software/pisca_led_bsp/\libhal_bsp.a(alt_load.o) (memcpy)

Memory Configuration

Name             Origin             Length             Attributes
reset            0x00008000         0x00000020
onchip_memory2_0 0x00008020         0x00004e00
*default*        0x00000000         0xffffffff

Linker script and memory map

LOAD c:/Users/juane/OneDrive/Documentos/QUARTUS/PROJETO_3_PHI/software/pisca_led_bsp//obj/HAL/src/crt0.o
LOAD obj/default/hello_world_small.o
LOAD c:/intelfpga_lite/23.1std/nios2eds/bin/gnu/h-x86_64-mingw32/bin/../lib/gcc/nios2-elf/12.3.1/../../../../../H-x86_64-mingw32/nios2-elf/lib/mno-hw-mul\libstdc++.a
LOAD c:/intelfpga_lite/23.1std/nios2eds/bin/gnu/h-x86_64-mingw32/bin/../lib/gcc/nios2-elf/12.3.1/../../../../../H-x86_64-mingw32/nios2-elf/lib/mno-hw-mul\libm.a
LOAD c:/intelfpga_lite/23.1std/nios2eds/bin/gnu/h-x86_64-mingw32/bin/../lib/gcc/nios2-elf/12.3.1/mno-hw-mul\libgcc.a
START GROUP
LOAD c:/intelfpga_lite/23.1std/nios2eds/bin/gnu/h-x86_64-mingw32/bin/../lib/gcc/nios2-elf/12.3.1/../../../../../H-x86_64-mingw32/nios2-elf/lib/mno-hw-mul\libsmallc.a
LOAD c:/intelfpga_lite/23.1std/nios2eds/bin/gnu/h-x86_64-mingw32/bin/../lib/gcc/nios2-elf/12.3.1/mno-hw-mul\libgcc.a
LOAD c:/Users/juane/OneDrive/Documentos/QUARTUS/PROJETO_3_PHI/software/pisca_led_bsp/\libhal_bsp.a
LOAD c:/intelfpga_lite/23.1std/nios2eds/bin/gnu/h-x86_64-mingw32/bin/../lib/gcc/nios2-elf/12.3.1/../../../../../H-x86_64-mingw32/nios2-elf/lib/mno-hw-mul\libm.a
END GROUP
LOAD c:/intelfpga_lite/23.1std/nios2eds/bin/gnu/h-x86_64-mingw32/bin/../lib/gcc/nios2-elf/12.3.1/mno-hw-mul\libgcc.a
                0x00008000                        __alt_mem_onchip_memory2_0 = 0x8000

.entry          0x00008000       0x20
 *(.entry)
 .entry         0x00008000       0x20 c:/Users/juane/OneDrive/Documentos/QUARTUS/PROJETO_3_PHI/software/pisca_led_bsp//obj/HAL/src/crt0.o
                0x00008000                __reset
                0x0000800c                _exit

.exceptions     0x00008020      0x160
                0x00008020                        PROVIDE (__ram_exceptions_start = ABSOLUTE (.))
                0x00008020                        . = ALIGN (0x20)
 *(.irq)
 *(.exceptions.entry.label)
 .exceptions.entry.label
                0x00008020        0x0 c:/Users/juane/OneDrive/Documentos/QUARTUS/PROJETO_3_PHI/software/pisca_led_bsp/\libhal_bsp.a(alt_irq_entry.o)
                0x00008020                alt_irq_entry
 .exceptions.entry.label
                0x00008020        0x0 c:/Users/juane/OneDrive/Documentos/QUARTUS/PROJETO_3_PHI/software/pisca_led_bsp/\libhal_bsp.a(alt_exception_entry.o)
                0x00008020                alt_exception
 *(.exceptions.entry.user)
 *(.exceptions.entry.ecc_fatal)
 *(.exceptions.entry)
 .exceptions.entry
                0x00008020       0x54 c:/Users/juane/OneDrive/Documentos/QUARTUS/PROJETO_3_PHI/software/pisca_led_bsp/\libhal_bsp.a(alt_exception_entry.o)
 *(.exceptions.irqtest.user)
 *(.exceptions.irqtest)
 .exceptions.irqtest
                0x00008074       0x10 c:/Users/juane/OneDrive/Documentos/QUARTUS/PROJETO_3_PHI/software/pisca_led_bsp/\libhal_bsp.a(alt_irq_entry.o)
 *(.exceptions.irqhandler.user)
 *(.exceptions.irqhandler)
 .exceptions.irqhandler
                0x00008084        0x4 c:/Users/juane/OneDrive/Documentos/QUARTUS/PROJETO_3_PHI/software/pisca_led_bsp/\libhal_bsp.a(alt_irq_entry.o)
 *(.exceptions.irqreturn.user)
 *(.exceptions.irqreturn)
 .exceptions.irqreturn
                0x00008088        0x4 c:/Users/juane/OneDrive/Documentos/QUARTUS/PROJETO_3_PHI/software/pisca_led_bsp/\libhal_bsp.a(alt_irq_entry.o)
 *(.exceptions.notirq.label)
 .exceptions.notirq.label
                0x0000808c        0x0 c:/Users/juane/OneDrive/Documentos/QUARTUS/PROJETO_3_PHI/software/pisca_led_bsp/\libhal_bsp.a(alt_irq_entry.o)
 *(.exceptions.notirq.user)
 *(.exceptions.notirq)
 .exceptions.notirq
                0x0000808c        0x8 c:/Users/juane/OneDrive/Documentos/QUARTUS/PROJETO_3_PHI/software/pisca_led_bsp/\libhal_bsp.a(alt_exception_entry.o)
 *(.exceptions.soft.user)
 *(.exceptions.soft)
 *(.exceptions.unknown.user)
 *(.exceptions.unknown)
 .exceptions.unknown
                0x00008094       0x14 c:/Users/juane/OneDrive/Documentos/QUARTUS/PROJETO_3_PHI/software/pisca_led_bsp/\libhal_bsp.a(alt_exception_entry.o)
 *(.exceptions.exit.label)
 .exceptions.exit.label
                0x000080a8        0x0 c:/Users/juane/OneDrive/Documentos/QUARTUS/PROJETO_3_PHI/software/pisca_led_bsp/\libhal_bsp.a(alt_irq_entry.o)
 .exceptions.exit.label
                0x000080a8        0x0 c:/Users/juane/OneDrive/Documentos/QUARTUS/PROJETO_3_PHI/software/pisca_led_bsp/\libhal_bsp.a(alt_exception_entry.o)
 *(.exceptions.exit.user)
 *(.exceptions.exit)
 .exceptions.exit
                0x000080a8       0x54 c:/Users/juane/OneDrive/Documentos/QUARTUS/PROJETO_3_PHI/software/pisca_led_bsp/\libhal_bsp.a(alt_exception_entry.o)
 *(.exceptions)
 .exceptions    0x000080fc       0x60 c:/Users/juane/OneDrive/Documentos/QUARTUS/PROJETO_3_PHI/software/pisca_led_bsp/\libhal_bsp.a(alt_irq_handler.o)
                0x000080fc                alt_irq_handler
 .exceptions    0x0000815c       0x24 c:/Users/juane/OneDrive/Documentos/QUARTUS/PROJETO_3_PHI/software/pisca_led_bsp/\libhal_bsp.a(alt_instruction_exception_entry.o)
                0x0000815c                alt_instruction_exception_entry
                0x00008180                        PROVIDE (__ram_exceptions_end = ABSOLUTE (.))
                0x00008020                        PROVIDE (__flash_exceptions_start = LOADADDR (.exceptions))

.text           0x00008180      0x464
                [!provide]                        PROVIDE (stext = ABSOLUTE (.))
 *(.interp)
 *(.hash)
 *(.dynsym)
 *(.dynstr)
 *(.gnu.version)
 *(.gnu.version_d)
 *(.gnu.version_r)
 *(.rel.init)
 *(.rela.init)
 *(.rel.text .rel.text.* .rel.gnu.linkonce.t.*)
 *(.rela.text .rela.text.* .rela.gnu.linkonce.t.*)
 *(.rel.fini)
 *(.rela.fini)
 *(.rel.rodata .rel.rodata.* .rel.gnu.linkonce.r.*)
 *(.rela.rodata .rela.rodata.* .rela.gnu.linkonce.r.*)
 *(.rel.data .rel.data.* .rel.gnu.linkonce.d.*)
 *(.rela.data .rela.data.* .rela.gnu.linkonce.d.*)
 *(.rel.tdata .rel.tdata.* .rel.gnu.linkonce.td.*)
 *(.rela.tdata .rela.tdata.* .rela.gnu.linkonce.td.*)
 *(.rel.tbss .rel.tbss.* .rel.gnu.linkonce.tb.*)
 *(.rela.tbss .rela.tbss.* .rela.gnu.linkonce.tb.*)
 *(.rel.ctors)
 *(.rela.ctors)
 *(.rel.dtors)
 *(.rela.dtors)
 *(.rel.got)
 *(.rela.got)
 *(.rel.sdata .rel.sdata.* .rel.gnu.linkonce.s.*)
 *(.rela.sdata .rela.sdata.* .rela.gnu.linkonce.s.*)
 *(.rel.sbss .rel.sbss.* .rel.gnu.linkonce.sb.*)
 *(.rela.sbss .rela.sbss.* .rela.gnu.linkonce.sb.*)
 *(.rel.sdata2 .rel.sdata2.* .rel.gnu.linkonce.s2.*)
 *(.rela.sdata2 .rela.sdata2.* .rela.gnu.linkonce.s2.*)
 *(.rel.sbss2 .rel.sbss2.* .rel.gnu.linkonce.sb2.*)
 *(.rela.sbss2 .rela.sbss2.* .rela.gnu.linkonce.sb2.*)
 *(.rel.bss .rel.bss.* .rel.gnu.linkonce.b.*)
 *(.rela.bss .rela.bss.* .rela.gnu.linkonce.b.*)
 *(.rel.plt)
 *(.rela.plt)
 *(.rel.dyn)
 *(.init)
 *(.plt)
 *(.text .stub .text.* .gnu.linkonce.t.*)
 .text          0x00008180       0x3c c:/Users/juane/OneDrive/Documentos/QUARTUS/PROJETO_3_PHI/software/pisca_led_bsp//obj/HAL/src/crt0.o
                0x00008180                _start
 .text          0x000081bc      0x1d0 obj/default/hello_world_small.o
                0x000081bc                seven_dis
                0x00008254                update_display
 .text.startup  0x0000838c       0x34 obj/default/hello_world_small.o
                0x0000838c                main
 .text          0x000083c0       0x8c c:/Users/juane/OneDrive/Documentos/QUARTUS/PROJETO_3_PHI/software/pisca_led_bsp/\libhal_bsp.a(alt_iic.o)
                0x000083c0                alt_ic_isr_register
                0x000083c4                alt_ic_irq_enable
                0x000083fc                alt_ic_irq_disable
                0x00008434                alt_ic_irq_enabled
 .text          0x0000844c       0x68 c:/Users/juane/OneDrive/Documentos/QUARTUS/PROJETO_3_PHI/software/pisca_led_bsp/\libhal_bsp.a(alt_iic_isr_register.o)
                0x0000844c                alt_iic_isr_register
 .text          0x000084b4        0x0 c:/Users/juane/OneDrive/Documentos/QUARTUS/PROJETO_3_PHI/software/pisca_led_bsp/\libhal_bsp.a(alt_irq_entry.o)
 .text          0x000084b4        0x0 c:/Users/juane/OneDrive/Documentos/QUARTUS/PROJETO_3_PHI/software/pisca_led_bsp/\libhal_bsp.a(alt_irq_handler.o)
 .text          0x000084b4        0x0 c:/Users/juane/OneDrive/Documentos/QUARTUS/PROJETO_3_PHI/software/pisca_led_bsp/\libhal_bsp.a(alt_irq_vars.o)
 .text          0x000084b4       0x84 c:/Users/juane/OneDrive/Documentos/QUARTUS/PROJETO_3_PHI/software/pisca_led_bsp/\libhal_bsp.a(alt_load.o)
                0x000084b4                alt_load
 .text          0x00008538       0x2c c:/Users/juane/OneDrive/Documentos/QUARTUS/PROJETO_3_PHI/software/pisca_led_bsp/\libhal_bsp.a(alt_main.o)
                0x00008538                alt_main
 .text          0x00008564       0x24 c:/Users/juane/OneDrive/Documentos/QUARTUS/PROJETO_3_PHI/software/pisca_led_bsp/\libhal_bsp.a(alt_sys_init.o)
                0x00008564                alt_irq_init
                0x00008584                alt_sys_init
 .text          0x00008588        0x4 c:/Users/juane/OneDrive/Documentos/QUARTUS/PROJETO_3_PHI/software/pisca_led_bsp/\libhal_bsp.a(alt_dcache_flush_all.o)
                0x00008588                alt_dcache_flush_all
 .text          0x0000858c        0x0 c:/Users/juane/OneDrive/Documentos/QUARTUS/PROJETO_3_PHI/software/pisca_led_bsp/\libhal_bsp.a(alt_exception_entry.o)
 .text          0x0000858c        0x4 c:/Users/juane/OneDrive/Documentos/QUARTUS/PROJETO_3_PHI/software/pisca_led_bsp/\libhal_bsp.a(alt_icache_flush_all.o)
                0x0000858c                alt_icache_flush_all
 .text          0x00008590       0x24 c:/Users/juane/OneDrive/Documentos/QUARTUS/PROJETO_3_PHI/software/pisca_led_bsp/\libhal_bsp.a(alt_instruction_exception_entry.o)
                0x00008590                alt_exception_cause_generated_bad_addr
 .text          0x000085b4        0x8 c:/Users/juane/OneDrive/Documentos/QUARTUS/PROJETO_3_PHI/software/pisca_led_bsp/\libhal_bsp.a(altera_nios2_gen2_irq.o)
                0x000085b4                altera_nios2_gen2_irq_init
 .text          0x000085bc        0x0 c:/intelfpga_lite/23.1std/nios2eds/bin/gnu/h-x86_64-mingw32/bin/../lib/gcc/nios2-elf/12.3.1/../../../../../H-x86_64-mingw32/nios2-elf/lib/mno-hw-mul\libsmallc.a(libc_a-memcpy.o)
 .text.memcpy   0x000085bc       0x28 c:/intelfpga_lite/23.1std/nios2eds/bin/gnu/h-x86_64-mingw32/bin/../lib/gcc/nios2-elf/12.3.1/../../../../../H-x86_64-mingw32/nios2-elf/lib/mno-hw-mul\libsmallc.a(libc_a-memcpy.o)
                0x000085bc                memcpy
 *(.gnu.warning.*)
 *(.fini)
                [!provide]                        PROVIDE (__etext = ABSOLUTE (.))
                [!provide]                        PROVIDE (_etext = ABSOLUTE (.))
                [!provide]                        PROVIDE (etext = ABSOLUTE (.))
 *(.eh_frame_hdr)
                0x000085e4                        . = ALIGN (0x4)
                [!provide]                        PROVIDE (__preinit_array_start = ABSOLUTE (.))
 *(.preinit_array)
                [!provide]                        PROVIDE (__preinit_array_end = ABSOLUTE (.))
                [!provide]                        PROVIDE (__init_array_start = ABSOLUTE (.))
 *(SORT_BY_INIT_PRIORITY(.init_array.*))
 *(.init_array)
                [!provide]                        PROVIDE (__init_array_end = ABSOLUTE (.))
                [!provide]                        PROVIDE (__fini_array_start = ABSOLUTE (.))
 *(.fini_array)
                [!provide]                        PROVIDE (__fini_array_end = ABSOLUTE (.))
 *(.eh_frame)
 *(.gcc_except_table .gcc_except_table.*)
 *(.dynamic)
                [!provide]                        PROVIDE (__CTOR_LIST__ = ABSOLUTE (.))
 *(.ctors)
 *(SORT_BY_NAME(.ctors.*))
                [!provide]                        PROVIDE (__CTOR_END__ = ABSOLUTE (.))
                [!provide]                        PROVIDE (__DTOR_LIST__ = ABSOLUTE (.))
 *(.dtors)
 *(SORT_BY_NAME(.dtors.*))
                [!provide]                        PROVIDE (__DTOR_END__ = ABSOLUTE (.))
 *(.jcr)
                0x000085e4                        . = ALIGN (0x4)

.rodata         0x000085e4        0x0
                0x000085e4                        PROVIDE (__ram_rodata_start = ABSOLUTE (.))
                0x000085e4                        . = ALIGN (0x4)
 *(.rodata .rodata.* .gnu.linkonce.r.*)
 *(.rodata1)
                0x000085e4                        . = ALIGN (0x4)
                0x000085e4                        PROVIDE (__ram_rodata_end = ABSOLUTE (.))
                0x000085e4                        PROVIDE (__flash_rodata_start = LOADADDR (.rodata))

.rwdata         0x000085e4       0x1c load address 0x00008600
                0x000085e4                        PROVIDE (__ram_rwdata_start = ABSOLUTE (.))
                0x000085e4                        . = ALIGN (0x4)
 *(.got.plt)
 *(.got)
 *(.data1)
 *(.data .data.* .gnu.linkonce.d.*)
 .data          0x000085e4        0x0 c:/Users/juane/OneDrive/Documentos/QUARTUS/PROJETO_3_PHI/software/pisca_led_bsp//obj/HAL/src/crt0.o
 .data          0x000085e4        0x0 obj/default/hello_world_small.o
 .data          0x000085e4        0x0 c:/Users/juane/OneDrive/Documentos/QUARTUS/PROJETO_3_PHI/software/pisca_led_bsp/\libhal_bsp.a(alt_iic.o)
 .data          0x000085e4        0x0 c:/Users/juane/OneDrive/Documentos/QUARTUS/PROJETO_3_PHI/software/pisca_led_bsp/\libhal_bsp.a(alt_iic_isr_register.o)
 .data          0x000085e4        0x0 c:/Users/juane/OneDrive/Documentos/QUARTUS/PROJETO_3_PHI/software/pisca_led_bsp/\libhal_bsp.a(alt_irq_entry.o)
 .data          0x000085e4        0x0 c:/Users/juane/OneDrive/Documentos/QUARTUS/PROJETO_3_PHI/software/pisca_led_bsp/\libhal_bsp.a(alt_irq_handler.o)
 .data          0x000085e4        0x0 c:/Users/juane/OneDrive/Documentos/QUARTUS/PROJETO_3_PHI/software/pisca_led_bsp/\libhal_bsp.a(alt_irq_vars.o)
 .data          0x000085e4        0x0 c:/Users/juane/OneDrive/Documentos/QUARTUS/PROJETO_3_PHI/software/pisca_led_bsp/\libhal_bsp.a(alt_load.o)
 .data          0x000085e4        0x0 c:/Users/juane/OneDrive/Documentos/QUARTUS/PROJETO_3_PHI/software/pisca_led_bsp/\libhal_bsp.a(alt_main.o)
 .data          0x000085e4        0x0 c:/Users/juane/OneDrive/Documentos/QUARTUS/PROJETO_3_PHI/software/pisca_led_bsp/\libhal_bsp.a(alt_sys_init.o)
 .data          0x000085e4        0x0 c:/Users/juane/OneDrive/Documentos/QUARTUS/PROJETO_3_PHI/software/pisca_led_bsp/\libhal_bsp.a(alt_dcache_flush_all.o)
 .data          0x000085e4        0x0 c:/Users/juane/OneDrive/Documentos/QUARTUS/PROJETO_3_PHI/software/pisca_led_bsp/\libhal_bsp.a(alt_exception_entry.o)
 .data          0x000085e4        0x0 c:/Users/juane/OneDrive/Documentos/QUARTUS/PROJETO_3_PHI/software/pisca_led_bsp/\libhal_bsp.a(alt_icache_flush_all.o)
 .data          0x000085e4        0x0 c:/Users/juane/OneDrive/Documentos/QUARTUS/PROJETO_3_PHI/software/pisca_led_bsp/\libhal_bsp.a(alt_instruction_exception_entry.o)
 .data          0x000085e4        0x0 c:/Users/juane/OneDrive/Documentos/QUARTUS/PROJETO_3_PHI/software/pisca_led_bsp/\libhal_bsp.a(altera_nios2_gen2_irq.o)
 .data          0x000085e4        0x0 c:/intelfpga_lite/23.1std/nios2eds/bin/gnu/h-x86_64-mingw32/bin/../lib/gcc/nios2-elf/12.3.1/../../../../../H-x86_64-mingw32/nios2-elf/lib/mno-hw-mul\libsmallc.a(libc_a-memcpy.o)
                0x000105e4                        _gp = ABSOLUTE ((. + 0x8000))
                [!provide]                        PROVIDE (gp = _gp)
 *(.rwdata .rwdata.*)
 *(.sdata .sdata.* .gnu.linkonce.s.*)
 .sdata         0x000085e4       0x10 obj/default/hello_world_small.o
                0x000085e4                h3
                0x000085e8                h2
                0x000085ec                h1
                0x000085f0                h0
 .sdata         0x000085f4        0x4 c:/Users/juane/OneDrive/Documentos/QUARTUS/PROJETO_3_PHI/software/pisca_led_bsp/\libhal_bsp.a(alt_irq_vars.o)
                0x000085f4                alt_priority_mask
 .sdata         0x000085f8        0x8 c:/Users/juane/OneDrive/Documentos/QUARTUS/PROJETO_3_PHI/software/pisca_led_bsp/\libhal_bsp.a(alt_sys_init.o)
                0x000085f8                uart_0
                0x000085fc                jtag_uart_0
 *(.sdata2 .sdata2.* .gnu.linkonce.s2.*)
                0x00008600                        . = ALIGN (0x4)
                0x00008600                        _edata = ABSOLUTE (.)
                [!provide]                        PROVIDE (edata = ABSOLUTE (.))
                0x00008600                        PROVIDE (__ram_rwdata_end = ABSOLUTE (.))
                0x00008600                        PROVIDE (__flash_rwdata_start = LOADADDR (.rwdata))

.bss            0x0000861c      0x130
                0x0000861c                        __bss_start = ABSOLUTE (.)
                [!provide]                        PROVIDE (__sbss_start = ABSOLUTE (.))
                [!provide]                        PROVIDE (___sbss_start = ABSOLUTE (.))
 *(.dynsbss)
 *(.sbss .sbss.* .gnu.linkonce.sb.*)
 .sbss          0x0000861c       0x1c obj/default/hello_world_small.o
                0x00008624                m
                0x00008628                c
                0x0000862c                d
                0x00008630                u
                0x00008634                led_state
 .sbss          0x00008638        0x4 c:/Users/juane/OneDrive/Documentos/QUARTUS/PROJETO_3_PHI/software/pisca_led_bsp/\libhal_bsp.a(alt_irq_vars.o)
                0x00008638                alt_irq_active
 .sbss          0x0000863c        0xc c:/Users/juane/OneDrive/Documentos/QUARTUS/PROJETO_3_PHI/software/pisca_led_bsp/\libhal_bsp.a(alt_main.o)
                0x0000863c                alt_envp
                0x00008640                alt_argv
                0x00008644                alt_argc
 .sbss          0x00008648        0x4 c:/Users/juane/OneDrive/Documentos/QUARTUS/PROJETO_3_PHI/software/pisca_led_bsp/\libhal_bsp.a(alt_instruction_exception_entry.o)
                0x00008648                alt_instruction_exception_handler
 *(.sbss2 .sbss2.* .gnu.linkonce.sb2.*)
 *(.scommon)
                [!provide]                        PROVIDE (__sbss_end = ABSOLUTE (.))
                [!provide]                        PROVIDE (___sbss_end = ABSOLUTE (.))
 *(.dynbss)
 *(.bss .bss.* .gnu.linkonce.b.*)
 .bss           0x0000864c        0x0 c:/Users/juane/OneDrive/Documentos/QUARTUS/PROJETO_3_PHI/software/pisca_led_bsp//obj/HAL/src/crt0.o
 .bss           0x0000864c        0x0 obj/default/hello_world_small.o
 .bss           0x0000864c        0x0 c:/Users/juane/OneDrive/Documentos/QUARTUS/PROJETO_3_PHI/software/pisca_led_bsp/\libhal_bsp.a(alt_iic.o)
 .bss           0x0000864c        0x0 c:/Users/juane/OneDrive/Documentos/QUARTUS/PROJETO_3_PHI/software/pisca_led_bsp/\libhal_bsp.a(alt_iic_isr_register.o)
 .bss           0x0000864c        0x0 c:/Users/juane/OneDrive/Documentos/QUARTUS/PROJETO_3_PHI/software/pisca_led_bsp/\libhal_bsp.a(alt_irq_entry.o)
 .bss           0x0000864c      0x100 c:/Users/juane/OneDrive/Documentos/QUARTUS/PROJETO_3_PHI/software/pisca_led_bsp/\libhal_bsp.a(alt_irq_handler.o)
                0x0000864c                alt_irq
 .bss           0x0000874c        0x0 c:/Users/juane/OneDrive/Documentos/QUARTUS/PROJETO_3_PHI/software/pisca_led_bsp/\libhal_bsp.a(alt_irq_vars.o)
 .bss           0x0000874c        0x0 c:/Users/juane/OneDrive/Documentos/QUARTUS/PROJETO_3_PHI/software/pisca_led_bsp/\libhal_bsp.a(alt_load.o)
 .bss           0x0000874c        0x0 c:/Users/juane/OneDrive/Documentos/QUARTUS/PROJETO_3_PHI/software/pisca_led_bsp/\libhal_bsp.a(alt_main.o)
 .bss           0x0000874c        0x0 c:/Users/juane/OneDrive/Documentos/QUARTUS/PROJETO_3_PHI/software/pisca_led_bsp/\libhal_bsp.a(alt_sys_init.o)
 .bss           0x0000874c        0x0 c:/Users/juane/OneDrive/Documentos/QUARTUS/PROJETO_3_PHI/software/pisca_led_bsp/\libhal_bsp.a(alt_dcache_flush_all.o)
 .bss           0x0000874c        0x0 c:/Users/juane/OneDrive/Documentos/QUARTUS/PROJETO_3_PHI/software/pisca_led_bsp/\libhal_bsp.a(alt_exception_entry.o)
 .bss           0x0000874c        0x0 c:/Users/juane/OneDrive/Documentos/QUARTUS/PROJETO_3_PHI/software/pisca_led_bsp/\libhal_bsp.a(alt_icache_flush_all.o)
 .bss           0x0000874c        0x0 c:/Users/juane/OneDrive/Documentos/QUARTUS/PROJETO_3_PHI/software/pisca_led_bsp/\libhal_bsp.a(alt_instruction_exception_entry.o)
 .bss           0x0000874c        0x0 c:/Users/juane/OneDrive/Documentos/QUARTUS/PROJETO_3_PHI/software/pisca_led_bsp/\libhal_bsp.a(altera_nios2_gen2_irq.o)
 .bss           0x0000874c        0x0 c:/intelfpga_lite/23.1std/nios2eds/bin/gnu/h-x86_64-mingw32/bin/../lib/gcc/nios2-elf/12.3.1/../../../../../H-x86_64-mingw32/nios2-elf/lib/mno-hw-mul\libsmallc.a(libc_a-memcpy.o)
 *(COMMON)
                0x0000874c                        . = ALIGN (0x4)
                0x0000874c                        __bss_end = ABSOLUTE (.)

.onchip_memory2_0
                0x0000874c        0x0
                [!provide]                        PROVIDE (_alt_partition_onchip_memory2_0_start = ABSOLUTE (.))
 *(.onchip_memory2_0 .onchip_memory2_0. onchip_memory2_0.*)
                0x0000874c                        . = ALIGN (0x4)
                [!provide]                        PROVIDE (_alt_partition_onchip_memory2_0_end = ABSOLUTE (.))
                0x0000874c                        _end = ABSOLUTE (.)
                0x0000874c                        end = ABSOLUTE (.)
                0x0000874c                        __alt_stack_base = ABSOLUTE (.)
                [!provide]                        PROVIDE (_alt_partition_onchip_memory2_0_load_addr = LOADADDR (.onchip_memory2_0))

.stab
 *(.stab)

.stabstr
 *(.stabstr)

.stab.excl
 *(.stab.excl)

.stab.exclstr
 *(.stab.exclstr)

.stab.index
 *(.stab.index)

.stab.indexstr
 *(.stab.indexstr)

.comment        0x00000000       0x2d
 *(.comment)
 .comment       0x00000000       0x2d obj/default/hello_world_small.o
                                 0x2e (size before relaxing)
 .comment       0x0000002d       0x2e c:/Users/juane/OneDrive/Documentos/QUARTUS/PROJETO_3_PHI/software/pisca_led_bsp/\libhal_bsp.a(alt_iic.o)
 .comment       0x0000002d       0x2e c:/Users/juane/OneDrive/Documentos/QUARTUS/PROJETO_3_PHI/software/pisca_led_bsp/\libhal_bsp.a(alt_iic_isr_register.o)
 .comment       0x0000002d       0x2e c:/Users/juane/OneDrive/Documentos/QUARTUS/PROJETO_3_PHI/software/pisca_led_bsp/\libhal_bsp.a(alt_irq_handler.o)
 .comment       0x0000002d       0x2e c:/Users/juane/OneDrive/Documentos/QUARTUS/PROJETO_3_PHI/software/pisca_led_bsp/\libhal_bsp.a(alt_irq_vars.o)
 .comment       0x0000002d       0x2e c:/Users/juane/OneDrive/Documentos/QUARTUS/PROJETO_3_PHI/software/pisca_led_bsp/\libhal_bsp.a(alt_load.o)
 .comment       0x0000002d       0x2e c:/Users/juane/OneDrive/Documentos/QUARTUS/PROJETO_3_PHI/software/pisca_led_bsp/\libhal_bsp.a(alt_main.o)
 .comment       0x0000002d       0x2e c:/Users/juane/OneDrive/Documentos/QUARTUS/PROJETO_3_PHI/software/pisca_led_bsp/\libhal_bsp.a(alt_sys_init.o)
 .comment       0x0000002d       0x2e c:/Users/juane/OneDrive/Documentos/QUARTUS/PROJETO_3_PHI/software/pisca_led_bsp/\libhal_bsp.a(alt_dcache_flush_all.o)
 .comment       0x0000002d       0x2e c:/Users/juane/OneDrive/Documentos/QUARTUS/PROJETO_3_PHI/software/pisca_led_bsp/\libhal_bsp.a(alt_icache_flush_all.o)
 .comment       0x0000002d       0x2e c:/Users/juane/OneDrive/Documentos/QUARTUS/PROJETO_3_PHI/software/pisca_led_bsp/\libhal_bsp.a(alt_instruction_exception_entry.o)
 .comment       0x0000002d       0x2e c:/Users/juane/OneDrive/Documentos/QUARTUS/PROJETO_3_PHI/software/pisca_led_bsp/\libhal_bsp.a(altera_nios2_gen2_irq.o)
 .comment       0x0000002d       0x2e c:/intelfpga_lite/23.1std/nios2eds/bin/gnu/h-x86_64-mingw32/bin/../lib/gcc/nios2-elf/12.3.1/../../../../../H-x86_64-mingw32/nios2-elf/lib/mno-hw-mul\libsmallc.a(libc_a-memcpy.o)

.debug
 *(.debug)

.line
 *(.line)

.debug_srcinfo
 *(.debug_srcinfo)

.debug_sfnames
 *(.debug_sfnames)

.debug_aranges  0x00000000      0x230
 *(.debug_aranges)
 .debug_aranges
                0x00000000       0x28 c:/Users/juane/OneDrive/Documentos/QUARTUS/PROJETO_3_PHI/software/pisca_led_bsp//obj/HAL/src/crt0.o
 .debug_aranges
                0x00000028       0x28 obj/default/hello_world_small.o
 .debug_aranges
                0x00000050       0x20 c:/Users/juane/OneDrive/Documentos/QUARTUS/PROJETO_3_PHI/software/pisca_led_bsp/\libhal_bsp.a(alt_iic.o)
 .debug_aranges
                0x00000070       0x20 c:/Users/juane/OneDrive/Documentos/QUARTUS/PROJETO_3_PHI/software/pisca_led_bsp/\libhal_bsp.a(alt_iic_isr_register.o)
 .debug_aranges
                0x00000090       0x30 c:/Users/juane/OneDrive/Documentos/QUARTUS/PROJETO_3_PHI/software/pisca_led_bsp/\libhal_bsp.a(alt_irq_entry.o)
 .debug_aranges
                0x000000c0       0x20 c:/Users/juane/OneDrive/Documentos/QUARTUS/PROJETO_3_PHI/software/pisca_led_bsp/\libhal_bsp.a(alt_irq_handler.o)
 .debug_aranges
                0x000000e0       0x18 c:/Users/juane/OneDrive/Documentos/QUARTUS/PROJETO_3_PHI/software/pisca_led_bsp/\libhal_bsp.a(alt_irq_vars.o)
 .debug_aranges
                0x000000f8       0x20 c:/Users/juane/OneDrive/Documentos/QUARTUS/PROJETO_3_PHI/software/pisca_led_bsp/\libhal_bsp.a(alt_load.o)
 .debug_aranges
                0x00000118       0x20 c:/Users/juane/OneDrive/Documentos/QUARTUS/PROJETO_3_PHI/software/pisca_led_bsp/\libhal_bsp.a(alt_main.o)
 .debug_aranges
                0x00000138       0x20 c:/Users/juane/OneDrive/Documentos/QUARTUS/PROJETO_3_PHI/software/pisca_led_bsp/\libhal_bsp.a(alt_sys_init.o)
 .debug_aranges
                0x00000158       0x20 c:/Users/juane/OneDrive/Documentos/QUARTUS/PROJETO_3_PHI/software/pisca_led_bsp/\libhal_bsp.a(alt_dcache_flush_all.o)
 .debug_aranges
                0x00000178       0x30 c:/Users/juane/OneDrive/Documentos/QUARTUS/PROJETO_3_PHI/software/pisca_led_bsp/\libhal_bsp.a(alt_exception_entry.o)
 .debug_aranges
                0x000001a8       0x20 c:/Users/juane/OneDrive/Documentos/QUARTUS/PROJETO_3_PHI/software/pisca_led_bsp/\libhal_bsp.a(alt_icache_flush_all.o)
 .debug_aranges
                0x000001c8       0x28 c:/Users/juane/OneDrive/Documentos/QUARTUS/PROJETO_3_PHI/software/pisca_led_bsp/\libhal_bsp.a(alt_instruction_exception_entry.o)
 .debug_aranges
                0x000001f0       0x20 c:/Users/juane/OneDrive/Documentos/QUARTUS/PROJETO_3_PHI/software/pisca_led_bsp/\libhal_bsp.a(altera_nios2_gen2_irq.o)
 .debug_aranges
                0x00000210       0x20 c:/intelfpga_lite/23.1std/nios2eds/bin/gnu/h-x86_64-mingw32/bin/../lib/gcc/nios2-elf/12.3.1/../../../../../H-x86_64-mingw32/nios2-elf/lib/mno-hw-mul\libsmallc.a(libc_a-memcpy.o)

.debug_pubnames
 *(.debug_pubnames)

.debug_info     0x00000000     0x155d
 *(.debug_info .gnu.linkonce.wi.*)
 .debug_info    0x00000000       0x3f c:/Users/juane/OneDrive/Documentos/QUARTUS/PROJETO_3_PHI/software/pisca_led_bsp//obj/HAL/src/crt0.o
 .debug_info    0x0000003f      0x2cb obj/default/hello_world_small.o
 .debug_info    0x0000030a      0x3d8 c:/Users/juane/OneDrive/Documentos/QUARTUS/PROJETO_3_PHI/software/pisca_led_bsp/\libhal_bsp.a(alt_iic.o)
 .debug_info    0x000006e2      0x27f c:/Users/juane/OneDrive/Documentos/QUARTUS/PROJETO_3_PHI/software/pisca_led_bsp/\libhal_bsp.a(alt_iic_isr_register.o)
 .debug_info    0x00000961       0x22 c:/Users/juane/OneDrive/Documentos/QUARTUS/PROJETO_3_PHI/software/pisca_led_bsp/\libhal_bsp.a(alt_irq_entry.o)
 .debug_info    0x00000983      0x195 c:/Users/juane/OneDrive/Documentos/QUARTUS/PROJETO_3_PHI/software/pisca_led_bsp/\libhal_bsp.a(alt_irq_handler.o)
 .debug_info    0x00000b18       0x88 c:/Users/juane/OneDrive/Documentos/QUARTUS/PROJETO_3_PHI/software/pisca_led_bsp/\libhal_bsp.a(alt_irq_vars.o)
 .debug_info    0x00000ba0      0x239 c:/Users/juane/OneDrive/Documentos/QUARTUS/PROJETO_3_PHI/software/pisca_led_bsp/\libhal_bsp.a(alt_load.o)
 .debug_info    0x00000dd9      0x13e c:/Users/juane/OneDrive/Documentos/QUARTUS/PROJETO_3_PHI/software/pisca_led_bsp/\libhal_bsp.a(alt_main.o)
 .debug_info    0x00000f17      0x154 c:/Users/juane/OneDrive/Documentos/QUARTUS/PROJETO_3_PHI/software/pisca_led_bsp/\libhal_bsp.a(alt_sys_init.o)
 .debug_info    0x0000106b       0x8d c:/Users/juane/OneDrive/Documentos/QUARTUS/PROJETO_3_PHI/software/pisca_led_bsp/\libhal_bsp.a(alt_dcache_flush_all.o)
 .debug_info    0x000010f8       0x22 c:/Users/juane/OneDrive/Documentos/QUARTUS/PROJETO_3_PHI/software/pisca_led_bsp/\libhal_bsp.a(alt_exception_entry.o)
 .debug_info    0x0000111a       0x8d c:/Users/juane/OneDrive/Documentos/QUARTUS/PROJETO_3_PHI/software/pisca_led_bsp/\libhal_bsp.a(alt_icache_flush_all.o)
 .debug_info    0x000011a7      0x208 c:/Users/juane/OneDrive/Documentos/QUARTUS/PROJETO_3_PHI/software/pisca_led_bsp/\libhal_bsp.a(alt_instruction_exception_entry.o)
 .debug_info    0x000013af       0x8d c:/Users/juane/OneDrive/Documentos/QUARTUS/PROJETO_3_PHI/software/pisca_led_bsp/\libhal_bsp.a(altera_nios2_gen2_irq.o)
 .debug_info    0x0000143c      0x121 c:/intelfpga_lite/23.1std/nios2eds/bin/gnu/h-x86_64-mingw32/bin/../lib/gcc/nios2-elf/12.3.1/../../../../../H-x86_64-mingw32/nios2-elf/lib/mno-hw-mul\libsmallc.a(libc_a-memcpy.o)

.debug_abbrev   0x00000000      0xd0c
 *(.debug_abbrev)
 .debug_abbrev  0x00000000       0x1f c:/Users/juane/OneDrive/Documentos/QUARTUS/PROJETO_3_PHI/software/pisca_led_bsp//obj/HAL/src/crt0.o
 .debug_abbrev  0x0000001f      0x1c5 obj/default/hello_world_small.o
 .debug_abbrev  0x000001e4      0x1dd c:/Users/juane/OneDrive/Documentos/QUARTUS/PROJETO_3_PHI/software/pisca_led_bsp/\libhal_bsp.a(alt_iic.o)
 .debug_abbrev  0x000003c1      0x1d9 c:/Users/juane/OneDrive/Documentos/QUARTUS/PROJETO_3_PHI/software/pisca_led_bsp/\libhal_bsp.a(alt_iic_isr_register.o)
 .debug_abbrev  0x0000059a       0x12 c:/Users/juane/OneDrive/Documentos/QUARTUS/PROJETO_3_PHI/software/pisca_led_bsp/\libhal_bsp.a(alt_irq_entry.o)
 .debug_abbrev  0x000005ac      0x147 c:/Users/juane/OneDrive/Documentos/QUARTUS/PROJETO_3_PHI/software/pisca_led_bsp/\libhal_bsp.a(alt_irq_handler.o)
 .debug_abbrev  0x000006f3       0x46 c:/Users/juane/OneDrive/Documentos/QUARTUS/PROJETO_3_PHI/software/pisca_led_bsp/\libhal_bsp.a(alt_irq_vars.o)
 .debug_abbrev  0x00000739      0x12c c:/Users/juane/OneDrive/Documentos/QUARTUS/PROJETO_3_PHI/software/pisca_led_bsp/\libhal_bsp.a(alt_load.o)
 .debug_abbrev  0x00000865       0xeb c:/Users/juane/OneDrive/Documentos/QUARTUS/PROJETO_3_PHI/software/pisca_led_bsp/\libhal_bsp.a(alt_main.o)
 .debug_abbrev  0x00000950      0x10d c:/Users/juane/OneDrive/Documentos/QUARTUS/PROJETO_3_PHI/software/pisca_led_bsp/\libhal_bsp.a(alt_sys_init.o)
 .debug_abbrev  0x00000a5d       0x43 c:/Users/juane/OneDrive/Documentos/QUARTUS/PROJETO_3_PHI/software/pisca_led_bsp/\libhal_bsp.a(alt_dcache_flush_all.o)
 .debug_abbrev  0x00000aa0       0x12 c:/Users/juane/OneDrive/Documentos/QUARTUS/PROJETO_3_PHI/software/pisca_led_bsp/\libhal_bsp.a(alt_exception_entry.o)
 .debug_abbrev  0x00000ab2       0x43 c:/Users/juane/OneDrive/Documentos/QUARTUS/PROJETO_3_PHI/software/pisca_led_bsp/\libhal_bsp.a(alt_icache_flush_all.o)
 .debug_abbrev  0x00000af5      0x113 c:/Users/juane/OneDrive/Documentos/QUARTUS/PROJETO_3_PHI/software/pisca_led_bsp/\libhal_bsp.a(alt_instruction_exception_entry.o)
 .debug_abbrev  0x00000c08       0x43 c:/Users/juane/OneDrive/Documentos/QUARTUS/PROJETO_3_PHI/software/pisca_led_bsp/\libhal_bsp.a(altera_nios2_gen2_irq.o)
 .debug_abbrev  0x00000c4b       0xc1 c:/intelfpga_lite/23.1std/nios2eds/bin/gnu/h-x86_64-mingw32/bin/../lib/gcc/nios2-elf/12.3.1/../../../../../H-x86_64-mingw32/nios2-elf/lib/mno-hw-mul\libsmallc.a(libc_a-memcpy.o)

.debug_line     0x00000000      0xb51
 *(.debug_line)
 .debug_line    0x00000000       0x66 c:/Users/juane/OneDrive/Documentos/QUARTUS/PROJETO_3_PHI/software/pisca_led_bsp//obj/HAL/src/crt0.o
 .debug_line    0x00000066      0x1ff obj/default/hello_world_small.o
 .debug_line    0x00000265      0x152 c:/Users/juane/OneDrive/Documentos/QUARTUS/PROJETO_3_PHI/software/pisca_led_bsp/\libhal_bsp.a(alt_iic.o)
 .debug_line    0x000003b7      0x115 c:/Users/juane/OneDrive/Documentos/QUARTUS/PROJETO_3_PHI/software/pisca_led_bsp/\libhal_bsp.a(alt_iic_isr_register.o)
 .debug_line    0x000004cc       0x6b c:/Users/juane/OneDrive/Documentos/QUARTUS/PROJETO_3_PHI/software/pisca_led_bsp/\libhal_bsp.a(alt_irq_entry.o)
 .debug_line    0x00000537       0xf9 c:/Users/juane/OneDrive/Documentos/QUARTUS/PROJETO_3_PHI/software/pisca_led_bsp/\libhal_bsp.a(alt_irq_handler.o)
 .debug_line    0x00000630       0x43 c:/Users/juane/OneDrive/Documentos/QUARTUS/PROJETO_3_PHI/software/pisca_led_bsp/\libhal_bsp.a(alt_irq_vars.o)
 .debug_line    0x00000673       0xd2 c:/Users/juane/OneDrive/Documentos/QUARTUS/PROJETO_3_PHI/software/pisca_led_bsp/\libhal_bsp.a(alt_load.o)
 .debug_line    0x00000745       0xa2 c:/Users/juane/OneDrive/Documentos/QUARTUS/PROJETO_3_PHI/software/pisca_led_bsp/\libhal_bsp.a(alt_main.o)
 .debug_line    0x000007e7       0xa3 c:/Users/juane/OneDrive/Documentos/QUARTUS/PROJETO_3_PHI/software/pisca_led_bsp/\libhal_bsp.a(alt_sys_init.o)
 .debug_line    0x0000088a       0x4e c:/Users/juane/OneDrive/Documentos/QUARTUS/PROJETO_3_PHI/software/pisca_led_bsp/\libhal_bsp.a(alt_dcache_flush_all.o)
 .debug_line    0x000008d8       0x9d c:/Users/juane/OneDrive/Documentos/QUARTUS/PROJETO_3_PHI/software/pisca_led_bsp/\libhal_bsp.a(alt_exception_entry.o)
 .debug_line    0x00000975       0x4c c:/Users/juane/OneDrive/Documentos/QUARTUS/PROJETO_3_PHI/software/pisca_led_bsp/\libhal_bsp.a(alt_icache_flush_all.o)
 .debug_line    0x000009c1       0xb0 c:/Users/juane/OneDrive/Documentos/QUARTUS/PROJETO_3_PHI/software/pisca_led_bsp/\libhal_bsp.a(alt_instruction_exception_entry.o)
 .debug_line    0x00000a71       0x54 c:/Users/juane/OneDrive/Documentos/QUARTUS/PROJETO_3_PHI/software/pisca_led_bsp/\libhal_bsp.a(altera_nios2_gen2_irq.o)
 .debug_line    0x00000ac5       0x8c c:/intelfpga_lite/23.1std/nios2eds/bin/gnu/h-x86_64-mingw32/bin/../lib/gcc/nios2-elf/12.3.1/../../../../../H-x86_64-mingw32/nios2-elf/lib/mno-hw-mul\libsmallc.a(libc_a-memcpy.o)

.debug_frame    0x00000000      0x274
 *(.debug_frame)
 .debug_frame   0x00000000       0x74 obj/default/hello_world_small.o
 .debug_frame   0x00000074       0x50 c:/Users/juane/OneDrive/Documentos/QUARTUS/PROJETO_3_PHI/software/pisca_led_bsp/\libhal_bsp.a(alt_iic.o)
 .debug_frame   0x000000c4       0x38 c:/Users/juane/OneDrive/Documentos/QUARTUS/PROJETO_3_PHI/software/pisca_led_bsp/\libhal_bsp.a(alt_iic_isr_register.o)
 .debug_frame   0x000000fc       0x34 c:/Users/juane/OneDrive/Documentos/QUARTUS/PROJETO_3_PHI/software/pisca_led_bsp/\libhal_bsp.a(alt_irq_handler.o)
 .debug_frame   0x00000130       0x2c c:/Users/juane/OneDrive/Documentos/QUARTUS/PROJETO_3_PHI/software/pisca_led_bsp/\libhal_bsp.a(alt_load.o)
 .debug_frame   0x0000015c       0x2c c:/Users/juane/OneDrive/Documentos/QUARTUS/PROJETO_3_PHI/software/pisca_led_bsp/\libhal_bsp.a(alt_main.o)
 .debug_frame   0x00000188       0x3c c:/Users/juane/OneDrive/Documentos/QUARTUS/PROJETO_3_PHI/software/pisca_led_bsp/\libhal_bsp.a(alt_sys_init.o)
 .debug_frame   0x000001c4       0x20 c:/Users/juane/OneDrive/Documentos/QUARTUS/PROJETO_3_PHI/software/pisca_led_bsp/\libhal_bsp.a(alt_dcache_flush_all.o)
 .debug_frame   0x000001e4       0x20 c:/Users/juane/OneDrive/Documentos/QUARTUS/PROJETO_3_PHI/software/pisca_led_bsp/\libhal_bsp.a(alt_icache_flush_all.o)
 .debug_frame   0x00000204       0x30 c:/Users/juane/OneDrive/Documentos/QUARTUS/PROJETO_3_PHI/software/pisca_led_bsp/\libhal_bsp.a(alt_instruction_exception_entry.o)
 .debug_frame   0x00000234       0x20 c:/Users/juane/OneDrive/Documentos/QUARTUS/PROJETO_3_PHI/software/pisca_led_bsp/\libhal_bsp.a(altera_nios2_gen2_irq.o)
 .debug_frame   0x00000254       0x20 c:/intelfpga_lite/23.1std/nios2eds/bin/gnu/h-x86_64-mingw32/bin/../lib/gcc/nios2-elf/12.3.1/../../../../../H-x86_64-mingw32/nios2-elf/lib/mno-hw-mul\libsmallc.a(libc_a-memcpy.o)

.debug_str      0x00000000      0xa09
 *(.debug_str)
 .debug_str     0x00000000       0x76 c:/Users/juane/OneDrive/Documentos/QUARTUS/PROJETO_3_PHI/software/pisca_led_bsp//obj/HAL/src/crt0.o
                                 0x7d (size before relaxing)
 .debug_str     0x00000076      0x143 obj/default/hello_world_small.o
                                0x189 (size before relaxing)
 .debug_str     0x000001b9       0xd1 c:/Users/juane/OneDrive/Documentos/QUARTUS/PROJETO_3_PHI/software/pisca_led_bsp/\libhal_bsp.a(alt_iic.o)
                                0x1f6 (size before relaxing)
 .debug_str     0x0000028a       0x18 c:/Users/juane/OneDrive/Documentos/QUARTUS/PROJETO_3_PHI/software/pisca_led_bsp/\libhal_bsp.a(alt_iic_isr_register.o)
                                0x1b5 (size before relaxing)
 .debug_str     0x000002a2       0x18 c:/Users/juane/OneDrive/Documentos/QUARTUS/PROJETO_3_PHI/software/pisca_led_bsp/\libhal_bsp.a(alt_irq_entry.o)
                                 0x77 (size before relaxing)
 .debug_str     0x000002ba       0x20 c:/Users/juane/OneDrive/Documentos/QUARTUS/PROJETO_3_PHI/software/pisca_led_bsp/\libhal_bsp.a(alt_irq_handler.o)
                                0x144 (size before relaxing)
 .debug_str     0x000002da       0x12 c:/Users/juane/OneDrive/Documentos/QUARTUS/PROJETO_3_PHI/software/pisca_led_bsp/\libhal_bsp.a(alt_irq_vars.o)
                                 0xf3 (size before relaxing)
 .debug_str     0x000002ec      0x111 c:/Users/juane/OneDrive/Documentos/QUARTUS/PROJETO_3_PHI/software/pisca_led_bsp/\libhal_bsp.a(alt_load.o)
                                0x208 (size before relaxing)
 .debug_str     0x000003fd       0x4b c:/Users/juane/OneDrive/Documentos/QUARTUS/PROJETO_3_PHI/software/pisca_led_bsp/\libhal_bsp.a(alt_main.o)
                                0x138 (size before relaxing)
 .debug_str     0x00000448       0xbc c:/Users/juane/OneDrive/Documentos/QUARTUS/PROJETO_3_PHI/software/pisca_led_bsp/\libhal_bsp.a(alt_sys_init.o)
                                0x1c5 (size before relaxing)
 .debug_str     0x00000504       0xfd c:/Users/juane/OneDrive/Documentos/QUARTUS/PROJETO_3_PHI/software/pisca_led_bsp/\libhal_bsp.a(alt_dcache_flush_all.o)
 .debug_str     0x00000504       0x1e c:/Users/juane/OneDrive/Documentos/QUARTUS/PROJETO_3_PHI/software/pisca_led_bsp/\libhal_bsp.a(alt_exception_entry.o)
                                 0x7d (size before relaxing)
 .debug_str     0x00000522       0xfd c:/Users/juane/OneDrive/Documentos/QUARTUS/PROJETO_3_PHI/software/pisca_led_bsp/\libhal_bsp.a(alt_icache_flush_all.o)
 .debug_str     0x00000522      0x461 c:/Users/juane/OneDrive/Documentos/QUARTUS/PROJETO_3_PHI/software/pisca_led_bsp/\libhal_bsp.a(alt_instruction_exception_entry.o)
                                0x546 (size before relaxing)
 .debug_str     0x00000983      0x103 c:/Users/juane/OneDrive/Documentos/QUARTUS/PROJETO_3_PHI/software/pisca_led_bsp/\libhal_bsp.a(altera_nios2_gen2_irq.o)
 .debug_str     0x00000983       0x86 c:/intelfpga_lite/23.1std/nios2eds/bin/gnu/h-x86_64-mingw32/bin/../lib/gcc/nios2-elf/12.3.1/../../../../../H-x86_64-mingw32/nios2-elf/lib/mno-hw-mul\libsmallc.a(libc_a-memcpy.o)
                                0x122 (size before relaxing)

.debug_loc
 *(.debug_loc)

.debug_macinfo
 *(.debug_macinfo)

.debug_weaknames
 *(.debug_weaknames)

.debug_funcnames
 *(.debug_funcnames)

.debug_typenames
 *(.debug_typenames)

.debug_varnames
 *(.debug_varnames)

.debug_alt_sim_info
                0x00000000       0x10
 *(.debug_alt_sim_info)
 .debug_alt_sim_info
                0x00000000       0x10 c:/Users/juane/OneDrive/Documentos/QUARTUS/PROJETO_3_PHI/software/pisca_led_bsp//obj/HAL/src/crt0.o
                0x0000ce20                        __alt_data_end = 0xce20
                0x0000ce20                        PROVIDE (__alt_stack_pointer = __alt_data_end)
                [!provide]                        PROVIDE (__alt_stack_limit = __alt_stack_base)
                [!provide]                        PROVIDE (__alt_heap_start = end)
                [!provide]                        PROVIDE (__alt_heap_limit = 0xce20)
OUTPUT(pisca_led.elf elf32-littlenios2)
LOAD linker stubs

.debug_ranges   0x00000000       0x70
 .debug_ranges  0x00000000       0x20 c:/Users/juane/OneDrive/Documentos/QUARTUS/PROJETO_3_PHI/software/pisca_led_bsp//obj/HAL/src/crt0.o
 .debug_ranges  0x00000020       0x28 c:/Users/juane/OneDrive/Documentos/QUARTUS/PROJETO_3_PHI/software/pisca_led_bsp/\libhal_bsp.a(alt_irq_entry.o)
 .debug_ranges  0x00000048       0x28 c:/Users/juane/OneDrive/Documentos/QUARTUS/PROJETO_3_PHI/software/pisca_led_bsp/\libhal_bsp.a(alt_exception_entry.o)

.debug_loclists
                0x00000000      0x427
 .debug_loclists
                0x00000000       0x5f obj/default/hello_world_small.o
 .debug_loclists
                0x0000005f       0xf9 c:/Users/juane/OneDrive/Documentos/QUARTUS/PROJETO_3_PHI/software/pisca_led_bsp/\libhal_bsp.a(alt_iic.o)
 .debug_loclists
                0x00000158      0x130 c:/Users/juane/OneDrive/Documentos/QUARTUS/PROJETO_3_PHI/software/pisca_led_bsp/\libhal_bsp.a(alt_iic_isr_register.o)
 .debug_loclists
                0x00000288       0x6e c:/Users/juane/OneDrive/Documentos/QUARTUS/PROJETO_3_PHI/software/pisca_led_bsp/\libhal_bsp.a(alt_irq_handler.o)
 .debug_loclists
                0x000002f6       0x1e c:/Users/juane/OneDrive/Documentos/QUARTUS/PROJETO_3_PHI/software/pisca_led_bsp/\libhal_bsp.a(alt_sys_init.o)
 .debug_loclists
                0x00000314       0x47 c:/Users/juane/OneDrive/Documentos/QUARTUS/PROJETO_3_PHI/software/pisca_led_bsp/\libhal_bsp.a(alt_instruction_exception_entry.o)
 .debug_loclists
                0x0000035b       0xcc c:/intelfpga_lite/23.1std/nios2eds/bin/gnu/h-x86_64-mingw32/bin/../lib/gcc/nios2-elf/12.3.1/../../../../../H-x86_64-mingw32/nios2-elf/lib/mno-hw-mul\libsmallc.a(libc_a-memcpy.o)

.debug_rnglists
                0x00000000       0xa8
 .debug_rnglists
                0x00000000       0x27 obj/default/hello_world_small.o
 .debug_rnglists
                0x00000027       0x13 c:/Users/juane/OneDrive/Documentos/QUARTUS/PROJETO_3_PHI/software/pisca_led_bsp/\libhal_bsp.a(alt_iic_isr_register.o)
 .debug_rnglists
                0x0000003a       0x1f c:/Users/juane/OneDrive/Documentos/QUARTUS/PROJETO_3_PHI/software/pisca_led_bsp/\libhal_bsp.a(alt_irq_handler.o)
 .debug_rnglists
                0x00000059       0x23 c:/Users/juane/OneDrive/Documentos/QUARTUS/PROJETO_3_PHI/software/pisca_led_bsp/\libhal_bsp.a(alt_load.o)
 .debug_rnglists
                0x0000007c       0x19 c:/Users/juane/OneDrive/Documentos/QUARTUS/PROJETO_3_PHI/software/pisca_led_bsp/\libhal_bsp.a(alt_instruction_exception_entry.o)
 .debug_rnglists
                0x00000095       0x13 c:/intelfpga_lite/23.1std/nios2eds/bin/gnu/h-x86_64-mingw32/bin/../lib/gcc/nios2-elf/12.3.1/../../../../../H-x86_64-mingw32/nios2-elf/lib/mno-hw-mul\libsmallc.a(libc_a-memcpy.o)

.debug_line_str
                0x00000000      0x56b
 .debug_line_str
                0x00000000      0x12a obj/default/hello_world_small.o
                                0x19e (size before relaxing)
 .debug_line_str
                0x0000012a       0xb9 c:/Users/juane/OneDrive/Documentos/QUARTUS/PROJETO_3_PHI/software/pisca_led_bsp/\libhal_bsp.a(alt_iic.o)
                                0x133 (size before relaxing)
 .debug_line_str
                0x000001e3       0x2f c:/Users/juane/OneDrive/Documentos/QUARTUS/PROJETO_3_PHI/software/pisca_led_bsp/\libhal_bsp.a(alt_iic_isr_register.o)
                                0x142 (size before relaxing)
 .debug_line_str
                0x00000212       0x1a c:/Users/juane/OneDrive/Documentos/QUARTUS/PROJETO_3_PHI/software/pisca_led_bsp/\libhal_bsp.a(alt_irq_handler.o)
                                0x114 (size before relaxing)
 .debug_line_str
                0x0000022c       0x17 c:/Users/juane/OneDrive/Documentos/QUARTUS/PROJETO_3_PHI/software/pisca_led_bsp/\libhal_bsp.a(alt_irq_vars.o)
                                 0xf3 (size before relaxing)
 .debug_line_str
                0x00000243       0x35 c:/Users/juane/OneDrive/Documentos/QUARTUS/PROJETO_3_PHI/software/pisca_led_bsp/\libhal_bsp.a(alt_load.o)
                                0x117 (size before relaxing)
 .debug_line_str
                0x00000278       0x31 c:/Users/juane/OneDrive/Documentos/QUARTUS/PROJETO_3_PHI/software/pisca_led_bsp/\libhal_bsp.a(alt_main.o)
                                0x116 (size before relaxing)
 .debug_line_str
                0x000002a9       0x64 c:/Users/juane/OneDrive/Documentos/QUARTUS/PROJETO_3_PHI/software/pisca_led_bsp/\libhal_bsp.a(alt_sys_init.o)
                                0x144 (size before relaxing)
 .debug_line_str
                0x0000030d       0x1f c:/Users/juane/OneDrive/Documentos/QUARTUS/PROJETO_3_PHI/software/pisca_led_bsp/\libhal_bsp.a(alt_dcache_flush_all.o)
                                 0xf5 (size before relaxing)
 .debug_line_str
                0x0000032c       0x1f c:/Users/juane/OneDrive/Documentos/QUARTUS/PROJETO_3_PHI/software/pisca_led_bsp/\libhal_bsp.a(alt_icache_flush_all.o)
                                 0xf5 (size before relaxing)
 .debug_line_str
                0x0000034b       0x3b c:/Users/juane/OneDrive/Documentos/QUARTUS/PROJETO_3_PHI/software/pisca_led_bsp/\libhal_bsp.a(alt_instruction_exception_entry.o)
                                0x14b (size before relaxing)
 .debug_line_str
                0x00000386       0x20 c:/Users/juane/OneDrive/Documentos/QUARTUS/PROJETO_3_PHI/software/pisca_led_bsp/\libhal_bsp.a(altera_nios2_gen2_irq.o)
                                 0xf8 (size before relaxing)
 .debug_line_str
                0x000003a6      0x1c5 c:/intelfpga_lite/23.1std/nios2eds/bin/gnu/h-x86_64-mingw32/bin/../lib/gcc/nios2-elf/12.3.1/../../../../../H-x86_64-mingw32/nios2-elf/lib/mno-hw-mul\libsmallc.a(libc_a-memcpy.o)
                                0x259 (size before relaxing)
